Last login: Thu Jun  8 12:11:23 on ttys000
SriramRanganathan ~ $ mongo
MongoDB shell version v3.4.4
connecting to: mongodb://127.0.0.1:27017
MongoDB server version: 3.4.4
Server has startup warnings: 
2017-06-07T16:46:05.333-0500 I CONTROL  [initandlisten] 
2017-06-07T16:46:05.333-0500 I CONTROL  [initandlisten] ** WARNING: Access control is not enabled for the database.
2017-06-07T16:46:05.333-0500 I CONTROL  [initandlisten] **          Read and write access to data and configuration is unrestricted.
2017-06-07T16:46:05.333-0500 I CONTROL  [initandlisten] 
2017-06-07T16:46:05.333-0500 I CONTROL  [initandlisten] 
2017-06-07T16:46:05.334-0500 I CONTROL  [initandlisten] ** WARNING: soft rlimits too low. Number of files is 256, should be at least 1000
> show dbs
blog      0.078GB
local     0.078GB
m101      0.078GB
students  0.078GB
test      0.078GB
video     0.078GB
> use video
switched to db video
> show collections
movies
system.indexes
> show movies.find().pretty()
2017-06-08T12:13:14.674-0500 E QUERY    [thread1] Error: don't know how to show [movies.find().pretty()] :
shellHelper.show@src/mongo/shell/utils.js:906:11
shellHelper@src/mongo/shell/utils.js:659:15
@(shellhelp2):1:1
> db.movies.find().pretty()
{
	"_id" : ObjectId("59386c3a29c9c1fef2700740"),
	"title" : "Jab We Met",
	"year" : 2010
}
{
	"_id" : ObjectId("59386c5129c9c1fef2700741"),
	"title" : "Jaws",
	"year" : 1975,
	"imdb" : "tt0073195"
}
{
	"_id" : ObjectId("59386d3b29c9c1fef2700742"),
	"title" : "Bajirao Mastani",
	"year" : 2015
}
{
	"_id" : ObjectId("59386d5a29c9c1fef2700743"),
	"title" : "Baahubali2",
	"year" : 2017
}
{
	"_id" : ObjectId("59387496b05282fb643e2a8d"),
	"title" : "English Vinglish",
	"year" : 2013
}
{
	"_id" : ObjectId("593874b8b05282fb643e2a8e"),
	"title" : "Hindi Medium",
	"year" : 2017
}
> show collections
movies
system.indexes
> use test
switched to db test
> show collections
names
system.indexes
users
> show dbs
blog      0.078GB
local     0.078GB
m101      0.078GB
students  0.078GB
test      0.078GB
video     0.078GB
> use video
switched to db video
> show dbs
blog      0.078GB
local     0.078GB
m101      0.078GB
students  0.078GB
test      0.078GB
video     0.078GB
> show collections
movies
system.indexes
> use local
switched to db local
> show collections
startup_log
system.indexes
> use m1010
switched to db m1010
> use m101
switched to db m101
> show collections
funnynumbers
hw1
system.indexes
> use blog
switched to db blog
> show collections
sessions
system.indexes
users
> use students
switched to db students
> show collections
grades
system.indexes
> db.grades.find().pretty(0
... 
... 
> db.grades.find().pretty()
{
	"_id" : ObjectId("50906d7fa3c412bb040eb577"),
	"student_id" : 0,
	"type" : "exam",
	"score" : 54.6535436362647
}
{
	"_id" : ObjectId("50906d7fa3c412bb040eb578"),
	"student_id" : 0,
	"type" : "quiz",
	"score" : 31.95004496742112
}
{
	"_id" : ObjectId("50906d7fa3c412bb040eb57b"),
	"student_id" : 1,
	"type" : "exam",
	"score" : 74.20010837299897
}
{
	"_id" : ObjectId("50906d7fa3c412bb040eb57c"),
	"student_id" : 1,
	"type" : "quiz",
	"score" : 96.76851542258362
}
{
	"_id" : ObjectId("50906d7fa3c412bb040eb57e"),
	"student_id" : 1,
	"type" : "homework",
	"score" : 44.31667452616328
}
{
	"_id" : ObjectId("50906d7fa3c412bb040eb580"),
	"student_id" : 2,
	"type" : "quiz",
	"score" : 1.528220212203968
}
{
	"_id" : ObjectId("50906d7fa3c412bb040eb57a"),
	"student_id" : 0,
	"type" : "homework",
	"score" : 63.98402553675503
}
{
	"_id" : ObjectId("50906d7fa3c412bb040eb57f"),
	"student_id" : 2,
	"type" : "exam",
	"score" : 19.88180838833524
}
{
	"_id" : ObjectId("50906d7fa3c412bb040eb582"),
	"student_id" : 2,
	"type" : "homework",
	"score" : 97.75889721343528
}
{
	"_id" : ObjectId("50906d7fa3c412bb040eb583"),
	"student_id" : 3,
	"type" : "exam",
	"score" : 92.6244233936537
}
{
	"_id" : ObjectId("50906d7fa3c412bb040eb584"),
	"student_id" : 3,
	"type" : "quiz",
	"score" : 82.59760859306996
}
{
	"_id" : ObjectId("50906d7fa3c412bb040eb586"),
	"student_id" : 3,
	"type" : "homework",
	"score" : 92.71871597581605
}
{
	"_id" : ObjectId("50906d7fa3c412bb040eb587"),
	"student_id" : 4,
	"type" : "exam",
	"score" : 87.89071881934647
}
{
	"_id" : ObjectId("50906d7fa3c412bb040eb588"),
	"student_id" : 4,
	"type" : "quiz",
	"score" : 27.29006335059361
}
{
	"_id" : ObjectId("50906d7fa3c412bb040eb58a"),
	"student_id" : 4,
	"type" : "homework",
	"score" : 28.656451042441
}
{
	"_id" : ObjectId("50906d7fa3c412bb040eb58b"),
	"student_id" : 5,
	"type" : "exam",
	"score" : 49.41260067227861
}
{
	"_id" : ObjectId("50906d7fa3c412bb040eb58c"),
	"student_id" : 5,
	"type" : "quiz",
	"score" : 24.88157329048566
}
{
	"_id" : ObjectId("50906d7fa3c412bb040eb58e"),
	"student_id" : 5,
	"type" : "homework",
	"score" : 41.21853026961924
}
{
	"_id" : ObjectId("50906d7fa3c412bb040eb58f"),
	"student_id" : 6,
	"type" : "exam",
	"score" : 97.56302189646776
}
{
	"_id" : ObjectId("50906d7fa3c412bb040eb590"),
	"student_id" : 6,
	"type" : "quiz",
	"score" : 28.69388067325539
}
Type "it" for more
> use video
switched to db video
> show collections
movies
system.indexes
> show movies.find().pretty()
2017-06-08T12:19:21.966-0500 E QUERY    [thread1] Error: don't know how to show [movies.find().pretty()] :
shellHelper.show@src/mongo/shell/utils.js:906:11
shellHelper@src/mongo/shell/utils.js:659:15
@(shellhelp2):1:1
> db.movies.find().pretty()
{
	"_id" : ObjectId("59386c3a29c9c1fef2700740"),
	"title" : "Jab We Met",
	"year" : 2010
}
{
	"_id" : ObjectId("59386c5129c9c1fef2700741"),
	"title" : "Jaws",
	"year" : 1975,
	"imdb" : "tt0073195"
}
{
	"_id" : ObjectId("59386d3b29c9c1fef2700742"),
	"title" : "Bajirao Mastani",
	"year" : 2015
}
{
	"_id" : ObjectId("59386d5a29c9c1fef2700743"),
	"title" : "Baahubali2",
	"year" : 2017
}
{
	"_id" : ObjectId("59387496b05282fb643e2a8d"),
	"title" : "English Vinglish",
	"year" : 2013
}
{
	"_id" : ObjectId("593874b8b05282fb643e2a8e"),
	"title" : "Hindi Medium",
	"year" : 2017
}
> use test
switched to db test
> show collections
names
system.indexes
users
> use video
switched to db video
> db.movies.find().pretty()
{
	"_id" : ObjectId("59386c3a29c9c1fef2700740"),
	"title" : "Jab We Met",
	"year" : 2010
}
{
	"_id" : ObjectId("59386c5129c9c1fef2700741"),
	"title" : "Jaws",
	"year" : 1975,
	"imdb" : "tt0073195"
}
{
	"_id" : ObjectId("59386d3b29c9c1fef2700742"),
	"title" : "Bajirao Mastani",
	"year" : 2015
}
{
	"_id" : ObjectId("59386d5a29c9c1fef2700743"),
	"title" : "Baahubali2",
	"year" : 2017
}
{
	"_id" : ObjectId("59387496b05282fb643e2a8d"),
	"title" : "English Vinglish",
	"year" : 2013
}
{
	"_id" : ObjectId("593874b8b05282fb643e2a8e"),
	"title" : "Hindi Medium",
	"year" : 2017
}
> db.movieDetails.find({rated:"PG-13"})
> db.movieDetails.find({"year": 2017})
> db.movies.find({"year": 2017})
{ "_id" : ObjectId("59386d5a29c9c1fef2700743"), "title" : "Baahubali2", "year" : 2017 }
{ "_id" : ObjectId("593874b8b05282fb643e2a8e"), "title" : "Hindi Medium", "year" : 2017 }
> db.movies.find({"year": 2017}).count()
2
> show dbs
blog      0.078GB
local     0.078GB
m101      0.078GB
students  0.078GB
test      0.078GB
video     0.078GB
> use test
switched to db test
> show collections
names
system.indexes
users
> use video
switched to db video
> show collections
movieDetails
movies
moviesScratch
reviews
system.indexes
> db.moviesScratch.insertOne({"title":"Rocky", "year":"1976", "imdb":"tt0075148 db.moviesScratch.insertOne({"title":"Rocky", "year":"1976", "imdb":"tt0075148"db.moviesScratch.insertOne({"title":"Rocky", "year":"1976", "imdb":"tt0075148"});
{
	"acknowledged" : true,
	"insertedId" : ObjectId("5939892fb4bc8ca29c43a37d")
}
> db.moviesScratch.find().pretty()
{
	"_id" : "tt0084726",
	"title" : "Star Trek II: The Wrath of Khan",
	"year" : 1982,
	"type" : "movie"
}
{
	"_id" : "tt0117731",
	"title" : "Star Trek: First Contact",
	"year" : 1996,
	"type" : "movie"
}
{
	"_id" : "tt0796366",
	"title" : "Star Trek",
	"year" : 2009,
	"type" : "movie"
}
{
	"_id" : "tt1408101",
	"title" : "Star Trek Into Darkness",
	"year" : 2013,
	"type" : "movie"
}
{
	"_id" : ObjectId("56945e5ebcb8793f83332495"),
	"imdb" : "tt0084726",
	"title" : "Star Trek II: The Wrath of Khan",
	"year" : 1982,
	"type" : "movie"
}
{
	"_id" : ObjectId("56945e5ebcb8793f83332496"),
	"imdb" : "tt0796366",
	"title" : "Star Trek",
	"year" : 2009,
	"type" : "movie"
}
{
	"_id" : ObjectId("56945e5ebcb8793f83332497"),
	"imdb" : "tt1408101",
	"title" : "Star Trek Into Darkness",
	"year" : 2013,
	"type" : "movie"
}
{
	"_id" : ObjectId("56945e5ebcb8793f83332498"),
	"imdb" : "tt0117731",
	"title" : "Star Trek: First Contact",
	"year" : 1996,
	"type" : "movie"
}
{
	"_id" : ObjectId("5939892fb4bc8ca29c43a37d"),
	"title" : "Rocky",
	"year" : "1976",
	"imdb" : "tt0075148"
}
> db.movieDetails.find()
{ "_id" : ObjectId("569190ca24de1e0ce2dfcd4f"), "title" : "Once Upon a Time in the West", "year" : 1968, "rated" : "PG-13", "released" : ISODate("1968-12-21T05:00:00Z"), "runtime" : 175, "countries" : [ "Italy", "USA", "Spain" ], "genres" : [ "Western" ], "director" : "Sergio Leone", "writers" : [ "Sergio Donati", "Sergio Leone", "Dario Argento", "Bernardo Bertolucci", "Sergio Leone" ], "actors" : [ "Claudia Cardinale", "Henry Fonda", "Jason Robards", "Charles Bronson" ], "plot" : "Epic story of a mysterious stranger with a harmonica who joins forces with a notorious desperado to protect a beautiful widow from a ruthless assassin working for the railroad.", "poster" : "http://ia.media-imdb.com/images/M/MV5BMTEyODQzNDkzNjVeQTJeQWpwZ15BbWU4MDgyODk1NDEx._V1_SX300.jpg", "imdb" : { "id" : "tt0064116", "rating" : 8.6, "votes" : 201283 }, "tomato" : { "meter" : 98, "image" : "certified", "rating" : 9, "reviews" : 54, "fresh" : 53, "consensus" : "A landmark Sergio Leone spaghetti western masterpiece featuring a classic Morricone score.", "userMeter" : 95, "userRating" : 4.3, "userReviews" : 64006 }, "metacritic" : 80, "awards" : { "wins" : 4, "nominations" : 5, "text" : "4 wins & 5 nominations." }, "type" : "movie" }
{ "_id" : ObjectId("569190cb24de1e0ce2dfcd50"), "title" : "A Million Ways to Die in the West", "year" : 2014, "rated" : "R", "released" : ISODate("2014-05-30T04:00:00Z"), "runtime" : 116, "countries" : [ "USA" ], "genres" : [ "Comedy", "Western" ], "director" : "Seth MacFarlane", "writers" : [ "Seth MacFarlane", "Alec Sulkin", "Wellesley Wild" ], "actors" : [ "Seth MacFarlane", "Charlize Theron", "Amanda Seyfried", "Liam Neeson" ], "plot" : "As a cowardly farmer begins to fall for the mysterious new woman in town, he must put his new-found courage to the test when her husband, a notorious gun-slinger, announces his arrival.", "poster" : "http://ia.media-imdb.com/images/M/MV5BMTQ0NDcyNjg0MV5BMl5BanBnXkFtZTgwMzk4NTA4MTE@._V1_SX300.jpg", "imdb" : { "id" : "tt2557490", "rating" : 6.1, "votes" : 126592 }, "tomato" : { "meter" : 33, "image" : "rotten", "rating" : 4.9, "reviews" : 188, "fresh" : 62, "consensus" : "While it offers a few laughs and boasts a talented cast, Seth MacFarlane's overlong, aimless A Million Ways to Die in the West is a disappointingly scattershot affair.", "userMeter" : 40, "userRating" : 3, "userReviews" : 62945 }, "metacritic" : 44, "awards" : { "wins" : 0, "nominations" : 6, "text" : "6 nominations." }, "type" : "movie" }
{ "_id" : ObjectId("569190cb24de1e0ce2dfcd51"), "title" : "Wild Wild West", "year" : 1999, "rated" : "PG-13", "released" : ISODate("1999-06-30T04:00:00Z"), "runtime" : 106, "countries" : [ "USA" ], "genres" : [ "Action", "Western", "Comedy" ], "director" : "Barry Sonnenfeld", "writers" : [ "Jim Thomas", "John Thomas", "S.S. Wilson", "Brent Maddock", "Jeffrey Price", "Peter S. Seaman" ], "actors" : [ "Will Smith", "Kevin Kline", "Kenneth Branagh", "Salma Hayek" ], "plot" : "The two best hired guns in the West must save President Grant from the clutches of a nineteenth-century inventor-villain.", "poster" : "http://ia.media-imdb.com/images/M/MV5BNDI5NDk5MjgxMl5BMl5BanBnXkFtZTcwNjI1MTUyMQ@@._V1_SX300.jpg", "imdb" : { "id" : "tt0120891", "rating" : 4.8, "votes" : 124558 }, "tomato" : { "meter" : 17, "image" : "rotten", "rating" : 4.1, "reviews" : 130, "fresh" : 22, "consensus" : "Bombastic, manic, and largely laugh-free, Wild Wild West is a bizarre misfire in which greater care was lavished upon the special effects than on the script.", "userMeter" : 28, "userRating" : 2.7, "userReviews" : 463740 }, "metacritic" : 38, "awards" : { "wins" : 10, "nominations" : 11, "text" : "10 wins & 11 nominations." }, "type" : "movie" }
{ "_id" : ObjectId("569190cb24de1e0ce2dfcd52"), "title" : "West Side Story", "year" : 1961, "rated" : "UNRATED", "released" : ISODate("1961-12-23T05:00:00Z"), "runtime" : 152, "countries" : [ "USA" ], "genres" : [ "Crime", "Drama", "Musical" ], "director" : "Jerome Robbins, Robert Wise", "writers" : [ "Ernest Lehman", "Arthur Laurents", "Jerome Robbins" ], "actors" : [ "Natalie Wood", "Richard Beymer", "Russ Tamblyn", "Rita Moreno" ], "plot" : "Two youngsters from rival New York City gangs fall in love, but tensions between their respective friends build toward tragedy.", "poster" : "http://ia.media-imdb.com/images/M/MV5BMTM0NDAxOTI5MF5BMl5BanBnXkFtZTcwNjI4Mjg3NA@@._V1_SX300.jpg", "imdb" : { "id" : "tt0055614", "rating" : 7.6, "votes" : 67824 }, "awards" : { "wins" : 18, "nominations" : 11, "text" : "Won 10 Oscars. Another 18 wins & 11 nominations." }, "type" : "movie" }
{ "_id" : ObjectId("5692a23f24de1e0ce2dfd692"), "title" : "Tora pou fevgo ap' ti zoi", "year" : 1966, "rated" : null, "released" : null, "runtime" : 81, "countries" : [ "Greece" ], "genres" : [ "Drama" ], "director" : "Odysseas Kosteletos", "writers" : [ "Akis Faras" ], "actors" : [ "Martha Vourtsi", "Giorgos Kabanellis", "Manos Katrakis", "Lavrentis Dianellos" ], "plot" : null, "poster" : null, "imdb" : { "id" : "tt0145533", "rating" : 5.8, "votes" : 52 }, "awards" : { "wins" : 0, "nominations" : 0, "text" : "" }, "type" : "movie" }
{ "_id" : ObjectId("569190cb24de1e0ce2dfcd53"), "title" : "Slow West", "year" : 2015, "rated" : "R", "released" : ISODate("2015-04-16T04:00:00Z"), "runtime" : 84, "countries" : [ "UK", "New Zealand" ], "genres" : [ "Action", "Thriller", "Western" ], "director" : "John Maclean", "writers" : [ "John Maclean" ], "actors" : [ "Kodi Smit-McPhee", "Michael Fassbender", "Ben Mendelsohn", "Aorere Paki" ], "plot" : "A young Scottish man travels across America in pursuit of the woman he loves, attracting the attention of an outlaw who is willing to serve as a guide.", "poster" : "http://ia.media-imdb.com/images/M/MV5BNTYxNDA5ODk5NF5BMl5BanBnXkFtZTgwNzMwMzIwNTE@._V1_SX300.jpg", "imdb" : { "id" : "tt3205376", "rating" : 7, "votes" : 19101 }, "tomato" : { "meter" : 92, "image" : "certified", "rating" : 7.5, "reviews" : 115, "fresh" : 106, "consensus" : "Slow West serves as an impressive calling card for first-time writer-director John M. Maclean -- and offers an inventive treat for fans of the Western.", "userMeter" : 75, "userRating" : 3.7, "userReviews" : 9850 }, "metacritic" : 72, "awards" : { "wins" : 2, "nominations" : 9, "text" : "2 wins & 9 nominations." }, "type" : "movie" }
{ "_id" : ObjectId("569190cb24de1e0ce2dfcd54"), "title" : "An American Tail: Fievel Goes West", "year" : 1991, "rated" : "G", "released" : ISODate("1991-11-22T05:00:00Z"), "runtime" : 75, "countries" : [ "USA" ], "genres" : [ "Animation", "Adventure", "Family" ], "director" : "Phil Nibbelink, Simon Wells", "writers" : [ "Flint Dille", "Charles Swenson", "David Kirschner" ], "actors" : [ "Phillip Glasser", "James Stewart", "Erica Yohn", "Cathy Cavadini" ], "plot" : "A family of Emigre mice decide to move out to the west, unaware that they are falling into a trap perpetrated by a smooth talking cat.", "poster" : "http://ia.media-imdb.com/images/M/MV5BMTYzODMxNTUyNF5BMl5BanBnXkFtZTcwMTAwMzQyMQ@@._V1_SX300.jpg", "imdb" : { "id" : "tt0101329", "rating" : 6.4, "votes" : 16013 }, "awards" : { "wins" : 0, "nominations" : 0, "text" : "" }, "type" : "movie" }
{ "_id" : ObjectId("569190cc24de1e0ce2dfcd55"), "title" : "Red Rock West", "year" : 1993, "rated" : "R", "released" : ISODate("1993-05-14T04:00:00Z"), "runtime" : 98, "countries" : [ "USA" ], "genres" : [ "Crime", "Drama", "Thriller" ], "director" : "John Dahl", "writers" : [ "John Dahl", "Rick Dahl" ], "actors" : [ "Nicolas Cage", "Dennis Hopper", "Lara Flynn Boyle", "J.T. Walsh" ], "plot" : "When a promised job for Texan Michael fails to materialise in Wyoming, Mike is mistaken by Wayne to be the hitman he hired to kill his unfaithful wife, Suzanne. Mike takes full advantage of...", "poster" : "http://ia.media-imdb.com/images/M/MV5BMTk0Mjg4OTc3OF5BMl5BanBnXkFtZTYwNzgzOTg5._V1_SX300.jpg", "imdb" : { "id" : "tt0105226", "rating" : 7, "votes" : 15007 }, "awards" : { "wins" : 0, "nominations" : 3, "text" : "3 nominations." }, "type" : "movie" }
{ "_id" : ObjectId("569190cc24de1e0ce2dfcd56"), "title" : "How the West Was Won", "year" : 1962, "rated" : "APPROVED", "released" : ISODate("1963-02-20T05:00:00Z"), "runtime" : 164, "countries" : [ "USA" ], "genres" : [ "Western" ], "director" : "John Ford, Henry Hathaway, George Marshall, Richard Thorpe", "writers" : [ "James R. Webb" ], "actors" : [ "Carroll Baker", "Lee J. Cobb", "Henry Fonda", "Carolyn Jones" ], "plot" : "A family saga covering several decades of Westward expansion in the nineteenth century--including the Gold Rush, the Civil War, and the building of the railroads.", "poster" : "http://ia.media-imdb.com/images/M/MV5BNTk2NDk1NjY0MV5BMl5BanBnXkFtZTgwMzkzNTcxMTE@._V1_SX300.jpg", "imdb" : { "id" : "tt0056085", "rating" : 7.1, "votes" : 13640 }, "awards" : { "wins" : 7, "nominations" : 5, "text" : "Won 3 Oscars. Another 7 wins & 5 nominations." }, "type" : "movie" }
{ "_id" : ObjectId("569190cc24de1e0ce2dfcd57"), "title" : "Journey to the West", "year" : 2013, "rated" : "PG-13", "released" : ISODate("2013-02-07T05:00:00Z"), "runtime" : 110, "countries" : [ "China" ], "genres" : [ "Adventure", "Comedy", "Fantasy" ], "director" : "Stephen Chow, Chi-kin Kwok", "writers" : [ "Stephen Chow", "Chi-kin Kwok", "Xin Huo", "Yun Wang", "Chi Keung Fung", "Zhengyu Lu", "Shing-Cheung Lee", "Ivy Kong" ], "actors" : [ "Qi Shu", "Zhang Wen", "Bo Huang", "Show Luo" ], "plot" : "Tang Sanzang, an aspiring Buddhist hero tries to protect a village from three demons. He develops complex feelings for Miss Duan, the demon hunter who repeatedly helps him, and finally quests to meet the legendary Monkey King.", "poster" : "http://ia.media-imdb.com/images/M/MV5BMTQzMzUxNzk0NV5BMl5BanBnXkFtZTgwMTEwOTE4MDE@._V1_SX300.jpg", "imdb" : { "id" : "tt2017561", "rating" : 6.8, "votes" : 7111 }, "tomato" : { "meter" : 93, "image" : "fresh", "rating" : 7.2, "reviews" : 30, "fresh" : 28, "consensus" : "As sweet, silly, action-packed and ridiculous as director Steven Chow's best work, Journey to the West serves up dazzling action sequences while playing its disparate elements against each other with thrilling abandon.", "userMeter" : 68, "userRating" : 3.6, "userReviews" : 2198 }, "metacritic" : 68, "awards" : { "wins" : 1, "nominations" : 12, "text" : "1 win & 12 nominations." }, "type" : "movie" }
{ "_id" : ObjectId("569190cc24de1e0ce2dfcd58"), "title" : "West of Memphis", "year" : 2012, "rated" : "R", "released" : ISODate("2012-11-22T05:00:00Z"), "runtime" : 147, "countries" : [ "New Zealand", "USA" ], "genres" : [ "Documentary" ], "director" : "Amy Berg", "writers" : [ "Amy Berg", "Billy McMillin" ], "actors" : [ "Michael Baden", "Jason Baldwin", "Holly Ballard", "Jamie Clark Ballard" ], "plot" : "An examination of a failure of justice in the case against the West Memphis Three.", "poster" : "http://ia.media-imdb.com/images/M/MV5BMjIzNDM3NjkzOV5BMl5BanBnXkFtZTcwNjI5Nzg0OA@@._V1_SX300.jpg", "imdb" : { "id" : "tt2130321", "rating" : 7.9, "votes" : 6627 }, "tomato" : { "meter" : 95, "image" : "certified", "rating" : 7.9, "reviews" : 111, "fresh" : 106, "consensus" : "Both a sobering look at a true crime story and a scathing indictment of the American justice system, West of Memphis is a real-life horror story told with fury and compassion.", "userMeter" : 87, "userRating" : 4.1, "userReviews" : 8482 }, "metacritic" : 80, "awards" : { "wins" : 0, "nominations" : 9, "text" : "Nominated for 1 BAFTA Film Award. Another 9 nominations." }, "type" : "movie" }
{ "_id" : ObjectId("569190cc24de1e0ce2dfcd59"), "title" : "Star Wars: Episode IV - A New Hope", "year" : 1977, "rated" : "PG", "released" : ISODate("1977-05-25T04:00:00Z"), "runtime" : 121, "countries" : [ "USA" ], "genres" : [ "Action", "Adventure", "Fantasy" ], "director" : "George Lucas", "writers" : [ "George Lucas" ], "actors" : [ "Mark Hamill", "Harrison Ford", "Carrie Fisher", "Peter Cushing" ], "plot" : "Luke Skywalker joins forces with a Jedi Knight, a cocky pilot, a wookiee and two droids to save the universe from the Empire's world-destroying battle-station, while also attempting to rescue Princess Leia from the evil Darth Vader.", "poster" : "http://ia.media-imdb.com/images/M/MV5BMTU4NTczODkwM15BMl5BanBnXkFtZTcwMzEyMTIyMw@@._V1_SX300.jpg", "imdb" : { "id" : "tt0076759", "rating" : 8.7, "votes" : 822849 }, "tomato" : { "meter" : 94, "image" : "certified", "rating" : 8.5, "reviews" : 99, "fresh" : 93, "consensus" : "A legendarily expansive and ambitious start to the sci-fi saga, George Lucas opened our eyes to the possibilities of blockbuster filmmaking and things have never been the same.", "userMeter" : 96, "userRating" : 4.1, "userReviews" : 851120 }, "metacritic" : 92, "awards" : { "wins" : 38, "nominations" : 27, "text" : "Won 6 Oscars. Another 38 wins & 27 nominations." }, "type" : "movie" }
{ "_id" : ObjectId("569190cc24de1e0ce2dfcd5a"), "title" : "Star Wars: Episode V - The Empire Strikes Back", "year" : 1980, "rated" : "PG", "released" : ISODate("1980-06-20T04:00:00Z"), "runtime" : 124, "countries" : [ "USA" ], "genres" : [ "Action", "Adventure", "Fantasy" ], "director" : "Irvin Kershner", "writers" : [ "Leigh Brackett", "Lawrence Kasdan", "George Lucas" ], "actors" : [ "Mark Hamill", "Harrison Ford", "Carrie Fisher", "Billy Dee Williams" ], "plot" : "After the rebels have been brutally overpowered by the Empire on their newly established base, Luke Skywalker takes advanced Jedi training with Master Yoda, while his friends are pursued by Darth Vader as part of his plan to capture Luke.", "poster" : "http://ia.media-imdb.com/images/M/MV5BMjE2MzQwMTgxN15BMl5BanBnXkFtZTcwMDQzNjk2OQ@@._V1_SX300.jpg", "imdb" : { "id" : "tt0080684", "rating" : 8.8, "votes" : 739949 }, "tomato" : { "meter" : 94, "image" : "certified", "rating" : 8.9, "reviews" : 87, "fresh" : 82, "consensus" : "Dark, sinister, but ultimately even more involving than A New Hope, The Empire Strikes Back defies viewer expectations and takes the series to heightened emotional levels.", "userMeter" : 97, "userRating" : 4.1, "userReviews" : 1045537 }, "metacritic" : 79, "awards" : { "wins" : 15, "nominations" : 17, "text" : "Won 1 Oscar. Another 15 wins & 17 nominations." }, "type" : "movie" }
{ "_id" : ObjectId("569190cc24de1e0ce2dfcd5b"), "title" : "Star Wars: Episode VI - Return of the Jedi", "year" : 1983, "rated" : "PG", "released" : ISODate("1983-05-25T04:00:00Z"), "runtime" : 131, "countries" : [ "USA" ], "genres" : [ "Action", "Adventure", "Fantasy" ], "director" : "Richard Marquand", "writers" : [ "Lawrence Kasdan", "George Lucas", "George Lucas" ], "actors" : [ "Mark Hamill", "Harrison Ford", "Carrie Fisher", "Billy Dee Williams" ], "plot" : "After rescuing Han Solo from the palace of Jabba the Hutt, the rebels attempt to destroy the second Death Star, while Luke struggles to make Vader return from the dark side of the Force.", "poster" : "http://ia.media-imdb.com/images/M/MV5BMTQ0MzI1NjYwOF5BMl5BanBnXkFtZTgwODU3NDU2MTE@._V1._CR93,97,1209,1861_SX89_AL_.jpg_V1_SX300.jpg", "imdb" : { "id" : "tt0086190", "rating" : 8.4, "votes" : 623252 }, "tomato" : { "meter" : 80, "image" : "certified", "rating" : 7.2, "reviews" : 84, "fresh" : 67, "consensus" : "Though failing to reach the cinematic heights of its predecessors, Return of the Jedi remains an entertaining sci-fi adventure and a fitting end to the classic trilogy.", "userMeter" : 94, "userRating" : 4, "userReviews" : 1003937 }, "metacritic" : 52, "awards" : { "wins" : 15, "nominations" : 15, "text" : "Nominated for 4 Oscars. Another 15 wins & 15 nominations." }, "type" : "movie" }
{ "_id" : ObjectId("569190cc24de1e0ce2dfcd5c"), "title" : "Star Wars: Episode I - The Phantom Menace", "year" : 1999, "rated" : "PG", "released" : ISODate("1999-05-19T04:00:00Z"), "runtime" : 136, "countries" : [ "USA" ], "genres" : [ "Action", "Adventure", "Fantasy" ], "director" : "George Lucas", "writers" : [ "George Lucas" ], "actors" : [ "Liam Neeson", "Ewan McGregor", "Natalie Portman", "Jake Lloyd" ], "plot" : "Two Jedi Knights escape a hostile blockade to find allies and come across a young boy who may bring balance to the Force, but the long dormant Sith resurface to reclaim their old glory.", "poster" : "http://ia.media-imdb.com/images/M/MV5BMTQ4NjEwNDA2Nl5BMl5BanBnXkFtZTcwNDUyNDQzNw@@._V1_SX300.jpg", "imdb" : { "id" : "tt0120915", "rating" : 6.5, "votes" : 494267 }, "tomato" : null, "metacritic" : 51, "awards" : { "wins" : 17, "nominations" : 59, "text" : "Nominated for 3 Oscars. Another 17 wins & 59 nominations." }, "type" : "movie" }
{ "_id" : ObjectId("569190cd24de1e0ce2dfcd5d"), "title" : "Star Wars: Episode III - Revenge of the Sith", "year" : 2005, "rated" : "PG-13", "released" : ISODate("2005-05-19T04:00:00Z"), "runtime" : 140, "countries" : [ "USA" ], "genres" : [ "Action", "Adventure", "Fantasy" ], "director" : "George Lucas", "writers" : [ "George Lucas" ], "actors" : [ "Ewan McGregor", "Natalie Portman", "Hayden Christensen", "Ian McDiarmid" ], "plot" : "Three years after the onset of the Clone Wars; the noble Jedi Knights are spread out across the galaxy leading a massive clone army in the war against the Separatists. After Chancellor ...", "poster" : "http://ia.media-imdb.com/images/M/MV5BNTc4MTc3NTQ5OF5BMl5BanBnXkFtZTcwOTg0NjI4NA@@._V1_SX300.jpg", "imdb" : { "id" : "tt0121766", "rating" : 7.6, "votes" : 483613 }, "tomato" : { "meter" : 79, "image" : "certified", "rating" : 7.3, "reviews" : 282, "fresh" : 222, "consensus" : "With Episode III: Revenge of the Sith, George Lucas brings his second Star Wars trilogy to a suitably thrilling and often poignant -- if still a bit uneven -- conclusion.", "userMeter" : 65, "userRating" : 3.1, "userReviews" : 33674396 }, "metacritic" : 68, "awards" : { "wins" : 21, "nominations" : 49, "text" : "Nominated for 1 Oscar. Another 21 wins & 49 nominations." }, "type" : "movie" }
{ "_id" : ObjectId("569190cd24de1e0ce2dfcd5e"), "title" : "Star Trek", "year" : 2009, "rated" : "PG-13", "released" : ISODate("2009-05-08T04:00:00Z"), "runtime" : 127, "countries" : [ "USA", "Germany" ], "genres" : [ "Action", "Adventure", "Sci-Fi" ], "director" : "J.J. Abrams", "writers" : [ "Roberto Orci", "Alex Kurtzman", "Gene Roddenberry" ], "actors" : [ "Chris Pine", "Zachary Quinto", "Leonard Nimoy", "Eric Bana" ], "plot" : "The brash James T. Kirk tries to live up to his father's legacy with Mr. Spock keeping him in check as a vengeful, time-traveling Romulan creates black holes to destroy the Federation one planet at a time.", "poster" : "http://ia.media-imdb.com/images/M/MV5BMjE5NDQ5OTE4Ml5BMl5BanBnXkFtZTcwOTE3NDIzMw@@._V1_SX300.jpg", "imdb" : { "id" : "tt0796366", "rating" : 8, "votes" : 483229 }, "tomato" : { "meter" : 95, "image" : "certified", "rating" : 8.2, "reviews" : 329, "fresh" : 312, "consensus" : "Star Trek reignites a classic franchise with action, humor, a strong story, and brilliant visuals, and will please traditional Trekkies and new fans alike.", "userMeter" : 91, "userRating" : 4.1, "userReviews" : 743375 }, "metacritic" : 82, "awards" : { "wins" : 22, "nominations" : 77, "text" : "Won 1 Oscar. Another 22 wins & 77 nominations." }, "type" : "movie" }
{ "_id" : ObjectId("569190cd24de1e0ce2dfcd5f"), "title" : "Star Wars: Episode II - Attack of the Clones", "year" : 2002, "rated" : "PG", "released" : ISODate("2002-05-16T04:00:00Z"), "runtime" : 142, "countries" : [ "USA" ], "genres" : [ "Action", "Adventure", "Fantasy" ], "director" : "George Lucas", "writers" : [ "George Lucas", "Jonathan Hales", "George Lucas" ], "actors" : [ "Ewan McGregor", "Natalie Portman", "Hayden Christensen", "Christopher Lee" ], "plot" : "Ten years after initially meeting, Anakin Skywalker shares a forbidden romance with Padmé, while Obi-Wan investigates an assassination attempt on the Senator and discovers a secret clone army crafted for the Jedi.", "poster" : "http://ia.media-imdb.com/images/M/MV5BMTY5MjI5NTIwNl5BMl5BanBnXkFtZTYwMTM1Njg2._V1_SX300.jpg", "imdb" : { "id" : "tt0121765", "rating" : 6.7, "votes" : 425728 }, "tomato" : { "meter" : 66, "image" : "fresh", "rating" : 6.7, "reviews" : 242, "fresh" : 159, "consensus" : "Star Wars Episode II: Attack of the Clones benefits from an increased emphasis on thrilling action, although they're once again undercut by ponderous plot points and underdeveloped characters.", "userMeter" : 58, "userRating" : 3.3, "userReviews" : 844634 }, "metacritic" : 54, "awards" : { "wins" : 13, "nominations" : 47, "text" : "Nominated for 1 Oscar. Another 13 wins & 47 nominations." }, "type" : "movie" }
{ "_id" : ObjectId("569190cd24de1e0ce2dfcd60"), "title" : "Star Trek Into Darkness", "year" : 2013, "rated" : "PG-13", "released" : ISODate("2013-05-16T04:00:00Z"), "runtime" : 132, "countries" : [ "USA" ], "genres" : [ "Action", "Adventure", "Sci-Fi" ], "director" : "J.J. Abrams", "writers" : [ "Roberto Orci", "Alex Kurtzman", "Damon Lindelof", "Gene Roddenberry" ], "actors" : [ "Chris Pine", "Zachary Quinto", "Zoe Saldana", "Karl Urban" ], "plot" : "After the crew of the Enterprise find an unstoppable force of terror from within their own organization, Captain Kirk leads a manhunt to a war-zone world to capture a one-man weapon of mass destruction.", "poster" : "http://ia.media-imdb.com/images/M/MV5BMTk2NzczOTgxNF5BMl5BanBnXkFtZTcwODQ5ODczOQ@@._V1_SX300.jpg", "imdb" : { "id" : "tt1408101", "rating" : 7.8, "votes" : 370638 }, "tomato" : { "meter" : 87, "image" : "certified", "rating" : 7.6, "reviews" : 250, "fresh" : 217, "consensus" : "Visually spectacular and suitably action packed, Star Trek Into Darkness is a rock-solid installment in the venerable sci-fi franchise, even if it's not as fresh as its predecessor.", "userMeter" : 90, "userRating" : 4.2, "userReviews" : 309531 }, "metacritic" : 72, "awards" : { "wins" : 6, "nominations" : 44, "text" : "Nominated for 1 Oscar. Another 6 wins & 44 nominations." }, "type" : "movie" }
{ "_id" : ObjectId("569190cd24de1e0ce2dfcd61"), "title" : "Star Trek: First Contact", "year" : 1996, "rated" : "PG-13", "released" : ISODate("1996-11-22T05:00:00Z"), "runtime" : 111, "countries" : [ "USA" ], "genres" : [ "Action", "Adventure", "Sci-Fi" ], "director" : "Jonathan Frakes", "writers" : [ "Gene Roddenberry", "Rick Berman", "Brannon Braga", "Ronald D. Moore", "Brannon Braga", "Ronald D. Moore" ], "actors" : [ "Patrick Stewart", "Jonathan Frakes", "Brent Spiner", "LeVar Burton" ], "plot" : "The Borg go back in time intent on preventing Earth's first contact with an alien species. Captain Picard and his crew pursue them to ensure that Zefram Cochrane makes his maiden flight reaching warp speed.", "poster" : "http://ia.media-imdb.com/images/M/MV5BMTg4OTYwODY4MF5BMl5BanBnXkFtZTgwNTg2NjIyMDE@._V1_SX300.jpg", "imdb" : { "id" : "tt0117731", "rating" : 7.6, "votes" : 94153 }, "tomato" : { "meter" : 93, "image" : "certified", "rating" : 7.4, "reviews" : 55, "fresh" : 51, "consensus" : "While fans of the series will surely appreciate it, First Contact is exciting, engaging, and visually appealing enough to entertain Star Trek novices.", "userMeter" : 89, "userRating" : 3.6, "userReviews" : 99646 }, "metacritic" : 71, "awards" : { "wins" : 8, "nominations" : 19, "text" : "Nominated for 1 Oscar. Another 8 wins & 19 nominations." }, "type" : "movie" }
Type "it" for more
> db.movieDetails.find({rated:"PG-13"}).count()
153
> db.movieDetails.find({rated:"PG-13", year:2009}).count()
8
> 
------------

Last login: Thu Jun  8 12:11:23 on ttys000
SriramRanganathan ~ $ mongo
MongoDB shell version v3.4.4
connecting to: mongodb://127.0.0.1:27017
MongoDB server version: 3.4.4
Server has startup warnings: 
2017-06-07T16:46:05.333-0500 I CONTROL  [initandlisten] 
2017-06-07T16:46:05.333-0500 I CONTROL  [initandlisten] ** WARNING: Access control is not enabled for the database.
2017-06-07T16:46:05.333-0500 I CONTROL  [initandlisten] **          Read and write access to data and configuration is unrestricted.
2017-06-07T16:46:05.333-0500 I CONTROL  [initandlisten] 
2017-06-07T16:46:05.333-0500 I CONTROL  [initandlisten] 
2017-06-07T16:46:05.334-0500 I CONTROL  [initandlisten] ** WARNING: soft rlimits too low. Number of files is 256, should be at least 1000
> show dbs
blog      0.078GB
local     0.078GB
m101      0.078GB
students  0.078GB
test      0.078GB
video     0.078GB
> use video
switched to db video
> show collections
movies
system.indexes
> show movies.find().pretty()
2017-06-08T12:13:14.674-0500 E QUERY    [thread1] Error: don't know how to show [movies.find().pretty()] :
shellHelper.show@src/mongo/shell/utils.js:906:11
shellHelper@src/mongo/shell/utils.js:659:15
@(shellhelp2):1:1
> db.movies.find().pretty()
{
	"_id" : ObjectId("59386c3a29c9c1fef2700740"),
	"title" : "Jab We Met",
	"year" : 2010
}
{
	"_id" : ObjectId("59386c5129c9c1fef2700741"),
	"title" : "Jaws",
	"year" : 1975,
	"imdb" : "tt0073195"
}
{
	"_id" : ObjectId("59386d3b29c9c1fef2700742"),
	"title" : "Bajirao Mastani",
	"year" : 2015
}
{
	"_id" : ObjectId("59386d5a29c9c1fef2700743"),
	"title" : "Baahubali2",
	"year" : 2017
}
{
	"_id" : ObjectId("59387496b05282fb643e2a8d"),
	"title" : "English Vinglish",
	"year" : 2013
}
{
	"_id" : ObjectId("593874b8b05282fb643e2a8e"),
	"title" : "Hindi Medium",
	"year" : 2017
}
> show collections
movies
system.indexes
> use test
switched to db test
> show collections
names
system.indexes
users
> show dbs
blog      0.078GB
local     0.078GB
m101      0.078GB
students  0.078GB
test      0.078GB
video     0.078GB
> use video
switched to db video
> show dbs
blog      0.078GB
local     0.078GB
m101      0.078GB
students  0.078GB
test      0.078GB
video     0.078GB
> show collections
movies
system.indexes
> use local
switched to db local
> show collections
startup_log
system.indexes
> use m1010
switched to db m1010
> use m101
switched to db m101
> show collections
funnynumbers
hw1
system.indexes
> use blog
switched to db blog
> show collections
sessions
system.indexes
users
> use students
switched to db students
> show collections
grades
system.indexes
> db.grades.find().pretty(0
... 
... 
> db.grades.find().pretty()
{
	"_id" : ObjectId("50906d7fa3c412bb040eb577"),
	"student_id" : 0,
	"type" : "exam",
	"score" : 54.6535436362647
}
{
	"_id" : ObjectId("50906d7fa3c412bb040eb578"),
	"student_id" : 0,
	"type" : "quiz",
	"score" : 31.95004496742112
}
{
	"_id" : ObjectId("50906d7fa3c412bb040eb57b"),
	"student_id" : 1,
	"type" : "exam",
	"score" : 74.20010837299897
}
{
	"_id" : ObjectId("50906d7fa3c412bb040eb57c"),
	"student_id" : 1,
	"type" : "quiz",
	"score" : 96.76851542258362
}
{
	"_id" : ObjectId("50906d7fa3c412bb040eb57e"),
	"student_id" : 1,
	"type" : "homework",
	"score" : 44.31667452616328
}
{
	"_id" : ObjectId("50906d7fa3c412bb040eb580"),
	"student_id" : 2,
	"type" : "quiz",
	"score" : 1.528220212203968
}
{
	"_id" : ObjectId("50906d7fa3c412bb040eb57a"),
	"student_id" : 0,
	"type" : "homework",
	"score" : 63.98402553675503
}
{
	"_id" : ObjectId("50906d7fa3c412bb040eb57f"),
	"student_id" : 2,
	"type" : "exam",
	"score" : 19.88180838833524
}
{
	"_id" : ObjectId("50906d7fa3c412bb040eb582"),
	"student_id" : 2,
	"type" : "homework",
	"score" : 97.75889721343528
}
{
	"_id" : ObjectId("50906d7fa3c412bb040eb583"),
	"student_id" : 3,
	"type" : "exam",
	"score" : 92.6244233936537
}
{
	"_id" : ObjectId("50906d7fa3c412bb040eb584"),
	"student_id" : 3,
	"type" : "quiz",
	"score" : 82.59760859306996
}
{
	"_id" : ObjectId("50906d7fa3c412bb040eb586"),
	"student_id" : 3,
	"type" : "homework",
	"score" : 92.71871597581605
}
{
	"_id" : ObjectId("50906d7fa3c412bb040eb587"),
	"student_id" : 4,
	"type" : "exam",
	"score" : 87.89071881934647
}
{
	"_id" : ObjectId("50906d7fa3c412bb040eb588"),
	"student_id" : 4,
	"type" : "quiz",
	"score" : 27.29006335059361
}
{
	"_id" : ObjectId("50906d7fa3c412bb040eb58a"),
	"student_id" : 4,
	"type" : "homework",
	"score" : 28.656451042441
}
{
	"_id" : ObjectId("50906d7fa3c412bb040eb58b"),
	"student_id" : 5,
	"type" : "exam",
	"score" : 49.41260067227861
}
{
	"_id" : ObjectId("50906d7fa3c412bb040eb58c"),
	"student_id" : 5,
	"type" : "quiz",
	"score" : 24.88157329048566
}
{
	"_id" : ObjectId("50906d7fa3c412bb040eb58e"),
	"student_id" : 5,
	"type" : "homework",
	"score" : 41.21853026961924
}
{
	"_id" : ObjectId("50906d7fa3c412bb040eb58f"),
	"student_id" : 6,
	"type" : "exam",
	"score" : 97.56302189646776
}
{
	"_id" : ObjectId("50906d7fa3c412bb040eb590"),
	"student_id" : 6,
	"type" : "quiz",
	"score" : 28.69388067325539
}
Type "it" for more
> use video
switched to db video
> show collections
movies
system.indexes
> show movies.find().pretty()
2017-06-08T12:19:21.966-0500 E QUERY    [thread1] Error: don't know how to show [movies.find().pretty()] :
shellHelper.show@src/mongo/shell/utils.js:906:11
shellHelper@src/mongo/shell/utils.js:659:15
@(shellhelp2):1:1
> db.movies.find().pretty()
{
	"_id" : ObjectId("59386c3a29c9c1fef2700740"),
	"title" : "Jab We Met",
	"year" : 2010
}
{
	"_id" : ObjectId("59386c5129c9c1fef2700741"),
	"title" : "Jaws",
	"year" : 1975,
	"imdb" : "tt0073195"
}
{
	"_id" : ObjectId("59386d3b29c9c1fef2700742"),
	"title" : "Bajirao Mastani",
	"year" : 2015
}
{
	"_id" : ObjectId("59386d5a29c9c1fef2700743"),
	"title" : "Baahubali2",
	"year" : 2017
}
{
	"_id" : ObjectId("59387496b05282fb643e2a8d"),
	"title" : "English Vinglish",
	"year" : 2013
}
{
	"_id" : ObjectId("593874b8b05282fb643e2a8e"),
	"title" : "Hindi Medium",
	"year" : 2017
}
> use test
switched to db test
> show collections
names
system.indexes
users
> use video
switched to db video
> db.movies.find().pretty()
{
	"_id" : ObjectId("59386c3a29c9c1fef2700740"),
	"title" : "Jab We Met",
	"year" : 2010
}
{
	"_id" : ObjectId("59386c5129c9c1fef2700741"),
	"title" : "Jaws",
	"year" : 1975,
	"imdb" : "tt0073195"
}
{
	"_id" : ObjectId("59386d3b29c9c1fef2700742"),
	"title" : "Bajirao Mastani",
	"year" : 2015
}
{
	"_id" : ObjectId("59386d5a29c9c1fef2700743"),
	"title" : "Baahubali2",
	"year" : 2017
}
{
	"_id" : ObjectId("59387496b05282fb643e2a8d"),
	"title" : "English Vinglish",
	"year" : 2013
}
{
	"_id" : ObjectId("593874b8b05282fb643e2a8e"),
	"title" : "Hindi Medium",
	"year" : 2017
}
> db.movieDetails.find({rated:"PG-13"})
> db.movieDetails.find({"year": 2017})
> db.movies.find({"year": 2017})
{ "_id" : ObjectId("59386d5a29c9c1fef2700743"), "title" : "Baahubali2", "year" : 2017 }
{ "_id" : ObjectId("593874b8b05282fb643e2a8e"), "title" : "Hindi Medium", "year" : 2017 }
> db.movies.find({"year": 2017}).count()
2
> show dbs
blog      0.078GB
local     0.078GB
m101      0.078GB
students  0.078GB
test      0.078GB
video     0.078GB
> use test
switched to db test
> show collections
names
system.indexes
users
> use video
switched to db video
> show collections
movieDetails
movies
moviesScratch
reviews
system.indexes
> db.moviesScratch.insertOne({"title":"Rocky", "year":"1976", "imdb":"tt0075148 db.moviesScratch.insertOne({"title":"Rocky", "year":"1976", "imdb":"tt0075148"db.moviesScratch.insertOne({"title":"Rocky", "year":"1976", "imdb":"tt0075148"});
{
	"acknowledged" : true,
	"insertedId" : ObjectId("5939892fb4bc8ca29c43a37d")
}
> db.moviesScratch.find().pretty()
{
	"_id" : "tt0084726",
	"title" : "Star Trek II: The Wrath of Khan",
	"year" : 1982,
	"type" : "movie"
}
{
	"_id" : "tt0117731",
	"title" : "Star Trek: First Contact",
	"year" : 1996,
	"type" : "movie"
}
{
	"_id" : "tt0796366",
	"title" : "Star Trek",
	"year" : 2009,
	"type" : "movie"
}
{
	"_id" : "tt1408101",
	"title" : "Star Trek Into Darkness",
	"year" : 2013,
	"type" : "movie"
}
{
	"_id" : ObjectId("56945e5ebcb8793f83332495"),
	"imdb" : "tt0084726",
	"title" : "Star Trek II: The Wrath of Khan",
	"year" : 1982,
	"type" : "movie"
}
{
	"_id" : ObjectId("56945e5ebcb8793f83332496"),
	"imdb" : "tt0796366",
	"title" : "Star Trek",
	"year" : 2009,
	"type" : "movie"
}
{
	"_id" : ObjectId("56945e5ebcb8793f83332497"),
	"imdb" : "tt1408101",
	"title" : "Star Trek Into Darkness",
	"year" : 2013,
	"type" : "movie"
}
{
	"_id" : ObjectId("56945e5ebcb8793f83332498"),
	"imdb" : "tt0117731",
	"title" : "Star Trek: First Contact",
	"year" : 1996,
	"type" : "movie"
}
{
	"_id" : ObjectId("5939892fb4bc8ca29c43a37d"),
	"title" : "Rocky",
	"year" : "1976",
	"imdb" : "tt0075148"
}
> db.movieDetails.find()
{ "_id" : ObjectId("569190ca24de1e0ce2dfcd4f"), "title" : "Once Upon a Time in the West", "year" : 1968, "rated" : "PG-13", "released" : ISODate("1968-12-21T05:00:00Z"), "runtime" : 175, "countries" : [ "Italy", "USA", "Spain" ], "genres" : [ "Western" ], "director" : "Sergio Leone", "writers" : [ "Sergio Donati", "Sergio Leone", "Dario Argento", "Bernardo Bertolucci", "Sergio Leone" ], "actors" : [ "Claudia Cardinale", "Henry Fonda", "Jason Robards", "Charles Bronson" ], "plot" : "Epic story of a mysterious stranger with a harmonica who joins forces with a notorious desperado to protect a beautiful widow from a ruthless assassin working for the railroad.", "poster" : "http://ia.media-imdb.com/images/M/MV5BMTEyODQzNDkzNjVeQTJeQWpwZ15BbWU4MDgyODk1NDEx._V1_SX300.jpg", "imdb" : { "id" : "tt0064116", "rating" : 8.6, "votes" : 201283 }, "tomato" : { "meter" : 98, "image" : "certified", "rating" : 9, "reviews" : 54, "fresh" : 53, "consensus" : "A landmark Sergio Leone spaghetti western masterpiece featuring a classic Morricone score.", "userMeter" : 95, "userRating" : 4.3, "userReviews" : 64006 }, "metacritic" : 80, "awards" : { "wins" : 4, "nominations" : 5, "text" : "4 wins & 5 nominations." }, "type" : "movie" }
{ "_id" : ObjectId("569190cb24de1e0ce2dfcd50"), "title" : "A Million Ways to Die in the West", "year" : 2014, "rated" : "R", "released" : ISODate("2014-05-30T04:00:00Z"), "runtime" : 116, "countries" : [ "USA" ], "genres" : [ "Comedy", "Western" ], "director" : "Seth MacFarlane", "writers" : [ "Seth MacFarlane", "Alec Sulkin", "Wellesley Wild" ], "actors" : [ "Seth MacFarlane", "Charlize Theron", "Amanda Seyfried", "Liam Neeson" ], "plot" : "As a cowardly farmer begins to fall for the mysterious new woman in town, he must put his new-found courage to the test when her husband, a notorious gun-slinger, announces his arrival.", "poster" : "http://ia.media-imdb.com/images/M/MV5BMTQ0NDcyNjg0MV5BMl5BanBnXkFtZTgwMzk4NTA4MTE@._V1_SX300.jpg", "imdb" : { "id" : "tt2557490", "rating" : 6.1, "votes" : 126592 }, "tomato" : { "meter" : 33, "image" : "rotten", "rating" : 4.9, "reviews" : 188, "fresh" : 62, "consensus" : "While it offers a few laughs and boasts a talented cast, Seth MacFarlane's overlong, aimless A Million Ways to Die in the West is a disappointingly scattershot affair.", "userMeter" : 40, "userRating" : 3, "userReviews" : 62945 }, "metacritic" : 44, "awards" : { "wins" : 0, "nominations" : 6, "text" : "6 nominations." }, "type" : "movie" }
{ "_id" : ObjectId("569190cb24de1e0ce2dfcd51"), "title" : "Wild Wild West", "year" : 1999, "rated" : "PG-13", "released" : ISODate("1999-06-30T04:00:00Z"), "runtime" : 106, "countries" : [ "USA" ], "genres" : [ "Action", "Western", "Comedy" ], "director" : "Barry Sonnenfeld", "writers" : [ "Jim Thomas", "John Thomas", "S.S. Wilson", "Brent Maddock", "Jeffrey Price", "Peter S. Seaman" ], "actors" : [ "Will Smith", "Kevin Kline", "Kenneth Branagh", "Salma Hayek" ], "plot" : "The two best hired guns in the West must save President Grant from the clutches of a nineteenth-century inventor-villain.", "poster" : "http://ia.media-imdb.com/images/M/MV5BNDI5NDk5MjgxMl5BMl5BanBnXkFtZTcwNjI1MTUyMQ@@._V1_SX300.jpg", "imdb" : { "id" : "tt0120891", "rating" : 4.8, "votes" : 124558 }, "tomato" : { "meter" : 17, "image" : "rotten", "rating" : 4.1, "reviews" : 130, "fresh" : 22, "consensus" : "Bombastic, manic, and largely laugh-free, Wild Wild West is a bizarre misfire in which greater care was lavished upon the special effects than on the script.", "userMeter" : 28, "userRating" : 2.7, "userReviews" : 463740 }, "metacritic" : 38, "awards" : { "wins" : 10, "nominations" : 11, "text" : "10 wins & 11 nominations." }, "type" : "movie" }
{ "_id" : ObjectId("569190cb24de1e0ce2dfcd52"), "title" : "West Side Story", "year" : 1961, "rated" : "UNRATED", "released" : ISODate("1961-12-23T05:00:00Z"), "runtime" : 152, "countries" : [ "USA" ], "genres" : [ "Crime", "Drama", "Musical" ], "director" : "Jerome Robbins, Robert Wise", "writers" : [ "Ernest Lehman", "Arthur Laurents", "Jerome Robbins" ], "actors" : [ "Natalie Wood", "Richard Beymer", "Russ Tamblyn", "Rita Moreno" ], "plot" : "Two youngsters from rival New York City gangs fall in love, but tensions between their respective friends build toward tragedy.", "poster" : "http://ia.media-imdb.com/images/M/MV5BMTM0NDAxOTI5MF5BMl5BanBnXkFtZTcwNjI4Mjg3NA@@._V1_SX300.jpg", "imdb" : { "id" : "tt0055614", "rating" : 7.6, "votes" : 67824 }, "awards" : { "wins" : 18, "nominations" : 11, "text" : "Won 10 Oscars. Another 18 wins & 11 nominations." }, "type" : "movie" }
{ "_id" : ObjectId("5692a23f24de1e0ce2dfd692"), "title" : "Tora pou fevgo ap' ti zoi", "year" : 1966, "rated" : null, "released" : null, "runtime" : 81, "countries" : [ "Greece" ], "genres" : [ "Drama" ], "director" : "Odysseas Kosteletos", "writers" : [ "Akis Faras" ], "actors" : [ "Martha Vourtsi", "Giorgos Kabanellis", "Manos Katrakis", "Lavrentis Dianellos" ], "plot" : null, "poster" : null, "imdb" : { "id" : "tt0145533", "rating" : 5.8, "votes" : 52 }, "awards" : { "wins" : 0, "nominations" : 0, "text" : "" }, "type" : "movie" }
{ "_id" : ObjectId("569190cb24de1e0ce2dfcd53"), "title" : "Slow West", "year" : 2015, "rated" : "R", "released" : ISODate("2015-04-16T04:00:00Z"), "runtime" : 84, "countries" : [ "UK", "New Zealand" ], "genres" : [ "Action", "Thriller", "Western" ], "director" : "John Maclean", "writers" : [ "John Maclean" ], "actors" : [ "Kodi Smit-McPhee", "Michael Fassbender", "Ben Mendelsohn", "Aorere Paki" ], "plot" : "A young Scottish man travels across America in pursuit of the woman he loves, attracting the attention of an outlaw who is willing to serve as a guide.", "poster" : "http://ia.media-imdb.com/images/M/MV5BNTYxNDA5ODk5NF5BMl5BanBnXkFtZTgwNzMwMzIwNTE@._V1_SX300.jpg", "imdb" : { "id" : "tt3205376", "rating" : 7, "votes" : 19101 }, "tomato" : { "meter" : 92, "image" : "certified", "rating" : 7.5, "reviews" : 115, "fresh" : 106, "consensus" : "Slow West serves as an impressive calling card for first-time writer-director John M. Maclean -- and offers an inventive treat for fans of the Western.", "userMeter" : 75, "userRating" : 3.7, "userReviews" : 9850 }, "metacritic" : 72, "awards" : { "wins" : 2, "nominations" : 9, "text" : "2 wins & 9 nominations." }, "type" : "movie" }
{ "_id" : ObjectId("569190cb24de1e0ce2dfcd54"), "title" : "An American Tail: Fievel Goes West", "year" : 1991, "rated" : "G", "released" : ISODate("1991-11-22T05:00:00Z"), "runtime" : 75, "countries" : [ "USA" ], "genres" : [ "Animation", "Adventure", "Family" ], "director" : "Phil Nibbelink, Simon Wells", "writers" : [ "Flint Dille", "Charles Swenson", "David Kirschner" ], "actors" : [ "Phillip Glasser", "James Stewart", "Erica Yohn", "Cathy Cavadini" ], "plot" : "A family of Emigre mice decide to move out to the west, unaware that they are falling into a trap perpetrated by a smooth talking cat.", "poster" : "http://ia.media-imdb.com/images/M/MV5BMTYzODMxNTUyNF5BMl5BanBnXkFtZTcwMTAwMzQyMQ@@._V1_SX300.jpg", "imdb" : { "id" : "tt0101329", "rating" : 6.4, "votes" : 16013 }, "awards" : { "wins" : 0, "nominations" : 0, "text" : "" }, "type" : "movie" }
{ "_id" : ObjectId("569190cc24de1e0ce2dfcd55"), "title" : "Red Rock West", "year" : 1993, "rated" : "R", "released" : ISODate("1993-05-14T04:00:00Z"), "runtime" : 98, "countries" : [ "USA" ], "genres" : [ "Crime", "Drama", "Thriller" ], "director" : "John Dahl", "writers" : [ "John Dahl", "Rick Dahl" ], "actors" : [ "Nicolas Cage", "Dennis Hopper", "Lara Flynn Boyle", "J.T. Walsh" ], "plot" : "When a promised job for Texan Michael fails to materialise in Wyoming, Mike is mistaken by Wayne to be the hitman he hired to kill his unfaithful wife, Suzanne. Mike takes full advantage of...", "poster" : "http://ia.media-imdb.com/images/M/MV5BMTk0Mjg4OTc3OF5BMl5BanBnXkFtZTYwNzgzOTg5._V1_SX300.jpg", "imdb" : { "id" : "tt0105226", "rating" : 7, "votes" : 15007 }, "awards" : { "wins" : 0, "nominations" : 3, "text" : "3 nominations." }, "type" : "movie" }
{ "_id" : ObjectId("569190cc24de1e0ce2dfcd56"), "title" : "How the West Was Won", "year" : 1962, "rated" : "APPROVED", "released" : ISODate("1963-02-20T05:00:00Z"), "runtime" : 164, "countries" : [ "USA" ], "genres" : [ "Western" ], "director" : "John Ford, Henry Hathaway, George Marshall, Richard Thorpe", "writers" : [ "James R. Webb" ], "actors" : [ "Carroll Baker", "Lee J. Cobb", "Henry Fonda", "Carolyn Jones" ], "plot" : "A family saga covering several decades of Westward expansion in the nineteenth century--including the Gold Rush, the Civil War, and the building of the railroads.", "poster" : "http://ia.media-imdb.com/images/M/MV5BNTk2NDk1NjY0MV5BMl5BanBnXkFtZTgwMzkzNTcxMTE@._V1_SX300.jpg", "imdb" : { "id" : "tt0056085", "rating" : 7.1, "votes" : 13640 }, "awards" : { "wins" : 7, "nominations" : 5, "text" : "Won 3 Oscars. Another 7 wins & 5 nominations." }, "type" : "movie" }
{ "_id" : ObjectId("569190cc24de1e0ce2dfcd57"), "title" : "Journey to the West", "year" : 2013, "rated" : "PG-13", "released" : ISODate("2013-02-07T05:00:00Z"), "runtime" : 110, "countries" : [ "China" ], "genres" : [ "Adventure", "Comedy", "Fantasy" ], "director" : "Stephen Chow, Chi-kin Kwok", "writers" : [ "Stephen Chow", "Chi-kin Kwok", "Xin Huo", "Yun Wang", "Chi Keung Fung", "Zhengyu Lu", "Shing-Cheung Lee", "Ivy Kong" ], "actors" : [ "Qi Shu", "Zhang Wen", "Bo Huang", "Show Luo" ], "plot" : "Tang Sanzang, an aspiring Buddhist hero tries to protect a village from three demons. He develops complex feelings for Miss Duan, the demon hunter who repeatedly helps him, and finally quests to meet the legendary Monkey King.", "poster" : "http://ia.media-imdb.com/images/M/MV5BMTQzMzUxNzk0NV5BMl5BanBnXkFtZTgwMTEwOTE4MDE@._V1_SX300.jpg", "imdb" : { "id" : "tt2017561", "rating" : 6.8, "votes" : 7111 }, "tomato" : { "meter" : 93, "image" : "fresh", "rating" : 7.2, "reviews" : 30, "fresh" : 28, "consensus" : "As sweet, silly, action-packed and ridiculous as director Steven Chow's best work, Journey to the West serves up dazzling action sequences while playing its disparate elements against each other with thrilling abandon.", "userMeter" : 68, "userRating" : 3.6, "userReviews" : 2198 }, "metacritic" : 68, "awards" : { "wins" : 1, "nominations" : 12, "text" : "1 win & 12 nominations." }, "type" : "movie" }
{ "_id" : ObjectId("569190cc24de1e0ce2dfcd58"), "title" : "West of Memphis", "year" : 2012, "rated" : "R", "released" : ISODate("2012-11-22T05:00:00Z"), "runtime" : 147, "countries" : [ "New Zealand", "USA" ], "genres" : [ "Documentary" ], "director" : "Amy Berg", "writers" : [ "Amy Berg", "Billy McMillin" ], "actors" : [ "Michael Baden", "Jason Baldwin", "Holly Ballard", "Jamie Clark Ballard" ], "plot" : "An examination of a failure of justice in the case against the West Memphis Three.", "poster" : "http://ia.media-imdb.com/images/M/MV5BMjIzNDM3NjkzOV5BMl5BanBnXkFtZTcwNjI5Nzg0OA@@._V1_SX300.jpg", "imdb" : { "id" : "tt2130321", "rating" : 7.9, "votes" : 6627 }, "tomato" : { "meter" : 95, "image" : "certified", "rating" : 7.9, "reviews" : 111, "fresh" : 106, "consensus" : "Both a sobering look at a true crime story and a scathing indictment of the American justice system, West of Memphis is a real-life horror story told with fury and compassion.", "userMeter" : 87, "userRating" : 4.1, "userReviews" : 8482 }, "metacritic" : 80, "awards" : { "wins" : 0, "nominations" : 9, "text" : "Nominated for 1 BAFTA Film Award. Another 9 nominations." }, "type" : "movie" }
{ "_id" : ObjectId("569190cc24de1e0ce2dfcd59"), "title" : "Star Wars: Episode IV - A New Hope", "year" : 1977, "rated" : "PG", "released" : ISODate("1977-05-25T04:00:00Z"), "runtime" : 121, "countries" : [ "USA" ], "genres" : [ "Action", "Adventure", "Fantasy" ], "director" : "George Lucas", "writers" : [ "George Lucas" ], "actors" : [ "Mark Hamill", "Harrison Ford", "Carrie Fisher", "Peter Cushing" ], "plot" : "Luke Skywalker joins forces with a Jedi Knight, a cocky pilot, a wookiee and two droids to save the universe from the Empire's world-destroying battle-station, while also attempting to rescue Princess Leia from the evil Darth Vader.", "poster" : "http://ia.media-imdb.com/images/M/MV5BMTU4NTczODkwM15BMl5BanBnXkFtZTcwMzEyMTIyMw@@._V1_SX300.jpg", "imdb" : { "id" : "tt0076759", "rating" : 8.7, "votes" : 822849 }, "tomato" : { "meter" : 94, "image" : "certified", "rating" : 8.5, "reviews" : 99, "fresh" : 93, "consensus" : "A legendarily expansive and ambitious start to the sci-fi saga, George Lucas opened our eyes to the possibilities of blockbuster filmmaking and things have never been the same.", "userMeter" : 96, "userRating" : 4.1, "userReviews" : 851120 }, "metacritic" : 92, "awards" : { "wins" : 38, "nominations" : 27, "text" : "Won 6 Oscars. Another 38 wins & 27 nominations." }, "type" : "movie" }
{ "_id" : ObjectId("569190cc24de1e0ce2dfcd5a"), "title" : "Star Wars: Episode V - The Empire Strikes Back", "year" : 1980, "rated" : "PG", "released" : ISODate("1980-06-20T04:00:00Z"), "runtime" : 124, "countries" : [ "USA" ], "genres" : [ "Action", "Adventure", "Fantasy" ], "director" : "Irvin Kershner", "writers" : [ "Leigh Brackett", "Lawrence Kasdan", "George Lucas" ], "actors" : [ "Mark Hamill", "Harrison Ford", "Carrie Fisher", "Billy Dee Williams" ], "plot" : "After the rebels have been brutally overpowered by the Empire on their newly established base, Luke Skywalker takes advanced Jedi training with Master Yoda, while his friends are pursued by Darth Vader as part of his plan to capture Luke.", "poster" : "http://ia.media-imdb.com/images/M/MV5BMjE2MzQwMTgxN15BMl5BanBnXkFtZTcwMDQzNjk2OQ@@._V1_SX300.jpg", "imdb" : { "id" : "tt0080684", "rating" : 8.8, "votes" : 739949 }, "tomato" : { "meter" : 94, "image" : "certified", "rating" : 8.9, "reviews" : 87, "fresh" : 82, "consensus" : "Dark, sinister, but ultimately even more involving than A New Hope, The Empire Strikes Back defies viewer expectations and takes the series to heightened emotional levels.", "userMeter" : 97, "userRating" : 4.1, "userReviews" : 1045537 }, "metacritic" : 79, "awards" : { "wins" : 15, "nominations" : 17, "text" : "Won 1 Oscar. Another 15 wins & 17 nominations." }, "type" : "movie" }
{ "_id" : ObjectId("569190cc24de1e0ce2dfcd5b"), "title" : "Star Wars: Episode VI - Return of the Jedi", "year" : 1983, "rated" : "PG", "released" : ISODate("1983-05-25T04:00:00Z"), "runtime" : 131, "countries" : [ "USA" ], "genres" : [ "Action", "Adventure", "Fantasy" ], "director" : "Richard Marquand", "writers" : [ "Lawrence Kasdan", "George Lucas", "George Lucas" ], "actors" : [ "Mark Hamill", "Harrison Ford", "Carrie Fisher", "Billy Dee Williams" ], "plot" : "After rescuing Han Solo from the palace of Jabba the Hutt, the rebels attempt to destroy the second Death Star, while Luke struggles to make Vader return from the dark side of the Force.", "poster" : "http://ia.media-imdb.com/images/M/MV5BMTQ0MzI1NjYwOF5BMl5BanBnXkFtZTgwODU3NDU2MTE@._V1._CR93,97,1209,1861_SX89_AL_.jpg_V1_SX300.jpg", "imdb" : { "id" : "tt0086190", "rating" : 8.4, "votes" : 623252 }, "tomato" : { "meter" : 80, "image" : "certified", "rating" : 7.2, "reviews" : 84, "fresh" : 67, "consensus" : "Though failing to reach the cinematic heights of its predecessors, Return of the Jedi remains an entertaining sci-fi adventure and a fitting end to the classic trilogy.", "userMeter" : 94, "userRating" : 4, "userReviews" : 1003937 }, "metacritic" : 52, "awards" : { "wins" : 15, "nominations" : 15, "text" : "Nominated for 4 Oscars. Another 15 wins & 15 nominations." }, "type" : "movie" }
{ "_id" : ObjectId("569190cc24de1e0ce2dfcd5c"), "title" : "Star Wars: Episode I - The Phantom Menace", "year" : 1999, "rated" : "PG", "released" : ISODate("1999-05-19T04:00:00Z"), "runtime" : 136, "countries" : [ "USA" ], "genres" : [ "Action", "Adventure", "Fantasy" ], "director" : "George Lucas", "writers" : [ "George Lucas" ], "actors" : [ "Liam Neeson", "Ewan McGregor", "Natalie Portman", "Jake Lloyd" ], "plot" : "Two Jedi Knights escape a hostile blockade to find allies and come across a young boy who may bring balance to the Force, but the long dormant Sith resurface to reclaim their old glory.", "poster" : "http://ia.media-imdb.com/images/M/MV5BMTQ4NjEwNDA2Nl5BMl5BanBnXkFtZTcwNDUyNDQzNw@@._V1_SX300.jpg", "imdb" : { "id" : "tt0120915", "rating" : 6.5, "votes" : 494267 }, "tomato" : null, "metacritic" : 51, "awards" : { "wins" : 17, "nominations" : 59, "text" : "Nominated for 3 Oscars. Another 17 wins & 59 nominations." }, "type" : "movie" }
{ "_id" : ObjectId("569190cd24de1e0ce2dfcd5d"), "title" : "Star Wars: Episode III - Revenge of the Sith", "year" : 2005, "rated" : "PG-13", "released" : ISODate("2005-05-19T04:00:00Z"), "runtime" : 140, "countries" : [ "USA" ], "genres" : [ "Action", "Adventure", "Fantasy" ], "director" : "George Lucas", "writers" : [ "George Lucas" ], "actors" : [ "Ewan McGregor", "Natalie Portman", "Hayden Christensen", "Ian McDiarmid" ], "plot" : "Three years after the onset of the Clone Wars; the noble Jedi Knights are spread out across the galaxy leading a massive clone army in the war against the Separatists. After Chancellor ...", "poster" : "http://ia.media-imdb.com/images/M/MV5BNTc4MTc3NTQ5OF5BMl5BanBnXkFtZTcwOTg0NjI4NA@@._V1_SX300.jpg", "imdb" : { "id" : "tt0121766", "rating" : 7.6, "votes" : 483613 }, "tomato" : { "meter" : 79, "image" : "certified", "rating" : 7.3, "reviews" : 282, "fresh" : 222, "consensus" : "With Episode III: Revenge of the Sith, George Lucas brings his second Star Wars trilogy to a suitably thrilling and often poignant -- if still a bit uneven -- conclusion.", "userMeter" : 65, "userRating" : 3.1, "userReviews" : 33674396 }, "metacritic" : 68, "awards" : { "wins" : 21, "nominations" : 49, "text" : "Nominated for 1 Oscar. Another 21 wins & 49 nominations." }, "type" : "movie" }
{ "_id" : ObjectId("569190cd24de1e0ce2dfcd5e"), "title" : "Star Trek", "year" : 2009, "rated" : "PG-13", "released" : ISODate("2009-05-08T04:00:00Z"), "runtime" : 127, "countries" : [ "USA", "Germany" ], "genres" : [ "Action", "Adventure", "Sci-Fi" ], "director" : "J.J. Abrams", "writers" : [ "Roberto Orci", "Alex Kurtzman", "Gene Roddenberry" ], "actors" : [ "Chris Pine", "Zachary Quinto", "Leonard Nimoy", "Eric Bana" ], "plot" : "The brash James T. Kirk tries to live up to his father's legacy with Mr. Spock keeping him in check as a vengeful, time-traveling Romulan creates black holes to destroy the Federation one planet at a time.", "poster" : "http://ia.media-imdb.com/images/M/MV5BMjE5NDQ5OTE4Ml5BMl5BanBnXkFtZTcwOTE3NDIzMw@@._V1_SX300.jpg", "imdb" : { "id" : "tt0796366", "rating" : 8, "votes" : 483229 }, "tomato" : { "meter" : 95, "image" : "certified", "rating" : 8.2, "reviews" : 329, "fresh" : 312, "consensus" : "Star Trek reignites a classic franchise with action, humor, a strong story, and brilliant visuals, and will please traditional Trekkies and new fans alike.", "userMeter" : 91, "userRating" : 4.1, "userReviews" : 743375 }, "metacritic" : 82, "awards" : { "wins" : 22, "nominations" : 77, "text" : "Won 1 Oscar. Another 22 wins & 77 nominations." }, "type" : "movie" }
{ "_id" : ObjectId("569190cd24de1e0ce2dfcd5f"), "title" : "Star Wars: Episode II - Attack of the Clones", "year" : 2002, "rated" : "PG", "released" : ISODate("2002-05-16T04:00:00Z"), "runtime" : 142, "countries" : [ "USA" ], "genres" : [ "Action", "Adventure", "Fantasy" ], "director" : "George Lucas", "writers" : [ "George Lucas", "Jonathan Hales", "George Lucas" ], "actors" : [ "Ewan McGregor", "Natalie Portman", "Hayden Christensen", "Christopher Lee" ], "plot" : "Ten years after initially meeting, Anakin Skywalker shares a forbidden romance with Padmé, while Obi-Wan investigates an assassination attempt on the Senator and discovers a secret clone army crafted for the Jedi.", "poster" : "http://ia.media-imdb.com/images/M/MV5BMTY5MjI5NTIwNl5BMl5BanBnXkFtZTYwMTM1Njg2._V1_SX300.jpg", "imdb" : { "id" : "tt0121765", "rating" : 6.7, "votes" : 425728 }, "tomato" : { "meter" : 66, "image" : "fresh", "rating" : 6.7, "reviews" : 242, "fresh" : 159, "consensus" : "Star Wars Episode II: Attack of the Clones benefits from an increased emphasis on thrilling action, although they're once again undercut by ponderous plot points and underdeveloped characters.", "userMeter" : 58, "userRating" : 3.3, "userReviews" : 844634 }, "metacritic" : 54, "awards" : { "wins" : 13, "nominations" : 47, "text" : "Nominated for 1 Oscar. Another 13 wins & 47 nominations." }, "type" : "movie" }
{ "_id" : ObjectId("569190cd24de1e0ce2dfcd60"), "title" : "Star Trek Into Darkness", "year" : 2013, "rated" : "PG-13", "released" : ISODate("2013-05-16T04:00:00Z"), "runtime" : 132, "countries" : [ "USA" ], "genres" : [ "Action", "Adventure", "Sci-Fi" ], "director" : "J.J. Abrams", "writers" : [ "Roberto Orci", "Alex Kurtzman", "Damon Lindelof", "Gene Roddenberry" ], "actors" : [ "Chris Pine", "Zachary Quinto", "Zoe Saldana", "Karl Urban" ], "plot" : "After the crew of the Enterprise find an unstoppable force of terror from within their own organization, Captain Kirk leads a manhunt to a war-zone world to capture a one-man weapon of mass destruction.", "poster" : "http://ia.media-imdb.com/images/M/MV5BMTk2NzczOTgxNF5BMl5BanBnXkFtZTcwODQ5ODczOQ@@._V1_SX300.jpg", "imdb" : { "id" : "tt1408101", "rating" : 7.8, "votes" : 370638 }, "tomato" : { "meter" : 87, "image" : "certified", "rating" : 7.6, "reviews" : 250, "fresh" : 217, "consensus" : "Visually spectacular and suitably action packed, Star Trek Into Darkness is a rock-solid installment in the venerable sci-fi franchise, even if it's not as fresh as its predecessor.", "userMeter" : 90, "userRating" : 4.2, "userReviews" : 309531 }, "metacritic" : 72, "awards" : { "wins" : 6, "nominations" : 44, "text" : "Nominated for 1 Oscar. Another 6 wins & 44 nominations." }, "type" : "movie" }
{ "_id" : ObjectId("569190cd24de1e0ce2dfcd61"), "title" : "Star Trek: First Contact", "year" : 1996, "rated" : "PG-13", "released" : ISODate("1996-11-22T05:00:00Z"), "runtime" : 111, "countries" : [ "USA" ], "genres" : [ "Action", "Adventure", "Sci-Fi" ], "director" : "Jonathan Frakes", "writers" : [ "Gene Roddenberry", "Rick Berman", "Brannon Braga", "Ronald D. Moore", "Brannon Braga", "Ronald D. Moore" ], "actors" : [ "Patrick Stewart", "Jonathan Frakes", "Brent Spiner", "LeVar Burton" ], "plot" : "The Borg go back in time intent on preventing Earth's first contact with an alien species. Captain Picard and his crew pursue them to ensure that Zefram Cochrane makes his maiden flight reaching warp speed.", "poster" : "http://ia.media-imdb.com/images/M/MV5BMTg4OTYwODY4MF5BMl5BanBnXkFtZTgwNTg2NjIyMDE@._V1_SX300.jpg", "imdb" : { "id" : "tt0117731", "rating" : 7.6, "votes" : 94153 }, "tomato" : { "meter" : 93, "image" : "certified", "rating" : 7.4, "reviews" : 55, "fresh" : 51, "consensus" : "While fans of the series will surely appreciate it, First Contact is exciting, engaging, and visually appealing enough to entertain Star Trek novices.", "userMeter" : 89, "userRating" : 3.6, "userReviews" : 99646 }, "metacritic" : 71, "awards" : { "wins" : 8, "nominations" : 19, "text" : "Nominated for 1 Oscar. Another 8 wins & 19 nominations." }, "type" : "movie" }
Type "it" for more
> db.movieDetails.find({rated:"PG-13"}).count()
153
> db.movieDetails.find({rated:"PG-13", year:2009}).count()
8
> db.movieDetails.find({"tomato-meter":100}).pretty()
> db.movieDetails.find({"tomato.meter":100}).pretty()
{
	"_id" : ObjectId("569190d024de1e0ce2dfcd79"),
	"title" : "The Adventures of Robin Hood",
	"year" : 1938,
	"rated" : "PG",
	"released" : ISODate("1938-05-14T04:00:00Z"),
	"runtime" : 102,
	"countries" : [
		"USA"
	],
	"genres" : [
		"Action",
		"Adventure",
		"Romance"
	],
	"director" : "Michael Curtiz, William Keighley",
	"writers" : [
		"Norman Reilly Raine",
		"Seton I. Miller"
	],
	"actors" : [
		"Errol Flynn",
		"Olivia de Havilland",
		"Basil Rathbone",
		"Claude Rains"
	],
	"plot" : "When Prince John and the Norman Lords begin oppressing the Saxon masses in King Richard's absence, a Saxon lord fights back as the outlaw leader of a rebel guerrilla army.",
	"poster" : "http://ia.media-imdb.com/images/M/MV5BMTUxMzE0MjI0MF5BMl5BanBnXkFtZTcwMTQ1OTM2MQ@@._V1_SX300.jpg",
	"imdb" : {
		"id" : "tt0029843",
		"rating" : 8,
		"votes" : 37543
	},
	"tomato" : {
		"meter" : 100,
		"image" : "certified",
		"rating" : 8.9,
		"reviews" : 44,
		"fresh" : 44,
		"consensus" : "Errol Flynn thrills as the legendary title character, and the film embodies the type of imaginative family adventure tailor-made for the silver screen.",
		"userMeter" : 89,
		"userRating" : 3.7,
		"userReviews" : 33282
	},
	"metacritic" : 97,
	"awards" : {
		"wins" : 2,
		"nominations" : 2,
		"text" : "Won 3 Oscars. Another 2 wins & 2 nominations."
	},
	"type" : "movie"
}
{
	"_id" : ObjectId("5692a14024de1e0ce2dfced9"),
	"title" : "Drugstore Cowboy",
	"year" : 1989,
	"rated" : "R",
	"released" : ISODate("1989-10-20T04:00:00Z"),
	"runtime" : 102,
	"countries" : [
		"USA"
	],
	"genres" : [
		"Crime",
		"Drama"
	],
	"director" : "Gus Van Sant",
	"writers" : [
		"James Fogle",
		"Gus Van Sant",
		"Daniel Yost"
	],
	"actors" : [
		"Matt Dillon",
		"Kelly Lynch",
		"James Le Gros",
		"Heather Graham"
	],
	"plot" : "A pharmacy-robbing dope fiend and his crew pop pills and evade the law.",
	"poster" : "http://ia.media-imdb.com/images/M/MV5BMTQyNjA0MTYzNV5BMl5BanBnXkFtZTcwMDQ5NjU0MQ@@._V1_SX300.jpg",
	"imdb" : {
		"id" : "tt0097240",
		"rating" : 7.4,
		"votes" : 24373
	},
	"tomato" : {
		"meter" : 100,
		"image" : "fresh",
		"rating" : 8,
		"reviews" : 27,
		"fresh" : 27,
		"consensus" : null,
		"userMeter" : 85,
		"userRating" : 3.7,
		"userReviews" : 22398
	},
	"metacritic" : 82,
	"awards" : {
		"wins" : 11,
		"nominations" : 7,
		"text" : "11 wins & 7 nominations."
	},
	"type" : "movie"
}
{
	"_id" : ObjectId("5692a15524de1e0ce2dfcfa2"),
	"title" : "Toy Story",
	"year" : 1995,
	"rated" : "G",
	"released" : ISODate("1995-11-22T05:00:00Z"),
	"runtime" : 81,
	"countries" : [
		"USA"
	],
	"genres" : [
		"Animation",
		"Adventure",
		"Comedy"
	],
	"director" : "John Lasseter",
	"writers" : [
		"John Lasseter",
		"Pete Docter",
		"Andrew Stanton",
		"Joe Ranft",
		"Joss Whedon",
		"Andrew Stanton",
		"Joel Cohen",
		"Alec Sokolow"
	],
	"actors" : [
		"Tom Hanks",
		"Tim Allen",
		"Don Rickles",
		"Jim Varney"
	],
	"plot" : "A cowboy doll is profoundly threatened and jealous when a new spaceman figure supplants him as top toy in a boy's room.",
	"poster" : "http://ia.media-imdb.com/images/M/MV5BMTgwMjI4MzU5N15BMl5BanBnXkFtZTcwMTMyNTk3OA@@._V1_SX300.jpg",
	"imdb" : {
		"id" : "tt0114709",
		"rating" : 8.3,
		"votes" : 574251
	},
	"tomato" : {
		"meter" : 100,
		"image" : "certified",
		"rating" : 9,
		"reviews" : 78,
		"fresh" : 78,
		"consensus" : "Entertaining as it is innovative, Toy Story reinvigorated animation while heralding the arrival of Pixar as a family-friendly force to be reckoned with.",
		"userMeter" : 92,
		"userRating" : 3.7,
		"userReviews" : 1104709
	},
	"metacritic" : 92,
	"awards" : {
		"wins" : 22,
		"nominations" : 17,
		"text" : "Nominated for 3 Oscars. Another 22 wins & 17 nominations."
	},
	"type" : "movie"
}
{
	"_id" : ObjectId("5692a15524de1e0ce2dfcfa4"),
	"title" : "Toy Story 2",
	"year" : 1999,
	"rated" : "G",
	"released" : ISODate("1999-11-24T05:00:00Z"),
	"runtime" : 92,
	"countries" : [
		"USA"
	],
	"genres" : [
		"Animation",
		"Adventure",
		"Comedy"
	],
	"director" : "John Lasseter, Ash Brannon, Lee Unkrich",
	"writers" : [
		"John Lasseter",
		"Pete Docter",
		"Ash Brannon",
		"Andrew Stanton",
		"Andrew Stanton",
		"Rita Hsiao",
		"Doug Chamberlin",
		"Chris Webb"
	],
	"actors" : [
		"Tom Hanks",
		"Tim Allen",
		"Joan Cusack",
		"Kelsey Grammer"
	],
	"plot" : "When Woody is stolen by a toy collector, Buzz and his friends vow to rescue him, but Woody finds the idea of immortality in a museum tempting.",
	"poster" : "http://ia.media-imdb.com/images/M/MV5BMTQ0OTU0NTcyNl5BMl5BanBnXkFtZTcwOTk5Mjc4OA@@._V1_SX300.jpg",
	"imdb" : {
		"id" : "tt0120363",
		"rating" : 7.9,
		"votes" : 361538
	},
	"tomato" : {
		"meter" : 100,
		"image" : "certified",
		"rating" : 8.6,
		"reviews" : 163,
		"fresh" : 163,
		"consensus" : "The rare sequel that arguably improves on its predecessor, Toy Story 2 uses inventive storytelling, gorgeous animation, and a talented cast to deliver another rich moviegoing experience for all ages.",
		"userMeter" : 86,
		"userRating" : 3.5,
		"userReviews" : 995597
	},
	"metacritic" : 88,
	"awards" : {
		"wins" : 20,
		"nominations" : 27,
		"text" : "Nominated for 1 Oscar. Another 20 wins & 27 nominations."
	},
	"type" : "movie"
}
{
	"_id" : ObjectId("5692a2fa24de1e0ce2dfd839"),
	"title" : "Mr. Death: The Rise and Fall of Fred A. Leuchter, Jr.",
	"year" : 1999,
	"rated" : "PG-13",
	"released" : ISODate("2000-01-14T05:00:00Z"),
	"runtime" : 91,
	"countries" : [
		"UK",
		"USA"
	],
	"genres" : [
		"Documentary",
		"Biography"
	],
	"director" : "Errol Morris",
	"writers" : [ ],
	"actors" : [
		"Fred A. Leuchter Jr.",
		"Robert Jan Van Pelt",
		"David Irving",
		"Caroline Leuchter"
	],
	"plot" : "A cinematic portrait of the life and career of the infamous American execution device designer and holocaust denier.",
	"poster" : "http://ia.media-imdb.com/images/M/MV5BMjE0ODU4OTE2OV5BMl5BanBnXkFtZTcwMDkxNzUyMQ@@._V1_SX300.jpg",
	"imdb" : {
		"id" : "tt0192335",
		"rating" : 7.5,
		"votes" : 4589
	},
	"tomato" : {
		"meter" : 100,
		"image" : "fresh",
		"rating" : 8.5,
		"reviews" : 40,
		"fresh" : 40,
		"consensus" : null,
		"userMeter" : 85,
		"userRating" : 3.8,
		"userReviews" : 3941
	},
	"metacritic" : 78,
	"awards" : {
		"wins" : 1,
		"nominations" : 8,
		"text" : "1 win & 8 nominations."
	},
	"type" : "movie"
}
{
	"_id" : ObjectId("5692a4c824de1e0ce2dfdbda"),
	"title" : "Tu Dors Nicole",
	"year" : 2014,
	"rated" : "NOT RATED",
	"released" : ISODate("2015-03-18T04:00:00Z"),
	"runtime" : 93,
	"countries" : [
		"Canada"
	],
	"genres" : [
		"Comedy",
		"Drama"
	],
	"director" : "Stéphane Lafleur",
	"writers" : [
		"Valérie Beaugrand-Champagne",
		"Stéphane Lafleur"
	],
	"actors" : [
		"Julianne Côté",
		"Pierre-Luc Lafontaine",
		"Luc Senay",
		"Anne-Renée Duhaime"
	],
	"plot" : "Making the most of the family home while her parents are away, Nicole, 22 years old, is enjoying a peaceful summer with her best friend Véronique. When Nicole's older brother shows up with ...",
	"poster" : "http://ia.media-imdb.com/images/M/MV5BNzc0OTQyNDk0MV5BMl5BanBnXkFtZTgwNDIwMzA4MTE@._V1_SX300.jpg",
	"imdb" : {
		"id" : "tt3483194",
		"rating" : 6.9,
		"votes" : 1102
	},
	"tomato" : {
		"meter" : 100,
		"image" : "fresh",
		"rating" : 7.9,
		"reviews" : 13,
		"fresh" : 13,
		"consensus" : null,
		"userMeter" : 69,
		"userRating" : 3.5,
		"userReviews" : 470
	},
	"metacritic" : 79,
	"awards" : {
		"wins" : 3,
		"nominations" : 20,
		"text" : "3 wins & 20 nominations."
	},
	"type" : "movie"
}
{
	"_id" : ObjectId("5692a52e24de1e0ce2dfdca0"),
	"title" : "Au Hasard Balthazar",
	"year" : 1966,
	"rated" : "NOT RATED",
	"released" : ISODate("1966-05-25T04:00:00Z"),
	"runtime" : 95,
	"countries" : [
		"France",
		"Sweden"
	],
	"genres" : [
		"Drama"
	],
	"director" : "Robert Bresson",
	"writers" : [
		"Robert Bresson"
	],
	"actors" : [
		"Anne Wiazemsky",
		"Walter Green",
		"François Lafarge",
		"Jean-Claude Guilbert"
	],
	"plot" : "The story of a mistreated donkey and the people around him. A study on saintliness and a sister piece to Bresson's Mouchette.",
	"poster" : "http://ia.media-imdb.com/images/M/MV5BMjEzODk0NzI0NV5BMl5BanBnXkFtZTgwMjMyNzk4MjE@._V1_SX300.jpg",
	"imdb" : {
		"id" : "tt0060138",
		"rating" : 7.9,
		"votes" : 10856
	},
	"tomato" : {
		"meter" : 100,
		"image" : "fresh",
		"rating" : 9.2,
		"reviews" : 37,
		"fresh" : 37,
		"consensus" : null,
		"userMeter" : 86,
		"userRating" : 4.2,
		"userReviews" : 6749
	},
	"metacritic" : 100,
	"awards" : {
		"wins" : 4,
		"nominations" : 1,
		"text" : "4 wins & 1 nomination."
	},
	"type" : "movie"
}
{
	"_id" : ObjectId("5692a52f24de1e0ce2dfdca2"),
	"title" : "Touchez Pas au Grisbi",
	"year" : 1954,
	"rated" : "NOT RATED",
	"released" : ISODate("1960-02-01T05:00:00Z"),
	"runtime" : 83,
	"countries" : [
		"France",
		"Italy"
	],
	"genres" : [
		"Action",
		"Crime",
		"Drama"
	],
	"director" : "Jacques Becker",
	"writers" : [
		"Albert Simonin",
		"Jacques Becker",
		"Albert Simonin",
		"Maurice Griffe",
		"Albert Simonin"
	],
	"actors" : [
		"Jean Gabin",
		"René Dary",
		"Dora Doll",
		"Vittorio Sanipoli"
	],
	"plot" : "An aging, world-weary gangster is double-crossed and forced out of retirement when his best friend is kidnapped and their stash of eight stolen gold bars demanded as ransom.",
	"poster" : "http://ia.media-imdb.com/images/M/MV5BMjE0NDQxMzY5OF5BMl5BanBnXkFtZTcwMzEyMzI5Ng@@._V1_SX300.jpg",
	"imdb" : {
		"id" : "tt0046451",
		"rating" : 8,
		"votes" : 4469
	},
	"tomato" : {
		"meter" : 100,
		"image" : "fresh",
		"rating" : 8.3,
		"reviews" : 23,
		"fresh" : 23,
		"consensus" : null,
		"userMeter" : 85,
		"userRating" : 4,
		"userReviews" : 2129
	},
	"metacritic" : 85,
	"awards" : {
		"wins" : 1,
		"nominations" : 1,
		"text" : "1 win & 1 nomination."
	},
	"type" : "movie"
}
> db.movieDetails.find({"tomato.rating">9.0}).pretty()
2017-06-08T12:34:23.661-0500 E QUERY    [thread1] SyntaxError: missing : after property id @(shell):1:37
> db.movieDetails.find({"tomato.meter">90}).pretty()
2017-06-08T12:35:01.340-0500 E QUERY    [thread1] SyntaxError: missing : after property id @(shell):1:36
> db.movieDetails.find({"tomato.meter":90}).pretty()
{
	"_id" : ObjectId("569190d124de1e0ce2dfcd85"),
	"title" : "Show Me Love",
	"year" : 1998,
	"rated" : "UNRATED",
	"released" : ISODate("1998-10-23T04:00:00Z"),
	"runtime" : 89,
	"countries" : [
		"Sweden",
		"Denmark"
	],
	"genres" : [
		"Comedy",
		"Drama",
		"Romance"
	],
	"director" : "Lukas Moodysson",
	"writers" : [
		"Lukas Moodysson"
	],
	"actors" : [
		"Alexandra Dahlström",
		"Rebecka Liljeberg",
		"Erica Carlson",
		"Mathias Rust"
	],
	"plot" : "Two teenage girls in small-town Sweden. Elin is beautiful, popular, and bored with life. Agnes is friendless, sad, and secretly in love with Elin.",
	"poster" : "http://ia.media-imdb.com/images/M/MV5BMjE0NDY0MjcxN15BMl5BanBnXkFtZTcwNzYxMDQyMQ@@._V1_SX300.jpg",
	"imdb" : {
		"id" : "tt0150662",
		"rating" : 7.7,
		"votes" : 41316
	},
	"tomato" : {
		"meter" : 90,
		"image" : "certified",
		"rating" : 7.6,
		"reviews" : 40,
		"fresh" : 36,
		"consensus" : "A naturalistic depiction of teenage life, Show Me Love has a charming, authentic feel.",
		"userMeter" : 86,
		"userRating" : 3.9,
		"userReviews" : 16636
	},
	"metacritic" : 73,
	"awards" : {
		"wins" : 19,
		"nominations" : 8,
		"text" : "19 wins & 8 nominations."
	},
	"type" : "movie"
}
{
	"_id" : ObjectId("5692a13b24de1e0ce2dfcea6"),
	"title" : "Dawn of the Planet of the Apes",
	"year" : 2014,
	"rated" : "PG-13",
	"released" : ISODate("2014-07-11T04:00:00Z"),
	"runtime" : 130,
	"countries" : [
		"USA"
	],
	"genres" : [
		"Action",
		"Drama",
		"Sci-Fi"
	],
	"director" : "Matt Reeves",
	"writers" : [
		"Mark Bomback",
		"Rick Jaffa",
		"Amanda Silver",
		"Rick Jaffa",
		"Amanda Silver",
		"Pierre Boulle"
	],
	"actors" : [
		"Andy Serkis",
		"Jason Clarke",
		"Gary Oldman",
		"Keri Russell"
	],
	"plot" : "A growing nation of genetically evolved apes led by Caesar is threatened by a band of human survivors of the devastating virus unleashed a decade earlier.",
	"poster" : "http://ia.media-imdb.com/images/M/MV5BMTgwODk3NDc1N15BMl5BanBnXkFtZTgwNTc1NjQwMjE@._V1_SX300.jpg",
	"imdb" : {
		"id" : "tt2103281",
		"rating" : 7.6,
		"votes" : 294568
	},
	"tomato" : {
		"meter" : 90,
		"image" : "certified",
		"rating" : 7.9,
		"reviews" : 268,
		"fresh" : 241,
		"consensus" : "With intelligence and emotional resonance to match its stunning special effects, Dawn of the Planet of the Apes expands on its predecessor with an exciting and ambitious burst of sci-fi achievement.",
		"userMeter" : 88,
		"userRating" : 4.2,
		"userReviews" : 201217
	},
	"metacritic" : 79,
	"awards" : {
		"wins" : 13,
		"nominations" : 43,
		"text" : "Nominated for 1 Oscar. Another 13 wins & 43 nominations."
	},
	"type" : "movie"
}
{
	"_id" : ObjectId("5692a14524de1e0ce2dfcf02"),
	"title" : "Wild",
	"year" : 2014,
	"rated" : "R",
	"released" : ISODate("2014-12-19T05:00:00Z"),
	"runtime" : 115,
	"countries" : [
		"USA"
	],
	"genres" : [
		"Adventure",
		"Biography",
		"Drama"
	],
	"director" : "Jean-Marc Vallée",
	"writers" : [
		"Nick Hornby",
		"Cheryl Strayed"
	],
	"actors" : [
		"Reese Witherspoon",
		"Laura Dern",
		"Thomas Sadoski",
		"Keene McRae"
	],
	"plot" : "A chronicle of one woman's 1,100-mile solo hike undertaken as a way to recover from a recent personal tragedy.",
	"poster" : "http://ia.media-imdb.com/images/M/MV5BMTczNzI2MDc1Ml5BMl5BanBnXkFtZTgwOTU5NTYxMjE@._V1_SX300.jpg",
	"imdb" : {
		"id" : "tt2305051",
		"rating" : 7.2,
		"votes" : 74110
	},
	"tomato" : {
		"meter" : 90,
		"image" : "certified",
		"rating" : 7.5,
		"reviews" : 230,
		"fresh" : 207,
		"consensus" : "Powerfully moving and emotionally resonant, Wild finds director Jean-Marc Vallée and star Reese Witherspoon working at the peak of their respective powers.",
		"userMeter" : 75,
		"userRating" : 3.8,
		"userReviews" : 52569
	},
	"metacritic" : 76,
	"awards" : {
		"wins" : 7,
		"nominations" : 56,
		"text" : "Nominated for 2 Oscars. Another 7 wins & 56 nominations."
	},
	"type" : "movie"
}
{
	"_id" : ObjectId("5692a14d24de1e0ce2dfcf53"),
	"title" : "Little Shop of Horrors",
	"year" : 1986,
	"rated" : "PG-13",
	"released" : ISODate("1986-12-19T05:00:00Z"),
	"runtime" : 94,
	"countries" : [
		"USA"
	],
	"genres" : [
		"Comedy",
		"Horror",
		"Musical"
	],
	"director" : "Frank Oz",
	"writers" : [
		"Howard Ashman",
		"Howard Ashman",
		"Roger Corman",
		"Charles B. Griffith"
	],
	"actors" : [
		"Levi Stubbs",
		"Rick Moranis",
		"Ellen Greene",
		"Vincent Gardenia"
	],
	"plot" : "A nerdy florist finds his chance for success and romance with the help of a giant man-eating plant who demands to be fed.",
	"poster" : "http://ia.media-imdb.com/images/M/MV5BMjMzNDM4MjYwNF5BMl5BanBnXkFtZTgwMDE4NzkzMTE@._V1_SX300.jpg",
	"imdb" : {
		"id" : "tt0091419",
		"rating" : 6.9,
		"votes" : 46931
	},
	"tomato" : {
		"meter" : 90,
		"image" : "certified",
		"rating" : 7.4,
		"reviews" : 49,
		"fresh" : 44,
		"consensus" : "Remixing Roger Corman's B-movie by way of the Off-Broadway musical, Little Shop of Horrors offers camp, horror and catchy tunes in equal measure -- plus some inspired cameos by the likes of Steve Martin and Bill Murray.",
		"userMeter" : 79,
		"userRating" : 3.3,
		"userReviews" : 180767
	},
	"metacritic" : 81,
	"awards" : {
		"wins" : 2,
		"nominations" : 11,
		"text" : "Nominated for 2 Oscars. Another 2 wins & 11 nominations."
	},
	"type" : "movie"
}
{
	"_id" : ObjectId("5692a15424de1e0ce2dfcf9f"),
	"title" : "Rain Man",
	"year" : 1988,
	"rated" : "R",
	"released" : ISODate("1988-12-16T05:00:00Z"),
	"runtime" : 133,
	"countries" : [
		"USA"
	],
	"genres" : [
		"Drama"
	],
	"director" : "Barry Levinson",
	"writers" : [
		"Barry Morrow",
		"Ronald Bass",
		"Barry Morrow"
	],
	"actors" : [
		"Dustin Hoffman",
		"Tom Cruise",
		"Valeria Golino",
		"Gerald R. Molen"
	],
	"plot" : "Selfish yuppie Charlie Babbitt's father left a fortune to his savant brother Raymond and a pittance to Charlie; they travel cross-country.",
	"poster" : "http://ia.media-imdb.com/images/M/MV5BMTQ4NTA1NDU3NV5BMl5BanBnXkFtZTcwODUwMTU2NA@@._V1_SX300.jpg",
	"imdb" : {
		"id" : "tt0095953",
		"rating" : 8,
		"votes" : 369539
	},
	"tomato" : {
		"meter" : 90,
		"image" : "certified",
		"rating" : 7.9,
		"reviews" : 69,
		"fresh" : 62,
		"consensus" : "This road-trip movie about an autistic savant and his callow brother is far from seamless, but Barry Levinson's direction is impressive, and strong performances from Tom Cruise and Dustin Hoffman add to its appeal.",
		"userMeter" : 90,
		"userRating" : 3.8,
		"userReviews" : 312376
	},
	"metacritic" : 65,
	"awards" : {
		"wins" : 21,
		"nominations" : 21,
		"text" : "Won 4 Oscars. Another 21 wins & 21 nominations."
	},
	"type" : "movie"
}
> db.movieDetails.find({rated:"PG"})
{ "_id" : ObjectId("569190cc24de1e0ce2dfcd59"), "title" : "Star Wars: Episode IV - A New Hope", "year" : 1977, "rated" : "PG", "released" : ISODate("1977-05-25T04:00:00Z"), "runtime" : 121, "countries" : [ "USA" ], "genres" : [ "Action", "Adventure", "Fantasy" ], "director" : "George Lucas", "writers" : [ "George Lucas" ], "actors" : [ "Mark Hamill", "Harrison Ford", "Carrie Fisher", "Peter Cushing" ], "plot" : "Luke Skywalker joins forces with a Jedi Knight, a cocky pilot, a wookiee and two droids to save the universe from the Empire's world-destroying battle-station, while also attempting to rescue Princess Leia from the evil Darth Vader.", "poster" : "http://ia.media-imdb.com/images/M/MV5BMTU4NTczODkwM15BMl5BanBnXkFtZTcwMzEyMTIyMw@@._V1_SX300.jpg", "imdb" : { "id" : "tt0076759", "rating" : 8.7, "votes" : 822849 }, "tomato" : { "meter" : 94, "image" : "certified", "rating" : 8.5, "reviews" : 99, "fresh" : 93, "consensus" : "A legendarily expansive and ambitious start to the sci-fi saga, George Lucas opened our eyes to the possibilities of blockbuster filmmaking and things have never been the same.", "userMeter" : 96, "userRating" : 4.1, "userReviews" : 851120 }, "metacritic" : 92, "awards" : { "wins" : 38, "nominations" : 27, "text" : "Won 6 Oscars. Another 38 wins & 27 nominations." }, "type" : "movie" }
{ "_id" : ObjectId("569190cc24de1e0ce2dfcd5a"), "title" : "Star Wars: Episode V - The Empire Strikes Back", "year" : 1980, "rated" : "PG", "released" : ISODate("1980-06-20T04:00:00Z"), "runtime" : 124, "countries" : [ "USA" ], "genres" : [ "Action", "Adventure", "Fantasy" ], "director" : "Irvin Kershner", "writers" : [ "Leigh Brackett", "Lawrence Kasdan", "George Lucas" ], "actors" : [ "Mark Hamill", "Harrison Ford", "Carrie Fisher", "Billy Dee Williams" ], "plot" : "After the rebels have been brutally overpowered by the Empire on their newly established base, Luke Skywalker takes advanced Jedi training with Master Yoda, while his friends are pursued by Darth Vader as part of his plan to capture Luke.", "poster" : "http://ia.media-imdb.com/images/M/MV5BMjE2MzQwMTgxN15BMl5BanBnXkFtZTcwMDQzNjk2OQ@@._V1_SX300.jpg", "imdb" : { "id" : "tt0080684", "rating" : 8.8, "votes" : 739949 }, "tomato" : { "meter" : 94, "image" : "certified", "rating" : 8.9, "reviews" : 87, "fresh" : 82, "consensus" : "Dark, sinister, but ultimately even more involving than A New Hope, The Empire Strikes Back defies viewer expectations and takes the series to heightened emotional levels.", "userMeter" : 97, "userRating" : 4.1, "userReviews" : 1045537 }, "metacritic" : 79, "awards" : { "wins" : 15, "nominations" : 17, "text" : "Won 1 Oscar. Another 15 wins & 17 nominations." }, "type" : "movie" }
{ "_id" : ObjectId("569190cc24de1e0ce2dfcd5b"), "title" : "Star Wars: Episode VI - Return of the Jedi", "year" : 1983, "rated" : "PG", "released" : ISODate("1983-05-25T04:00:00Z"), "runtime" : 131, "countries" : [ "USA" ], "genres" : [ "Action", "Adventure", "Fantasy" ], "director" : "Richard Marquand", "writers" : [ "Lawrence Kasdan", "George Lucas", "George Lucas" ], "actors" : [ "Mark Hamill", "Harrison Ford", "Carrie Fisher", "Billy Dee Williams" ], "plot" : "After rescuing Han Solo from the palace of Jabba the Hutt, the rebels attempt to destroy the second Death Star, while Luke struggles to make Vader return from the dark side of the Force.", "poster" : "http://ia.media-imdb.com/images/M/MV5BMTQ0MzI1NjYwOF5BMl5BanBnXkFtZTgwODU3NDU2MTE@._V1._CR93,97,1209,1861_SX89_AL_.jpg_V1_SX300.jpg", "imdb" : { "id" : "tt0086190", "rating" : 8.4, "votes" : 623252 }, "tomato" : { "meter" : 80, "image" : "certified", "rating" : 7.2, "reviews" : 84, "fresh" : 67, "consensus" : "Though failing to reach the cinematic heights of its predecessors, Return of the Jedi remains an entertaining sci-fi adventure and a fitting end to the classic trilogy.", "userMeter" : 94, "userRating" : 4, "userReviews" : 1003937 }, "metacritic" : 52, "awards" : { "wins" : 15, "nominations" : 15, "text" : "Nominated for 4 Oscars. Another 15 wins & 15 nominations." }, "type" : "movie" }
{ "_id" : ObjectId("569190cc24de1e0ce2dfcd5c"), "title" : "Star Wars: Episode I - The Phantom Menace", "year" : 1999, "rated" : "PG", "released" : ISODate("1999-05-19T04:00:00Z"), "runtime" : 136, "countries" : [ "USA" ], "genres" : [ "Action", "Adventure", "Fantasy" ], "director" : "George Lucas", "writers" : [ "George Lucas" ], "actors" : [ "Liam Neeson", "Ewan McGregor", "Natalie Portman", "Jake Lloyd" ], "plot" : "Two Jedi Knights escape a hostile blockade to find allies and come across a young boy who may bring balance to the Force, but the long dormant Sith resurface to reclaim their old glory.", "poster" : "http://ia.media-imdb.com/images/M/MV5BMTQ4NjEwNDA2Nl5BMl5BanBnXkFtZTcwNDUyNDQzNw@@._V1_SX300.jpg", "imdb" : { "id" : "tt0120915", "rating" : 6.5, "votes" : 494267 }, "tomato" : null, "metacritic" : 51, "awards" : { "wins" : 17, "nominations" : 59, "text" : "Nominated for 3 Oscars. Another 17 wins & 59 nominations." }, "type" : "movie" }
{ "_id" : ObjectId("569190cd24de1e0ce2dfcd5f"), "title" : "Star Wars: Episode II - Attack of the Clones", "year" : 2002, "rated" : "PG", "released" : ISODate("2002-05-16T04:00:00Z"), "runtime" : 142, "countries" : [ "USA" ], "genres" : [ "Action", "Adventure", "Fantasy" ], "director" : "George Lucas", "writers" : [ "George Lucas", "Jonathan Hales", "George Lucas" ], "actors" : [ "Ewan McGregor", "Natalie Portman", "Hayden Christensen", "Christopher Lee" ], "plot" : "Ten years after initially meeting, Anakin Skywalker shares a forbidden romance with Padmé, while Obi-Wan investigates an assassination attempt on the Senator and discovers a secret clone army crafted for the Jedi.", "poster" : "http://ia.media-imdb.com/images/M/MV5BMTY5MjI5NTIwNl5BMl5BanBnXkFtZTYwMTM1Njg2._V1_SX300.jpg", "imdb" : { "id" : "tt0121765", "rating" : 6.7, "votes" : 425728 }, "tomato" : { "meter" : 66, "image" : "fresh", "rating" : 6.7, "reviews" : 242, "fresh" : 159, "consensus" : "Star Wars Episode II: Attack of the Clones benefits from an increased emphasis on thrilling action, although they're once again undercut by ponderous plot points and underdeveloped characters.", "userMeter" : 58, "userRating" : 3.3, "userReviews" : 844634 }, "metacritic" : 54, "awards" : { "wins" : 13, "nominations" : 47, "text" : "Nominated for 1 Oscar. Another 13 wins & 47 nominations." }, "type" : "movie" }
{ "_id" : ObjectId("569190cd24de1e0ce2dfcd62"), "title" : "Star Trek II: The Wrath of Khan", "year" : 1982, "rated" : "PG", "released" : ISODate("1982-06-04T04:00:00Z"), "runtime" : 113, "countries" : [ "USA" ], "genres" : [ "Action", "Adventure", "Drama" ], "director" : "Nicholas Meyer", "writers" : [ "Gene Roddenberry", "Harve Bennett", "Jack B. Sowards", "Jack B. Sowards" ], "actors" : [ "William Shatner", "Leonard Nimoy", "DeForest Kelley", "James Doohan" ], "plot" : "With the assistance of the Enterprise crew, Admiral Kirk must stop an old nemesis, Khan Noonien Singh, from using the life-generating Genesis Device as the ultimate weapon.", "poster" : "http://ia.media-imdb.com/images/M/MV5BMTcwNjc5NjA4N15BMl5BanBnXkFtZTcwNDk5MzI4OA@@._V1_SX300.jpg", "imdb" : { "id" : "tt0084726", "rating" : 7.7, "votes" : 86687 }, "tomato" : { "meter" : 88, "image" : "certified", "rating" : 8, "reviews" : 49, "fresh" : 43, "consensus" : "Considered by many fans to be the best of the Star Trek movies, Khan features a strong plot, increased tension, and a sharp supporting performance from Ricardo Montalban.", "userMeter" : 90, "userRating" : 3.8, "userReviews" : 84279 }, "metacritic" : 71, "awards" : { "wins" : 2, "nominations" : 9, "text" : "2 wins & 9 nominations." }, "type" : "movie" }
{ "_id" : ObjectId("569190cd24de1e0ce2dfcd63"), "title" : "Dr. Strangelove or: How I Learned to Stop Worrying and Love the Bomb", "year" : 1964, "rated" : "PG", "released" : ISODate("1964-01-29T05:00:00Z"), "runtime" : 95, "countries" : [ "USA", "UK" ], "genres" : [ "Comedy" ], "director" : "Stanley Kubrick", "writers" : [ "Stanley Kubrick", "Terry Southern", "Peter George", "Peter George" ], "actors" : [ "Peter Sellers", "George C. Scott", "Sterling Hayden", "Keenan Wynn" ], "plot" : "An insane general triggers a path to nuclear holocaust that a war room full of politicians and generals frantically try to stop.", "poster" : "http://ia.media-imdb.com/images/M/MV5BMTU2ODM2NTkxNF5BMl5BanBnXkFtZTcwOTMwMzU3Mg@@._V1_SX300.jpg", "imdb" : { "id" : "tt0057012", "rating" : 8.5, "votes" : 323857 }, "tomato" : { "meter" : 99, "image" : "certified", "rating" : 9, "reviews" : 68, "fresh" : 67, "consensus" : "Stanley Kubrick's brilliant Cold War satire remains as funny and razor-sharp today as it was in 1964.", "userMeter" : 94, "userRating" : 4.2, "userReviews" : 206480 }, "metacritic" : 96, "awards" : { "wins" : 13, "nominations" : 6, "text" : "Nominated for 4 Oscars. Another 13 wins & 6 nominations." }, "type" : "movie" }
{ "_id" : ObjectId("569190cf24de1e0ce2dfcd6f"), "title" : "Zathura: A Space Adventure", "year" : 2005, "rated" : "PG", "released" : ISODate("2005-11-11T05:00:00Z"), "runtime" : 101, "countries" : [ "USA" ], "genres" : [ "Action", "Adventure", "Comedy" ], "director" : "Jon Favreau", "writers" : [ "Chris Van Allsburg", "David Koepp", "John Kamps" ], "actors" : [ "Jonah Bobo", "Josh Hutcherson", "Dax Shepard", "Kristen Stewart" ], "plot" : "Two young brothers are drawn into an intergalactic adventure when their house is hurled through the depths of space by the magical board game they are playing.", "poster" : "http://ia.media-imdb.com/images/M/MV5BMjEyOTQ2ODg4OV5BMl5BanBnXkFtZTcwMjk2ODUzMQ@@._V1_SX300.jpg", "imdb" : { "id" : "tt0406375", "rating" : 6.1, "votes" : 62971 }, "tomato" : { "meter" : 75, "image" : "certified", "rating" : 6.6, "reviews" : 158, "fresh" : 119, "consensus" : "Dazzling special effects for the kids + well-crafted storytelling for the 'rents = cinematic satisfaction for the whole family.", "userMeter" : 51, "userRating" : 3, "userReviews" : 280429 }, "metacritic" : 67, "awards" : { "wins" : 2, "nominations" : 3, "text" : "2 wins & 3 nominations." }, "type" : "movie" }
{ "_id" : ObjectId("569190d024de1e0ce2dfcd77"), "title" : "The Adventures of Tintin", "year" : 2011, "rated" : "PG", "released" : ISODate("2011-12-21T05:00:00Z"), "runtime" : 107, "countries" : [ "USA", "New Zealand" ], "genres" : [ "Animation", "Action", "Adventure" ], "director" : "Steven Spielberg", "writers" : [ "Steven Moffat", "Edgar Wright", "Joe Cornish", "Hergé" ], "actors" : [ "Jamie Bell", "Andy Serkis", "Daniel Craig", "Nick Frost" ], "plot" : "Intrepid reporter Tintin and Captain Haddock set off on a treasure hunt for a sunken ship commanded by Haddock's ancestor.", "poster" : "http://ia.media-imdb.com/images/M/MV5BNDE5MDExNTQ1OF5BMl5BanBnXkFtZTcwMDIxMTM5Ng@@._V1_SX300.jpg", "imdb" : { "id" : "tt0983193", "rating" : 7.4, "votes" : 169875 }, "tomato" : { "meter" : 75, "image" : "certified", "rating" : 7, "reviews" : 205, "fresh" : 153, "consensus" : "Drawing deep from the classic Raiders of the Lost Ark playbook, Steven Spielberg has crafted another spirited, thrilling adventure in the form of Tintin.", "userMeter" : 74, "userRating" : 3.7, "userReviews" : 76244 }, "metacritic" : 68, "awards" : { "wins" : 22, "nominations" : 58, "text" : "Nominated for 1 Oscar. Another 22 wins & 58 nominations." }, "type" : "movie" }
{ "_id" : ObjectId("569190d024de1e0ce2dfcd78"), "title" : "The Adventures of Baron Munchausen", "year" : 1988, "rated" : "PG", "released" : ISODate("1989-03-10T05:00:00Z"), "runtime" : 126, "countries" : [ "UK", "Italy" ], "genres" : [ "Adventure", "Comedy", "Fantasy" ], "director" : "Terry Gilliam", "writers" : [ "Charles McKeown", "Terry Gilliam" ], "actors" : [ "John Neville", "Eric Idle", "Sarah Polley", "Oliver Reed" ], "plot" : "An account of Baron Munchausen's supposed travels and fantastical experiences with his band of misfits.", "poster" : "http://ia.media-imdb.com/images/M/MV5BMTM3OTA5MTU2NF5BMl5BanBnXkFtZTcwOTIzMjk3OA@@._V1_SX300.jpg", "imdb" : { "id" : "tt0096764", "rating" : 7.2, "votes" : 40089 }, "tomato" : { "meter" : 92, "image" : "certified", "rating" : 7.3, "reviews" : 51, "fresh" : 47, "consensus" : "Bursting with Terry Gilliam's typically imaginative flourishes, this story of a possibly deranged Baron recounting his storied life is a flamboyant and witty visual treat.", "userMeter" : 82, "userRating" : 3.5, "userReviews" : 36148 }, "metacritic" : 69, "awards" : { "wins" : 6, "nominations" : 9, "text" : "Nominated for 4 Oscars. Another 6 wins & 9 nominations." }, "type" : "movie" }
{ "_id" : ObjectId("569190d024de1e0ce2dfcd79"), "title" : "The Adventures of Robin Hood", "year" : 1938, "rated" : "PG", "released" : ISODate("1938-05-14T04:00:00Z"), "runtime" : 102, "countries" : [ "USA" ], "genres" : [ "Action", "Adventure", "Romance" ], "director" : "Michael Curtiz, William Keighley", "writers" : [ "Norman Reilly Raine", "Seton I. Miller" ], "actors" : [ "Errol Flynn", "Olivia de Havilland", "Basil Rathbone", "Claude Rains" ], "plot" : "When Prince John and the Norman Lords begin oppressing the Saxon masses in King Richard's absence, a Saxon lord fights back as the outlaw leader of a rebel guerrilla army.", "poster" : "http://ia.media-imdb.com/images/M/MV5BMTUxMzE0MjI0MF5BMl5BanBnXkFtZTcwMTQ1OTM2MQ@@._V1_SX300.jpg", "imdb" : { "id" : "tt0029843", "rating" : 8, "votes" : 37543 }, "tomato" : { "meter" : 100, "image" : "certified", "rating" : 8.9, "reviews" : 44, "fresh" : 44, "consensus" : "Errol Flynn thrills as the legendary title character, and the film embodies the type of imaginative family adventure tailor-made for the silver screen.", "userMeter" : 89, "userRating" : 3.7, "userReviews" : 33282 }, "metacritic" : 97, "awards" : { "wins" : 2, "nominations" : 2, "text" : "Won 3 Oscars. Another 2 wins & 2 nominations." }, "type" : "movie" }
{ "_id" : ObjectId("569190d024de1e0ce2dfcd7d"), "title" : "The Adventures of Sharkboy and Lavagirl 3-D", "year" : 2005, "rated" : "PG", "released" : ISODate("2005-06-10T04:00:00Z"), "runtime" : 93, "countries" : [ "USA" ], "genres" : [ "Action", "Adventure", "Family" ], "director" : "Robert Rodriguez", "writers" : [ "Robert Rodriguez", "Marcel Rodriguez", "Racer Rodriguez" ], "actors" : [ "Taylor Lautner", "Taylor Dooley", "Cayden Boyd", "George Lopez" ], "plot" : "A young boy is recruited by his imaginary friends Sharkboy and Lavagirl to help save their planet.", "poster" : "http://ia.media-imdb.com/images/M/MV5BMTM1NzI3OTAwMl5BMl5BanBnXkFtZTcwMTI3ODkyMQ@@._V1_SX300.jpg", "imdb" : { "id" : "tt0424774", "rating" : 3.5, "votes" : 18621 }, "tomato" : { "meter" : 20, "image" : "rotten", "rating" : 4.3, "reviews" : 123, "fresh" : 24, "consensus" : "The decision to turn this kiddie fantasy into a 3-D film was a miscalculation.", "userMeter" : 31, "userRating" : 2.5, "userReviews" : 31651 }, "metacritic" : 38, "awards" : { "wins" : 1, "nominations" : 10, "text" : "1 win & 10 nominations." }, "type" : "movie" }
{ "_id" : ObjectId("569190d024de1e0ce2dfcd7e"), "title" : "The Adventures of Buckaroo Banzai Across the 8th Dimension", "year" : 1984, "rated" : "PG", "released" : ISODate("1984-08-10T04:00:00Z"), "runtime" : 103, "countries" : [ "USA" ], "genres" : [ "Adventure", "Comedy", "Romance" ], "director" : "W.D. Richter", "writers" : [ "Earl Mac Rauch" ], "actors" : [ "Peter Weller", "John Lithgow", "Ellen Barkin", "Jeff Goldblum" ], "plot" : "Adventurer/surgeon/rock musician Buckaroo Banzai and his band of men, the Hong Kong Cavaliers, take on evil alien invaders from the 8th dimension.", "poster" : "http://ia.media-imdb.com/images/M/MV5BMTk3OTAwNDQwOF5BMl5BanBnXkFtZTgwOTE0MzQxMDE@._V1_SX300.jpg", "imdb" : { "id" : "tt0086856", "rating" : 6.4, "votes" : 17154 }, "awards" : { "wins" : 0, "nominations" : 5, "text" : "5 nominations." }, "type" : "movie" }
{ "_id" : ObjectId("569190d024de1e0ce2dfcd7f"), "title" : "The Adventures of Rocky & Bullwinkle", "year" : 2000, "rated" : "PG", "released" : ISODate("2000-06-30T04:00:00Z"), "runtime" : 92, "countries" : [ "USA", "Germany" ], "genres" : [ "Animation", "Adventure", "Comedy" ], "director" : "Des McAnuff", "writers" : [ "Jay Ward", "Kenneth Lonergan" ], "actors" : [ "Rene Russo", "Jason Alexander", "Piper Perabo", "Randy Quaid" ], "plot" : "When enemies Boris, Natasha and Fearless leader escape into the real world with a nefarious scheme, Rocky & Bullwinkle do the same and team up with a young F.B.I. agent to stop the trio.", "poster" : "http://ia.media-imdb.com/images/M/MV5BMzI0Mzk2NzcwNV5BMl5BanBnXkFtZTcwNjYyNTkxMQ@@._V1_SX300.jpg", "imdb" : { "id" : "tt0131704", "rating" : 4.1, "votes" : 16248 }, "tomato" : { "meter" : 43, "image" : "rotten", "rating" : 4.8, "reviews" : 96, "fresh" : 41, "consensus" : "Though the film stays true to the nature of the original cartoon, the script is disappointing and not funny.", "userMeter" : 19, "userRating" : 2.2, "userReviews" : 51819 }, "metacritic" : 36, "awards" : { "wins" : 2, "nominations" : 4, "text" : "2 wins & 4 nominations." }, "type" : "movie" }
{ "_id" : ObjectId("569190d024de1e0ce2dfcd80"), "title" : "The Extraordinary Adventures of Adèle Blanc-Sec", "year" : 2010, "rated" : "PG", "released" : ISODate("2010-04-14T04:00:00Z"), "runtime" : 107, "countries" : [ "France", "USA" ], "genres" : [ "Action", "Adventure", "Fantasy" ], "director" : "Luc Besson", "writers" : [ "Luc Besson", "Jacques Tardi" ], "actors" : [ "Louise Bourgoin", "Mathieu Amalric", "Gilles Lellouche", "Jean-Paul Rouve" ], "plot" : "An adventure set in the early part of the 20th century and focused on a popular novelist and her dealings with would-be suitors, the cops, monsters, and other distractions.", "poster" : "http://ia.media-imdb.com/images/M/MV5BMTcwNzc0ODc5N15BMl5BanBnXkFtZTcwNDI1MTY4NA@@._V1_SX300.jpg", "imdb" : { "id" : "tt1179025", "rating" : 6.3, "votes" : 14871 }, "awards" : { "wins" : 2, "nominations" : 1, "text" : "2 wins & 1 nomination." }, "type" : "movie" }
{ "_id" : ObjectId("569190d124de1e0ce2dfcd81"), "title" : "The Truman Show", "year" : 1998, "rated" : "PG", "released" : ISODate("1998-06-05T04:00:00Z"), "runtime" : 103, "countries" : [ "USA" ], "genres" : [ "Drama" ], "director" : "Peter Weir", "writers" : [ "Andrew Niccol" ], "actors" : [ "Jim Carrey", "Laura Linney", "Noah Emmerich", "Natascha McElhone" ], "plot" : "An insurance salesman/adjuster discovers his entire life is actually a T.V. show.", "poster" : "http://ia.media-imdb.com/images/M/MV5BMTg4NTU3NTAyMF5BMl5BanBnXkFtZTgwNjYwNzc3NjE@._V1_SX300.jpg", "imdb" : { "id" : "tt0120382", "rating" : 8.1, "votes" : 613430 }, "tomato" : { "meter" : 94, "image" : "certified", "rating" : 8.4, "reviews" : 125, "fresh" : 118, "consensus" : "A funny, tender, and thought-provoking film, The Truman Show is all the more noteworthy for its remarkably prescient vision of runaway celebrity culture and a nation with an insatiable thirst for the private details of ordinary lives.", "userMeter" : 88, "userRating" : 3.5, "userReviews" : 580012 }, "metacritic" : 90, "awards" : { "wins" : 35, "nominations" : 65, "text" : "Nominated for 3 Oscars. Another 35 wins & 65 nominations." }, "type" : "movie" }
{ "_id" : ObjectId("569190d224de1e0ce2dfcd8d"), "title" : "Dead Poets Society", "year" : 1989, "rated" : "PG", "released" : ISODate("1989-06-09T04:00:00Z"), "runtime" : 128, "countries" : [ "USA" ], "genres" : [ "Comedy", "Drama" ], "director" : "Peter Weir", "writers" : [ "Tom Schulman" ], "actors" : [ "Robin Williams", "Robert Sean Leonard", "Ethan Hawke", "Josh Charles" ], "plot" : "English teacher John Keating inspires his students to discover their love for poetry and seize the day.", "poster" : "http://ia.media-imdb.com/images/M/MV5BMzA5MTE0NTUwOV5BMl5BanBnXkFtZTgwOTgyMDUxMDE@._V1_SX300.jpg", "imdb" : { "id" : "tt0097165", "rating" : 8, "votes" : 259878 }, "tomato" : { "meter" : 85, "image" : "certified", "rating" : 7.2, "reviews" : 54, "fresh" : 46, "consensus" : "Affecting performances from the young cast and a genuinely inspirational turn from Robin Williams grant Peter Weir's prep school drama top honors.", "userMeter" : 92, "userRating" : 3.8, "userReviews" : 304924 }, "metacritic" : 79, "awards" : { "wins" : 17, "nominations" : 18, "text" : "Won 1 Oscar. Another 17 wins & 18 nominations." }, "type" : "movie" }
{ "_id" : ObjectId("5692a13b24de1e0ce2dfceaa"), "title" : "Treasure Planet", "year" : 2002, "rated" : "PG", "released" : ISODate("2002-11-27T05:00:00Z"), "runtime" : 95, "countries" : [ "USA" ], "genres" : [ "Animation", "Adventure", "Family" ], "director" : "Ron Clements, John Musker", "writers" : [ "Robert Louis Stevenson", "Ron Clements", "John Musker", "Rob Edwards", "Ron Clements", "John Musker", "Ted Elliott", "Terry Rossio" ], "actors" : [ "Roscoe Lee Browne", "Corey Burton", "Dane A. Davis", "Joseph Gordon-Levitt" ], "plot" : "A Disney animated version of \"Treasure Island\". The only difference is that the film is set in outer space with alien worlds and other galactic wonders.", "poster" : "http://ia.media-imdb.com/images/M/MV5BMTQ0NDg3MjU2OV5BMl5BanBnXkFtZTYwODgyMDg5._V1_SX300.jpg", "imdb" : { "id" : "tt0133240", "rating" : 7.1, "votes" : 66157 }, "tomato" : { "meter" : 68, "image" : "fresh", "rating" : 6.5, "reviews" : 146, "fresh" : 100, "consensus" : "Though its characterizations are weaker than usual, Treasure Planet offers a fast-paced, beautifully rendered vision of outer space.", "userMeter" : 70, "userRating" : 3.2, "userReviews" : 67264 }, "metacritic" : 60, "awards" : { "wins" : 1, "nominations" : 12, "text" : "Nominated for 1 Oscar. Another 1 win & 12 nominations." }, "type" : "movie" }
{ "_id" : ObjectId("5692a13b24de1e0ce2dfceac"), "title" : "Planet 51", "year" : 2009, "rated" : "PG", "released" : ISODate("2009-11-20T05:00:00Z"), "runtime" : 91, "countries" : [ "Spain", "UK", "USA" ], "genres" : [ "Animation", "Adventure", "Comedy" ], "director" : "Jorge Blanco, Javier Abad, Marcos Martínez", "writers" : [ "Javier Abad", "Jorge Blanco", "Marcos Martínez", "Ignacio Pérez Dolset", "Joe Stillman" ], "actors" : [ "Jessica Biel", "John Cleese", "Gary Oldman", "Dwayne Johnson" ], "plot" : "An alien civilization is invaded by Astronaut Chuck Baker, who believes that the planet was uninhabited. Wanted by the military, Baker must get back to his ship before it goes into orbit without him.", "poster" : "http://ia.media-imdb.com/images/M/MV5BMTUyOTAyNTA5Ml5BMl5BanBnXkFtZTcwODU2OTM0Mg@@._V1_SX300.jpg", "imdb" : { "id" : "tt0762125", "rating" : 6.1, "votes" : 39493 }, "tomato" : { "meter" : 21, "image" : "rotten", "rating" : 4.2, "reviews" : 107, "fresh" : 23, "consensus" : "Planet 51 squanders an interesting premise with an overly familiar storyline, stock characters, and humor that alternates between curious and potentially offensive.", "userMeter" : 39, "userRating" : 2.8, "userReviews" : 356891 }, "metacritic" : 39, "awards" : { "wins" : 3, "nominations" : 4, "text" : "3 wins & 4 nominations." }, "type" : "movie" }
{ "_id" : ObjectId("5692a13d24de1e0ce2dfceba"), "title" : "The Karate Kid", "year" : 1984, "rated" : "PG", "released" : ISODate("1984-06-22T04:00:00Z"), "runtime" : 126, "countries" : [ "USA" ], "genres" : [ "Action", "Drama", "Family" ], "director" : "John G. Avildsen", "writers" : [ "Robert Mark Kamen" ], "actors" : [ "Ralph Macchio", "Pat Morita", "Elisabeth Shue", "Martin Kove" ], "plot" : "A handyman/martial arts master agrees to teach a bullied boy karate and shows him that there is more to the martial art than fighting.", "poster" : "http://ia.media-imdb.com/images/M/MV5BMTkyNjE3MjM2MV5BMl5BanBnXkFtZTYwMzY5ODk4._V1_SX300.jpg", "imdb" : { "id" : "tt0087538", "rating" : 7.2, "votes" : 116573 }, "awards" : { "wins" : 2, "nominations" : 2, "text" : "Nominated for 1 Oscar. Another 2 wins & 2 nominations." }, "type" : "movie" }
Type "it" for more
> it
{ "_id" : ObjectId("5692a13d24de1e0ce2dfcebb"), "title" : "The Karate Kid", "year" : 2010, "rated" : "PG", "released" : ISODate("2010-06-11T04:00:00Z"), "runtime" : 140, "countries" : [ "USA", "China" ], "genres" : [ "Action", "Drama", "Family" ], "director" : "Harald Zwart", "writers" : [ "Christopher Murphey", "Robert Mark Kamen" ], "actors" : [ "Jaden Smith", "Jackie Chan", "Taraji P. Henson", "Wenwen Han" ], "plot" : "Work causes a single mother to move to China with her young son; in his new home, the boy embraces kung fu, taught to him by a master.", "poster" : "http://ia.media-imdb.com/images/M/MV5BMTQ0ODg3ODEyMF5BMl5BanBnXkFtZTcwNjI1MTgxMw@@._V1_SX300.jpg", "imdb" : { "id" : "tt1155076", "rating" : 6.2, "votes" : 113299 }, "tomato" : { "meter" : 66, "image" : "fresh", "rating" : 6.2, "reviews" : 203, "fresh" : 133, "consensus" : "It may not be as powerful as the 1984 edition, but the 2010 Karate Kid delivers a surprisingly satisfying update on the original.", "userMeter" : 67, "userRating" : 3.5, "userReviews" : 281741 }, "metacritic" : 61, "awards" : { "wins" : 5, "nominations" : 13, "text" : "5 wins & 13 nominations." }, "type" : "movie" }
{ "_id" : ObjectId("5692a13d24de1e0ce2dfcebe"), "title" : "The Karate Kid, Part II", "year" : 1986, "rated" : "PG", "released" : ISODate("1986-06-20T04:00:00Z"), "runtime" : 113, "countries" : [ "USA" ], "genres" : [ "Action", "Family", "Romance" ], "director" : "John G. Avildsen", "writers" : [ "Robert Mark Kamen", "Robert Mark Kamen" ], "actors" : [ "Pat Morita", "Ralph Macchio", "Pat E. Johnson", "Bruce Malmuth" ], "plot" : "Daniel accompanies his mentor to Okinawa who is off to see his dying father and confront his old rival, while Daniel inadvertently makes an enemy of his own.", "poster" : "http://ia.media-imdb.com/images/M/MV5BMTg3ODc2Nzc3M15BMl5BanBnXkFtZTYwMDMzNzc5._V1_SX300.jpg", "imdb" : { "id" : "tt0091326", "rating" : 5.9, "votes" : 48530 }, "awards" : { "wins" : 4, "nominations" : 2, "text" : "Nominated for 1 Oscar. Another 4 wins & 2 nominations." }, "type" : "movie" }
{ "_id" : ObjectId("5692a13d24de1e0ce2dfcebf"), "title" : "The Kid", "year" : 2000, "rated" : "PG", "released" : ISODate("2000-07-07T04:00:00Z"), "runtime" : 104, "countries" : [ "USA" ], "genres" : [ "Comedy", "Family", "Fantasy" ], "director" : "Jon Turteltaub", "writers" : [ "Audrey Wells" ], "actors" : [ "Bruce Willis", "Spencer Breslin", "Emily Mortimer", "Lily Tomlin" ], "plot" : "An unhappy and disliked image consultant gets a second shot at life when an eight year old version of himself mysteriously appears.", "poster" : "http://ia.media-imdb.com/images/M/MV5BMTIwMzk2NTE5NF5BMl5BanBnXkFtZTcwMTcyOTAwMQ@@._V1_SX300.jpg", "imdb" : { "id" : "tt0219854", "rating" : 6.1, "votes" : 33391 }, "tomato" : { "meter" : 49, "image" : "rotten", "rating" : 5.2, "reviews" : 97, "fresh" : 48, "consensus" : "Critics find The Kid to be too sweet and the movie's message to be annoyingly simplistic.", "userMeter" : 49, "userRating" : 3, "userReviews" : 60463 }, "metacritic" : 45, "awards" : { "wins" : 1, "nominations" : 2, "text" : "1 win & 2 nominations." }, "type" : "movie" }
{ "_id" : ObjectId("5692a13d24de1e0ce2dfcec0"), "title" : "Honey I Blew Up the Kid", "year" : 1992, "rated" : "PG", "released" : ISODate("1992-07-17T04:00:00Z"), "runtime" : 89, "countries" : [ "USA" ], "genres" : [ "Adventure", "Comedy", "Family" ], "director" : "Randal Kleiser", "writers" : [ "Stuart Gordon", "Brian Yuzna", "Ed Naha", "Garry Goodrow", "Thom Eberhardt", "Peter Elbling", "Garry Goodrow" ], "actors" : [ "Rick Moranis", "Marcia Strassman", "Robert Oliveri", "Daniel Shalikar" ], "plot" : "The Szalinski family is back, this time hilarious disaster strikes when an experiment causes their new toddler son to grow many stories tall.", "poster" : "http://ia.media-imdb.com/images/M/MV5BMTIyNTQ0NDc4NF5BMl5BanBnXkFtZTcwMTcxNTcyMQ@@._V1_SX300.jpg", "imdb" : { "id" : "tt0104437", "rating" : 4.7, "votes" : 30731 }, "awards" : { "wins" : 0, "nominations" : 10, "text" : "10 nominations." }, "type" : "movie" }
{ "_id" : ObjectId("5692a13d24de1e0ce2dfcec1"), "title" : "Diary of a Wimpy Kid", "year" : 2010, "rated" : "PG", "released" : ISODate("2010-03-19T04:00:00Z"), "runtime" : 94, "countries" : [ "USA" ], "genres" : [ "Comedy", "Family" ], "director" : "Thor Freudenthal", "writers" : [ "Jackie Filgo", "Jeff Filgo", "Gabe Sachs", "Jeff Judah", "Jeff Kinney" ], "actors" : [ "Zachary Gordon", "Robert Capron", "Rachael Harris", "Steve Zahn" ], "plot" : "The adventures of a teenager who is fresh out and in Middle School, where he has to learn the consequences and responsibility to survive the year.", "poster" : "http://ia.media-imdb.com/images/M/MV5BMTg3NzQ2NDgyNF5BMl5BanBnXkFtZTcwMDc1NzIyMw@@._V1_SX300.jpg", "imdb" : { "id" : "tt1196141", "rating" : 6.2, "votes" : 30079 }, "tomato" : { "meter" : 53, "image" : "rotten", "rating" : 5.5, "reviews" : 105, "fresh" : 56, "consensus" : "Unlike its bestselling source material, Diary of a Wimpy Kid fails to place a likable protagonist at the center of its middle-school humor -- and its underlying message is drowned out as a result.", "userMeter" : 49, "userRating" : 3.2, "userReviews" : 102770 }, "metacritic" : 56, "awards" : { "wins" : 5, "nominations" : 8, "text" : "5 wins & 8 nominations." }, "type" : "movie" }
{ "_id" : ObjectId("5692a13d24de1e0ce2dfcec3"), "title" : "Trail of the Pink Panther", "year" : 1982, "rated" : "PG", "released" : ISODate("1982-12-17T05:00:00Z"), "runtime" : 96, "countries" : [ "UK", "USA" ], "genres" : [ "Comedy", "Crime", "Mystery" ], "director" : "Blake Edwards", "writers" : [ "Blake Edwards", "Frank Waldman", "Tom Waldman", "Blake Edwards", "Geoffrey Edwards" ], "actors" : [ "Peter Sellers", "David Niven", "Herbert Lom", "Richard Mulligan" ], "plot" : "Inspector Clouseau mysteriously disappears and a journalist attempts to uncover the mystery. New scenes are interspersed with old footage of Peter Sellers from the previous films.", "poster" : "http://ia.media-imdb.com/images/M/MV5BMTkwMDQ3NTM1N15BMl5BanBnXkFtZTcwODgyMTM4NA@@._V1_SX300.jpg", "imdb" : { "id" : "tt0084814", "rating" : 4.9, "votes" : 7106 }, "awards" : { "wins" : 0, "nominations" : 0, "text" : "" }, "type" : "movie" }
{ "_id" : ObjectId("5692a14124de1e0ce2dfceda"), "title" : "Urban Cowboy", "year" : 1980, "rated" : "PG", "released" : ISODate("1980-06-06T04:00:00Z"), "runtime" : 132, "countries" : [ "USA" ], "genres" : [ "Drama", "Romance", "Western" ], "director" : "James Bridges", "writers" : [ "Aaron Latham", "James Bridges", "Aaron Latham" ], "actors" : [ "John Travolta", "Debra Winger", "Scott Glenn", "Madolyn Smith Osborne" ], "plot" : "Bud is a young man from the country who learns about life and love in a Houston bar.", "poster" : "http://ia.media-imdb.com/images/M/MV5BMTM5OTk1NjkwMV5BMl5BanBnXkFtZTgwMzg0MjEyMDE@._V1_SX300.jpg", "imdb" : { "id" : "tt0081696", "rating" : 6.2, "votes" : 9746 }, "awards" : { "wins" : 0, "nominations" : 4, "text" : "Nominated for 2 Golden Globes. Another 4 nominations." }, "type" : "movie" }
{ "_id" : ObjectId("5692a14124de1e0ce2dfcee1"), "title" : "Top Gun", "year" : 1986, "rated" : "PG", "released" : ISODate("1986-05-16T04:00:00Z"), "runtime" : 110, "countries" : [ "USA" ], "genres" : [ "Action", "Drama", "Romance" ], "director" : "Tony Scott", "writers" : [ "Jim Cash", "Jack Epps Jr.", "Ehud Yonay" ], "actors" : [ "Tom Cruise", "Kelly McGillis", "Val Kilmer", "Anthony Edwards" ], "plot" : "As students at the United States Navy's elite fighter weapons school compete to be best in the class, one daring young pilot learns a few things from a civilian instructor that are not taught in the classroom.", "poster" : "http://ia.media-imdb.com/images/M/MV5BMTY3ODg4OTU3Nl5BMl5BanBnXkFtZTYwMjI1Nzg4._V1_SX300.jpg", "imdb" : { "id" : "tt0092099", "rating" : 6.9, "votes" : 207728 }, "awards" : { "wins" : 9, "nominations" : 5, "text" : "Won 1 Oscar. Another 9 wins & 5 nominations." }, "type" : "movie" }
{ "_id" : ObjectId("5692a14224de1e0ce2dfcee5"), "title" : "The Man with the Golden Gun", "year" : 1974, "rated" : "PG", "released" : ISODate("1974-12-20T05:00:00Z"), "runtime" : 125, "countries" : [ "UK", "USA" ], "genres" : [ "Action", "Adventure", "Thriller" ], "director" : "Guy Hamilton", "writers" : [ "Richard Maibaum", "Tom Mankiewicz" ], "actors" : [ "Roger Moore", "Christopher Lee", "Britt Ekland", "Maud Adams" ], "plot" : "James Bond is led to believe that he is targeted by the world's most expensive assassin while he attempts to recover sensitive solar cell technology that is being sold to the highest bidder.", "poster" : "http://ia.media-imdb.com/images/M/MV5BODg3NjQ0MjMwN15BMl5BanBnXkFtZTcwNTY5MDg0NA@@._V1_SX300.jpg", "imdb" : { "id" : "tt0071807", "rating" : 6.8, "votes" : 70400 }, "awards" : { "wins" : 1, "nominations" : 1, "text" : "1 win & 1 nomination." }, "type" : "movie" }
{ "_id" : ObjectId("5692a14424de1e0ce2dfcef5"), "title" : "Bill & Ted's Excellent Adventure", "year" : 1989, "rated" : "PG", "released" : ISODate("1989-02-17T05:00:00Z"), "runtime" : 90, "countries" : [ "USA" ], "genres" : [ "Adventure", "Comedy", "Sci-Fi" ], "director" : "Stephen Herek", "writers" : [ "Chris Matheson", "Ed Solomon" ], "actors" : [ "Keanu Reeves", "Alex Winter", "George Carlin", "Terry Camilleri" ], "plot" : "Two seemingly dumb teens struggle to prepare a historical presentation with the help of a time machine.", "poster" : "http://ia.media-imdb.com/images/M/MV5BMTk3Mjk5MzI3OF5BMl5BanBnXkFtZTcwMTY4MzcyNA@@._V1_SX300.jpg", "imdb" : { "id" : "tt0096928", "rating" : 6.9, "votes" : 81746 }, "tomato" : { "meter" : 79, "image" : "certified", "rating" : 6.5, "reviews" : 43, "fresh" : 34, "consensus" : "Keanu Reeves and Alex Winter are just charming, goofy, and silly enough to make this fluffy time-travel Adventure work.", "userMeter" : 75, "userRating" : 3.3, "userReviews" : 375166 }, "metacritic" : 44, "awards" : { "wins" : 0, "nominations" : 3, "text" : "3 nominations." }, "type" : "movie" }
{ "_id" : ObjectId("5692a14424de1e0ce2dfcef6"), "title" : "Pee-wee's Big Adventure", "year" : 1985, "rated" : "PG", "released" : ISODate("1985-08-09T04:00:00Z"), "runtime" : 91, "countries" : [ "USA" ], "genres" : [ "Adventure", "Comedy", "Family" ], "director" : "Tim Burton", "writers" : [ "Phil Hartman", "Paul Reubens", "Michael Varhol" ], "actors" : [ "Paul Reubens", "Elizabeth Daily", "Mark Holton", "Diane Salinger" ], "plot" : "When eccentric man-child Pee-Wee Herman gets his beloved bike stolen in broad daylight, he sets out across the U.S. on the adventure of his life.", "poster" : "http://ia.media-imdb.com/images/M/MV5BMjEyMjI3MjAxMF5BMl5BanBnXkFtZTYwOTMxNzk4._V1_SX300.jpg", "imdb" : { "id" : "tt0089791", "rating" : 7, "votes" : 39692 }, "tomato" : { "meter" : 88, "image" : "certified", "rating" : 7.8, "reviews" : 43, "fresh" : 38, "consensus" : "Pee-Wee's Big Adventure brings Paul Reubens' famous character to the big screen intact, along with enough inspired silliness to dazzle children of all ages.", "userMeter" : 79, "userRating" : 3, "userReviews" : 112623 }, "metacritic" : 47, "awards" : { "wins" : 1, "nominations" : 2, "text" : "1 win & 2 nominations." }, "type" : "movie" }
{ "_id" : ObjectId("5692a14424de1e0ce2dfcef7"), "title" : "The Poseidon Adventure", "year" : 1972, "rated" : "PG", "released" : ISODate("1972-12-13T05:00:00Z"), "runtime" : 117, "countries" : [ "USA" ], "genres" : [ "Action", "Adventure", "Drama" ], "director" : "Ronald Neame, Irwin Allen", "writers" : [ "Paul Gallico", "Stirling Silliphant", "Wendell Mayes" ], "actors" : [ "Gene Hackman", "Ernest Borgnine", "Red Buttons", "Carol Lynley" ], "plot" : "A group of passengers struggle to survive and escape when their ocean liner completely capsizes at sea.", "poster" : "http://ia.media-imdb.com/images/M/MV5BMTczNDU2MzIzNl5BMl5BanBnXkFtZTYwNjg0MDY5._V1_SX300.jpg", "imdb" : { "id" : "tt0069113", "rating" : 7.1, "votes" : 31707 }, "awards" : { "wins" : 4, "nominations" : 13, "text" : "Won 1 Oscar. Another 4 wins & 13 nominations." }, "type" : "movie" }
{ "_id" : ObjectId("5692a14524de1e0ce2dfcefa"), "title" : "Free Willy 2: The Adventure Home", "year" : 1995, "rated" : "PG", "released" : ISODate("1995-07-19T04:00:00Z"), "runtime" : 95, "countries" : [ "France", "USA" ], "genres" : [ "Adventure", "Drama" ], "director" : "Dwight H. Little", "writers" : [ "Keith Walker", "Karen Janszen", "Corey Blechman", "John Mattson" ], "actors" : [ "Jason James Richter", "Francis Capra", "Mary Kate Schellhardt", "August Schellenberg" ], "plot" : "Jesse becomes reunited with Willy three years after the whale's jump to freedom as the teenager tries to rescue the killer whale and other orcas from an oil spill.", "poster" : "http://ia.media-imdb.com/images/M/MV5BMjgyNTc4Mzk4OV5BMl5BanBnXkFtZTcwMDgwMDQyMQ@@._V1_SX300.jpg", "imdb" : { "id" : "tt0113114", "rating" : 4.9, "votes" : 12171 }, "awards" : { "wins" : 1, "nominations" : 2, "text" : "1 win & 2 nominations." }, "type" : "movie" }
{ "_id" : ObjectId("5692a14524de1e0ce2dfcefd"), "title" : "Arthur and the Great Adventure", "year" : 2009, "rated" : "PG", "released" : ISODate("2009-12-02T05:00:00Z"), "runtime" : 93, "countries" : [ "France" ], "genres" : [ "Animation", "Adventure", "Family" ], "director" : "Luc Besson", "writers" : [ "Patrice Garcia", "Luc Besson", "Luc Besson", "Céline Garcia" ], "actors" : [ "Selena Gomez", "Freddie Highmore", "Logan Miller", "Mia Farrow" ], "plot" : "Arthur answers a distress call from Princess Selenia, who is menaced by the nefarious Maltazard.", "poster" : "http://ia.media-imdb.com/images/M/MV5BMjAwMjUzOTcyNF5BMl5BanBnXkFtZTgwOTQ2MTA2MDE@._V1_SX300.jpg", "imdb" : { "id" : "tt0940657", "rating" : 5.3, "votes" : 5046 }, "awards" : { "wins" : 0, "nominations" : 0, "text" : "" }, "type" : "movie" }
{ "_id" : ObjectId("5692a14524de1e0ce2dfcf01"), "title" : "Where the Wild Things Are", "year" : 2009, "rated" : "PG", "released" : ISODate("2009-10-16T04:00:00Z"), "runtime" : 101, "countries" : [ "Germany", "Australia", "USA" ], "genres" : [ "Adventure", "Drama", "Family" ], "director" : "Spike Jonze", "writers" : [ "Spike Jonze", "Dave Eggers", "Maurice Sendak" ], "actors" : [ "Max Records", "Pepita Emmerichs", "Max Pfeifer", "Madeleine Greaves" ], "plot" : "Yearning for escape and adventure, a young boy runs away from home and sails to an island filled with creatures that take him in as their king.", "poster" : "http://ia.media-imdb.com/images/M/MV5BNzQ1NzAwODEwM15BMl5BanBnXkFtZTcwNTE4MjI4Mg@@._V1_SX300.jpg", "imdb" : { "id" : "tt0386117", "rating" : 6.8, "votes" : 84841 }, "tomato" : { "meter" : 73, "image" : "fresh", "rating" : 6.9, "reviews" : 253, "fresh" : 184, "consensus" : "Some may find its dark tone and slender narrative off-putting, but Spike Jonze's heartfelt adaptation of the classic children's book is as beautiful as it is uncompromising.", "userMeter" : 56, "userRating" : 3.3, "userReviews" : 298047 }, "metacritic" : 71, "awards" : { "wins" : 7, "nominations" : 44, "text" : "Nominated for 1 Golden Globe. Another 7 wins & 44 nominations." }, "type" : "movie" }
{ "_id" : ObjectId("5692a14724de1e0ce2dfcf13"), "title" : "Bound for Glory", "year" : 1976, "rated" : "PG", "released" : ISODate("1976-12-05T05:00:00Z"), "runtime" : 147, "countries" : [ "USA" ], "genres" : [ "Biography", "Drama", "Music" ], "director" : "Hal Ashby", "writers" : [ "Robert Getchell", "Woody Guthrie" ], "actors" : [ "David Carradine", "Ronny Cox", "Melinda Dillon", "Gail Strickland" ], "plot" : "The early life of Woody Guthrie as a vagabond folk singer.", "poster" : "http://ia.media-imdb.com/images/M/MV5BMjE2NDg2NzY0NV5BMl5BanBnXkFtZTYwOTg1NTM5._V1_SX300.jpg", "imdb" : { "id" : "tt0074235", "rating" : 7.4, "votes" : 3517 }, "awards" : { "wins" : 4, "nominations" : 11, "text" : "Won 2 Oscars. Another 4 wins & 11 nominations." }, "type" : "movie" }
{ "_id" : ObjectId("5692a14824de1e0ce2dfcf1d"), "title" : "Journey 2: The Mysterious Island", "year" : 2012, "rated" : "PG", "released" : ISODate("2012-02-10T05:00:00Z"), "runtime" : 94, "countries" : [ "USA" ], "genres" : [ "Action", "Adventure", "Comedy" ], "director" : "Brad Peyton", "writers" : [ "Brian Gunn", "Mark Gunn", "Richard Outten", "Brian Gunn", "Mark Gunn", "Jules Verne" ], "actors" : [ "Dwayne Johnson", "Michael Caine", "Josh Hutcherson", "Luis Guzmán" ], "plot" : "Sean Anderson partners with his mom's husband on a mission to find his grandfather, who is thought to be missing on a mythical island.", "poster" : "http://ia.media-imdb.com/images/M/MV5BMjA5MTE1MjQyNV5BMl5BanBnXkFtZTcwODI4NDMwNw@@._V1_SX300.jpg", "imdb" : { "id" : "tt1397514", "rating" : 5.8, "votes" : 62984 }, "tomato" : { "meter" : 42, "image" : "rotten", "rating" : 4.9, "reviews" : 124, "fresh" : 52, "consensus" : "Aggressively unambitious, Journey 2 might thrill tween viewers, but most others will find it too intense for young audiences and too cartoonishly dull for adults.", "userMeter" : 59, "userRating" : 3.6, "userReviews" : 211993 }, "metacritic" : 41, "awards" : { "wins" : 3, "nominations" : 4, "text" : "3 wins & 4 nominations." }, "type" : "movie" }
{ "_id" : ObjectId("5692a14824de1e0ce2dfcf1e"), "title" : "Spy Kids 2: Island of Lost Dreams", "year" : 2002, "rated" : "PG", "released" : ISODate("2002-08-07T04:00:00Z"), "runtime" : 100, "countries" : [ "USA" ], "genres" : [ "Action", "Adventure", "Comedy" ], "director" : "Robert Rodriguez", "writers" : [ "Robert Rodriguez" ], "actors" : [ "Antonio Banderas", "Carla Gugino", "Alexa PenaVega", "Daryl Sabara" ], "plot" : "The Cortez siblings set out for a mysterious island, where they encounter a genetic scientist and a set of rival spy kids.", "poster" : "http://ia.media-imdb.com/images/M/MV5BMTM0NzA1Njg2NF5BMl5BanBnXkFtZTYwNzA1MTg5._V1_SX300.jpg", "imdb" : { "id" : "tt0287717", "rating" : 5.1, "votes" : 42036 }, "tomato" : { "meter" : 74, "image" : "certified", "rating" : 6.6, "reviews" : 133, "fresh" : 99, "consensus" : "Though the concept is no longer fresh, Spy Kids 2 is still an agreeable and energetic romp.", "userMeter" : 38, "userRating" : 2.6, "userReviews" : 125856 }, "metacritic" : 66, "awards" : { "wins" : 3, "nominations" : 3, "text" : "3 wins & 3 nominations." }, "type" : "movie" }
{ "_id" : ObjectId("5692a14824de1e0ce2dfcf1f"), "title" : "Nim's Island", "year" : 2008, "rated" : "PG", "released" : ISODate("2008-04-04T04:00:00Z"), "runtime" : 96, "countries" : [ "USA" ], "genres" : [ "Adventure", "Comedy", "Family" ], "director" : "Jennifer Flackett, Mark Levin", "writers" : [ "Joseph Kwong", "Paula Mazur", "Mark Levin", "Jennifer Flackett", "Wendy Orr" ], "actors" : [ "Abigail Breslin", "Jodie Foster", "Gerard Butler", "Michael Carman" ], "plot" : "A young girl inhabits an isolated island with her scientist father and communicates with a reclusive author of the novel she's reading.", "poster" : "http://ia.media-imdb.com/images/M/MV5BMTA0OTk0NjIwMDleQTJeQWpwZ15BbWU3MDg3NjM0NTE@._V1_SX300.jpg", "imdb" : { "id" : "tt0410377", "rating" : 6, "votes" : 27061 }, "tomato" : { "meter" : 51, "image" : "rotten", "rating" : 5.7, "reviews" : 101, "fresh" : 52, "consensus" : "Despite good intentions, Nim's Island flounders under an implausible storyline, simplistic stock characters, and distracting product placement.", "userMeter" : 46, "userRating" : 3.1, "userReviews" : 181059 }, "metacritic" : 55, "awards" : { "wins" : 1, "nominations" : 3, "text" : "1 win & 3 nominations." }, "type" : "movie" }
{ "_id" : ObjectId("5692a14924de1e0ce2dfcf28"), "title" : "Journey to the Center of the Earth", "year" : 2008, "rated" : "PG", "released" : ISODate("2008-07-11T04:00:00Z"), "runtime" : 93, "countries" : [ "USA" ], "genres" : [ "Action", "Adventure", "Family" ], "director" : "Eric Brevig", "writers" : [ "Michael D. Weiss", "Jennifer Flackett", "Mark Levin", "Jules Verne" ], "actors" : [ "Brendan Fraser", "Josh Hutcherson", "Anita Briem", "Seth Meyers" ], "plot" : "On a quest to find out what happened to his missing brother, a scientist, his nephew and their mountain guide discover a fantastic and dangerous lost world in the center of the earth.", "poster" : "http://ia.media-imdb.com/images/M/MV5BMTk1MzY1MzU1MF5BMl5BanBnXkFtZTcwOTQ2NjM3MQ@@._V1_SX300.jpg", "imdb" : { "id" : "tt0373051", "rating" : 5.8, "votes" : 80040 }, "tomato" : { "meter" : 61, "image" : "fresh", "rating" : 6, "reviews" : 155, "fresh" : 95, "consensus" : "Modern visuals and an old fasioned storyline make this family adventure/comedy a fast-paced, kitschy ride.", "userMeter" : 51, "userRating" : 3.2, "userReviews" : 255799 }, "metacritic" : 57, "awards" : { "wins" : 1, "nominations" : 3, "text" : "1 win & 3 nominations." }, "type" : "movie" }
Type "it" for more
> it
{ "_id" : ObjectId("5692a14924de1e0ce2dfcf29"), "title" : "Like Stars on Earth", "year" : 2007, "rated" : "PG", "released" : ISODate("2007-12-21T05:00:00Z"), "runtime" : 165, "countries" : [ "India" ], "genres" : [ "Drama", "Family", "Music" ], "director" : "Aamir Khan, Amole Gupte", "writers" : [ "Amole Gupte", "Amole Gupte" ], "actors" : [ "Darsheel Safary", "Aamir Khan", "Tanay Chheda", "Sachet Engineer" ], "plot" : "An eight-year-old boy is thought to be lazy and a trouble-maker, until the new art teacher has the patience and compassion to discover the real problem behind his struggles in school.", "poster" : "http://ia.media-imdb.com/images/M/MV5BMTU4NzYwNjYzNV5BMl5BanBnXkFtZTcwNjE4MjA3Mg@@._V1_SX300.jpg", "imdb" : { "id" : "tt0986264", "rating" : 8.5, "votes" : 79144 }, "awards" : { "wins" : 13, "nominations" : 15, "text" : "13 wins & 15 nominations." }, "type" : "movie" }
{ "_id" : ObjectId("5692a14924de1e0ce2dfcf2e"), "title" : "Escape from Planet Earth", "year" : 2013, "rated" : "PG", "released" : ISODate("2013-02-15T05:00:00Z"), "runtime" : 89, "countries" : [ "USA", "Canada" ], "genres" : [ "Animation", "Adventure", "Comedy" ], "director" : "Cal Brunker", "writers" : [ "Bob Barlen", "Cal Brunker", "Tony Leech", "Cory Edwards", "Stephen Fry" ], "actors" : [ "Brendan Fraser", "Rob Corddry", "Ricky Gervais", "Jonathan Morgan Heit" ], "plot" : "Astronaut Scorch Supernova finds himself caught in a trap when he responds to an SOS from a notoriously dangerous alien planet.", "poster" : "http://ia.media-imdb.com/images/M/MV5BMTQyMTk4NjkyMl5BMl5BanBnXkFtZTcwMzA2OTY4OA@@._V1_SX300.jpg", "imdb" : { "id" : "tt0765446", "rating" : 5.9, "votes" : 19679 }, "tomato" : { "meter" : 33, "image" : "rotten", "rating" : 4.6, "reviews" : 43, "fresh" : 14, "consensus" : null, "userMeter" : 54, "userRating" : 3.4, "userReviews" : 35174 }, "metacritic" : 35, "awards" : { "wins" : 1, "nominations" : 0, "text" : "1 win." }, "type" : "movie" }
{ "_id" : ObjectId("5692a14a24de1e0ce2dfcf39"), "title" : "Raiders of the Lost Ark", "year" : 1981, "rated" : "PG", "released" : ISODate("1981-06-12T04:00:00Z"), "runtime" : 115, "countries" : [ "USA" ], "genres" : [ "Action", "Adventure" ], "director" : "Steven Spielberg", "writers" : [ "Lawrence Kasdan", "George Lucas", "Philip Kaufman" ], "actors" : [ "Harrison Ford", "Karen Allen", "Paul Freeman", "Ronald Lacey" ], "plot" : "Archaeologist and adventurer Indiana Jones is hired by the US government to find the Ark of the Covenant before the Nazis.", "poster" : "http://ia.media-imdb.com/images/M/MV5BMjA0ODEzMTc1Nl5BMl5BanBnXkFtZTcwODM2MjAxNA@@._V1_SX300.jpg", "imdb" : { "id" : "tt0082971", "rating" : 8.5, "votes" : 616230 }, "tomato" : { "meter" : 96, "image" : "certified", "rating" : 9.2, "reviews" : 67, "fresh" : 64, "consensus" : "Featuring bravura set pieces, sly humor, and white-knuckle action, Raiders of the Lost Ark is one of the most consummately entertaining adventure pictures of all time.", "userMeter" : 96, "userRating" : 4.1, "userReviews" : 822379 }, "metacritic" : 90, "awards" : { "wins" : 28, "nominations" : 23, "text" : "Won 4 Oscars. Another 28 wins & 23 nominations." }, "type" : "movie" }
{ "_id" : ObjectId("5692a14a24de1e0ce2dfcf3c"), "title" : "Home Alone 2: Lost in New York", "year" : 1992, "rated" : "PG", "released" : ISODate("1992-11-20T05:00:00Z"), "runtime" : 120, "countries" : [ "USA" ], "genres" : [ "Adventure", "Comedy", "Family" ], "director" : "Chris Columbus", "writers" : [ "John Hughes", "John Hughes" ], "actors" : [ "Macaulay Culkin", "Joe Pesci", "Daniel Stern", "Catherine O'Hara" ], "plot" : "One year after Kevin was left home alone and had to defeat a pair of bumbling burglars, he accidentally finds himself in New York City, and the same criminals are not far behind.", "poster" : "http://ia.media-imdb.com/images/M/MV5BMTYyODQzNDk1OV5BMl5BanBnXkFtZTcwOTM3MTU1MQ@@._V1_SX300.jpg", "imdb" : { "id" : "tt0104431", "rating" : 6.6, "votes" : 181883 }, "awards" : { "wins" : 3, "nominations" : 2, "text" : "3 wins & 2 nominations." }, "type" : "movie" }
{ "_id" : ObjectId("5692a14b24de1e0ce2dfcf3f"), "title" : "Atlantis: The Lost Empire", "year" : 2001, "rated" : "PG", "released" : ISODate("2001-06-15T04:00:00Z"), "runtime" : 95, "countries" : [ "USA" ], "genres" : [ "Animation", "Action", "Adventure" ], "director" : "Gary Trousdale, Kirk Wise", "writers" : [ "Tab Murphy", "Kirk Wise", "Gary Trousdale", "Joss Whedon", "Bryce Zabel", "Jackie Zabel", "Tab Murphy", "David Reynolds" ], "actors" : [ "Michael J. Fox", "Corey Burton", "James Garner", "Claudia Christian" ], "plot" : "A young adventurer named Milo Thatch joins an intrepid group of explorers to find the mysterious lost continent of Atlantis.", "poster" : "http://ia.media-imdb.com/images/M/MV5BMjE0MDU2MTQ2M15BMl5BanBnXkFtZTYwOTc5OTI3._V1_SX300.jpg", "imdb" : { "id" : "tt0230011", "rating" : 6.8, "votes" : 67493 }, "tomato" : { "meter" : 49, "image" : "rotten", "rating" : 5.5, "reviews" : 141, "fresh" : 69, "consensus" : "Atlantis provides a fast-paced spectacle, but stints on such things as character development and a coherent plot.", "userMeter" : 52, "userRating" : 2.9, "userReviews" : 364701 }, "metacritic" : 52, "awards" : { "wins" : 1, "nominations" : 16, "text" : "1 win & 16 nominations." }, "type" : "movie" }
{ "_id" : ObjectId("5692a14c24de1e0ce2dfcf47"), "title" : "A Little Romance", "year" : 1979, "rated" : "PG", "released" : ISODate("1979-04-27T05:00:00Z"), "runtime" : 110, "countries" : [ "France", "USA" ], "genres" : [ "Adventure", "Comedy", "Romance" ], "director" : "George Roy Hill", "writers" : [ "Allan Burns", "Claude Klotz" ], "actors" : [ "Laurence Olivier", "Diane Lane", "Thelonious Bernard", "Arthur Hill" ], "plot" : "A French boy (Daniel) and an American girl (Lauren), who goes to school in Paris, meet and begin a little romance. They befriend Julius who enchants them with his storytelling. In an ...", "poster" : "http://ia.media-imdb.com/images/M/MV5BMjE2MzYxMjMyN15BMl5BanBnXkFtZTcwMjI0NjYxMQ@@._V1_SX300.jpg", "imdb" : { "id" : "tt0079477", "rating" : 7.5, "votes" : 3821 }, "awards" : { "wins" : 4, "nominations" : 5, "text" : "Won 1 Oscar. Another 4 wins & 5 nominations." }, "type" : "movie" }
{ "_id" : ObjectId("5692a14d24de1e0ce2dfcf4e"), "title" : "Stuart Little", "year" : 1999, "rated" : "PG", "released" : ISODate("1999-12-17T05:00:00Z"), "runtime" : 84, "countries" : [ "Germany", "USA" ], "genres" : [ "Adventure", "Comedy", "Family" ], "director" : "Rob Minkoff", "writers" : [ "E.B. White", "M. Night Shyamalan", "Greg Brooker" ], "actors" : [ "Michael J. Fox", "Geena Davis", "Hugh Laurie", "Jonathan Lipnicki" ], "plot" : "The Little family adopt a charming young mouse named Stuart, but the family cat wants rid of him.", "poster" : "http://ia.media-imdb.com/images/M/MV5BMjAzNTM1MTU4NV5BMl5BanBnXkFtZTYwNjQ3Mjk4._V1_SX300.jpg", "imdb" : { "id" : "tt0164912", "rating" : 5.9, "votes" : 87286 }, "tomato" : { "meter" : 66, "image" : "fresh", "rating" : 6.3, "reviews" : 97, "fresh" : 64, "consensus" : "Critics say Stuart Little is charming with kids and adults for its humor and visual effects.", "userMeter" : 41, "userRating" : 2.9, "userReviews" : 494843 }, "metacritic" : 61, "awards" : { "wins" : 7, "nominations" : 12, "text" : "Nominated for 1 Oscar. Another 7 wins & 12 nominations." }, "type" : "movie" }
{ "_id" : ObjectId("5692a14e24de1e0ce2dfcf54"), "title" : "Little Women", "year" : 1994, "rated" : "PG", "released" : ISODate("1994-12-25T05:00:00Z"), "runtime" : 115, "countries" : [ "USA", "Canada" ], "genres" : [ "Drama", "Romance" ], "director" : "Gillian Armstrong", "writers" : [ "Louisa May Alcott", "Robin Swicord" ], "actors" : [ "Winona Ryder", "Gabriel Byrne", "Trini Alvarado", "Samantha Mathis" ], "plot" : "The March sisters live and grow in post-Civil War America.", "poster" : "http://ia.media-imdb.com/images/M/MV5BMjE0MzkwMDczNV5BMl5BanBnXkFtZTcwNzU1ODYxMQ@@._V1_SX300.jpg", "imdb" : { "id" : "tt0110367", "rating" : 7.3, "votes" : 34726 }, "tomato" : null, "metacritic" : 87, "awards" : { "wins" : 5, "nominations" : 13, "text" : "Nominated for 3 Oscars. Another 5 wins & 13 nominations." }, "type" : "movie" }
{ "_id" : ObjectId("5692a14e24de1e0ce2dfcf55"), "title" : "Stuart Little 2", "year" : 2002, "rated" : "PG", "released" : ISODate("2002-07-19T04:00:00Z"), "runtime" : 77, "countries" : [ "USA" ], "genres" : [ "Animation", "Adventure", "Comedy" ], "director" : "Rob Minkoff", "writers" : [ "E.B. White", "Douglas Wick", "Bruce Joel Rubin", "Bruce Joel Rubin" ], "actors" : [ "Michael J. Fox", "Geena Davis", "Hugh Laurie", "Jonathan Lipnicki" ], "plot" : "Stuart and Snowbell set out across town to rescue a friend.", "poster" : "http://ia.media-imdb.com/images/M/MV5BMTYyNDg0Njc2Nl5BMl5BanBnXkFtZTYwMDc3NzQ3._V1_SX300.jpg", "imdb" : { "id" : "tt0243585", "rating" : 5.4, "votes" : 33546 }, "tomato" : { "meter" : 81, "image" : "certified", "rating" : 7, "reviews" : 122, "fresh" : 99, "consensus" : "Stuart Little 2 is a sweet, visually impressive sequel that provides wholesome entertainment for kids.", "userMeter" : 40, "userRating" : 2.7, "userReviews" : 179445 }, "metacritic" : 66, "awards" : { "wins" : 1, "nominations" : 4, "text" : "1 win & 4 nominations." }, "type" : "movie" }
{ "_id" : ObjectId("5692a14f24de1e0ce2dfcf62"), "title" : "Big Hero 6", "year" : 2014, "rated" : "PG", "released" : ISODate("2014-11-07T05:00:00Z"), "runtime" : 102, "countries" : [ "USA" ], "genres" : [ "Animation", "Action", "Adventure" ], "director" : "Don Hall, Chris Williams", "writers" : [ "Jordan Roberts", "Robert L. Baird", "Daniel Gerson", "Man of Action", "Steven T. Seagle", "Joseph Mateo", "Paul Briggs" ], "actors" : [ "Scott Adsit", "Ryan Potter", "Daniel Henney", "T.J. Miller" ], "plot" : "The special bond that develops between plus-sized inflatable robot Baymax, and prodigy Hiro Hamada, who team up with a group of friends to form a band of high-tech heroes.", "poster" : "http://ia.media-imdb.com/images/M/MV5BMjI4MTIzODU2NV5BMl5BanBnXkFtZTgwMjE0NDAwMjE@._V1_SX300.jpg", "imdb" : { "id" : "tt2245084", "rating" : 7.9, "votes" : 231909 }, "tomato" : { "meter" : 89, "image" : "certified", "rating" : 7.4, "reviews" : 192, "fresh" : 171, "consensus" : "Agreeably entertaining and brilliantly animated, Big Hero 6 is briskly-paced, action-packed, and often touching.", "userMeter" : 91, "userRating" : 4.3, "userReviews" : 124407 }, "metacritic" : 74, "awards" : { "wins" : 11, "nominations" : 51, "text" : "Won 1 Oscar. Another 11 wins & 51 nominations." }, "type" : "movie" }
{ "_id" : ObjectId("5692a14f24de1e0ce2dfcf64"), "title" : "Big", "year" : 1988, "rated" : "PG", "released" : ISODate("1988-06-03T04:00:00Z"), "runtime" : 104, "countries" : [ "USA" ], "genres" : [ "Comedy", "Drama", "Fantasy" ], "director" : "Penny Marshall", "writers" : [ "Gary Ross", "Anne Spielberg" ], "actors" : [ "Tom Hanks", "Elizabeth Perkins", "Robert Loggia", "John Heard" ], "plot" : "When a boy wishes to be big at a magic wish machine, he wakes up the next morning and finds himself in an adult body.", "poster" : "http://ia.media-imdb.com/images/M/MV5BNDk0OTM1Mzk3M15BMl5BanBnXkFtZTgwNDg2NjIyMDE@._V1_SX300.jpg", "imdb" : { "id" : "tt0094737", "rating" : 7.3, "votes" : 143457 }, "tomato" : { "meter" : 97, "image" : "certified", "rating" : 7.9, "reviews" : 71, "fresh" : 69, "consensus" : "Refreshingly sweet and undeniably funny, Big is a showcase for Tom Hanks, who dives into his role and infuses it with charm and surprising poignancy.", "userMeter" : 82, "userRating" : 3.5, "userReviews" : 400342 }, "metacritic" : 72, "awards" : { "wins" : 11, "nominations" : 12, "text" : "Nominated for 2 Oscars. Another 11 wins & 12 nominations." }, "type" : "movie" }
{ "_id" : ObjectId("5692a14f24de1e0ce2dfcf65"), "title" : "My Big Fat Greek Wedding", "year" : 2002, "rated" : "PG", "released" : ISODate("2002-08-02T04:00:00Z"), "runtime" : 95, "countries" : [ "USA", "Canada" ], "genres" : [ "Comedy", "Romance" ], "director" : "Joel Zwick", "writers" : [ "Nia Vardalos" ], "actors" : [ "Nia Vardalos", "Michael Constantine", "Christina Eleusiniotis", "Kaylee Vieira" ], "plot" : "A young Greek woman falls in love with a non-Greek and struggles to get her family to accept him while she comes to terms with her heritage and cultural identity.", "poster" : "http://ia.media-imdb.com/images/M/MV5BMTg2MzY0NDM1Ml5BMl5BanBnXkFtZTYwNzUzNDg5._V1_SX300.jpg", "imdb" : { "id" : "tt0259446", "rating" : 6.6, "votes" : 93448 }, "tomato" : { "meter" : 76, "image" : "certified", "rating" : 6.7, "reviews" : 129, "fresh" : 98, "consensus" : "Though it sometimes feels like a television sitcom, My Big Fat Greek Wedding is good-hearted, lovable, and delightfully eccentric, with a sharp script and lead performance from Nia Vardalos.", "userMeter" : 73, "userRating" : 3.2, "userReviews" : 763935 }, "metacritic" : 62, "awards" : { "wins" : 18, "nominations" : 24, "text" : "Nominated for 1 Oscar. Another 18 wins & 24 nominations." }, "type" : "movie" }
{ "_id" : ObjectId("5692a15024de1e0ce2dfcf71"), "title" : "Lagaan: Once Upon a Time in India", "year" : 2001, "rated" : "PG", "released" : ISODate("2002-05-08T04:00:00Z"), "runtime" : 224, "countries" : [ "India" ], "genres" : [ "Adventure", "Drama", "Musical" ], "director" : "Ashutosh Gowariker", "writers" : [ "Ashutosh Gowariker", "Ashutosh Gowariker", "Kumar Dave", "Sanjay Dayma", "K.P. Saxena" ], "actors" : [ "Aamir Khan", "Gracy Singh", "Rachel Shelley", "Paul Blackthorne" ], "plot" : "The people of a small village in Victorian India stake their future on a game of cricket against their ruthless British rulers.", "poster" : "http://ia.media-imdb.com/images/M/MV5BMTIwODMwMzA5Ml5BMl5BanBnXkFtZTcwMTQxNTEyMQ@@._V1_SX300.jpg", "imdb" : { "id" : "tt0169102", "rating" : 8.2, "votes" : 64633 }, "tomato" : { "meter" : 95, "image" : "certified", "rating" : 7.9, "reviews" : 59, "fresh" : 56, "consensus" : "Lagaan is lavish, rousing entertainment in the old-fashioned tradition of Hollywood musicals.", "userMeter" : 93, "userRating" : 4.2, "userReviews" : 19466 }, "metacritic" : 84, "awards" : { "wins" : 44, "nominations" : 19, "text" : "Nominated for 1 Oscar. Another 44 wins & 19 nominations." }, "type" : "movie" }
{ "_id" : ObjectId("5692a15124de1e0ce2dfcf7d"), "title" : "Groundhog Day", "year" : 1993, "rated" : "PG", "released" : ISODate("1993-02-12T05:00:00Z"), "runtime" : 101, "countries" : [ "USA" ], "genres" : [ "Comedy", "Fantasy", "Romance" ], "director" : "Harold Ramis", "writers" : [ "Danny Rubin", "Harold Ramis", "Danny Rubin" ], "actors" : [ "Bill Murray", "Andie MacDowell", "Chris Elliott", "Stephen Tobolowsky" ], "plot" : "A weatherman finds himself living the same day over and over again.", "poster" : "http://ia.media-imdb.com/images/M/MV5BMTU0MzQyNTExMV5BMl5BanBnXkFtZTgwMjA0Njk1MDE@._V1_SX300.jpg", "imdb" : { "id" : "tt0107048", "rating" : 8.1, "votes" : 407743 }, "tomato" : { "meter" : 96, "image" : "certified", "rating" : 8, "reviews" : 71, "fresh" : 68, "consensus" : "Smart, sweet, and inventive, Groundhog Day highlights Murray's dramatic gifts while still leaving plenty of room for laughs.", "userMeter" : 87, "userRating" : 3.4, "userReviews" : 413672 }, "metacritic" : 72, "awards" : { "wins" : 5, "nominations" : 8, "text" : "Won 1 BAFTA Film Award. Another 5 wins & 8 nominations." }, "type" : "movie" }
{ "_id" : ObjectId("5692a15324de1e0ce2dfcf8f"), "title" : "Night at the Museum", "year" : 2006, "rated" : "PG", "released" : ISODate("2006-12-22T05:00:00Z"), "runtime" : 108, "countries" : [ "USA", "UK" ], "genres" : [ "Action", "Adventure", "Comedy" ], "director" : "Shawn Levy", "writers" : [ "Robert Ben Garant", "Thomas Lennon", "Robert Ben Garant", "Thomas Lennon", "Milan Trenc" ], "actors" : [ "Ben Stiller", "Carla Gugino", "Dick Van Dyke", "Mickey Rooney" ], "plot" : "A newly recruited night security guard at the Museum of Natural History discovers that an ancient curse causes the animals and exhibits on display to come to life and wreak havoc.", "poster" : "http://ia.media-imdb.com/images/M/MV5BMTQyOTM4MDMxN15BMl5BanBnXkFtZTcwODg5NTQzMw@@._V1_SX300.jpg", "imdb" : { "id" : "tt0477347", "rating" : 6.4, "votes" : 218821 }, "tomato" : { "meter" : 44, "image" : "rotten", "rating" : 5.3, "reviews" : 131, "fresh" : 57, "consensus" : "Parents might call this either a spectacle-filled adventure or a shallow and vapid CG-fest, depending on whether they choose to embrace this on the same level as their kids.", "userMeter" : 67, "userRating" : 3.5, "userReviews" : 722840 }, "metacritic" : 48, "awards" : { "wins" : 2, "nominations" : 8, "text" : "2 wins & 8 nominations." }, "type" : "movie" }
{ "_id" : ObjectId("5692a15324de1e0ce2dfcf92"), "title" : "Good Night, and Good Luck.", "year" : 2005, "rated" : "PG", "released" : ISODate("2005-11-04T05:00:00Z"), "runtime" : 93, "countries" : [ "USA", "France", "UK", "Japan" ], "genres" : [ "Drama" ], "director" : "George Clooney", "writers" : [ "George Clooney", "Grant Heslov" ], "actors" : [ "Jeff Daniels", "David Strathairn", "Alex Borstein", "Rose Abdoo" ], "plot" : "Broadcast journalist Edward R. Murrow looks to bring down Senator Joseph McCarthy.", "poster" : "http://ia.media-imdb.com/images/M/MV5BMTY0NzQ2NDg2Ml5BMl5BanBnXkFtZTYwMzcwOTY2._V1_SX300.jpg", "imdb" : { "id" : "tt0433383", "rating" : 7.5, "votes" : 82227 }, "tomato" : { "meter" : 93, "image" : "certified", "rating" : 8.1, "reviews" : 216, "fresh" : 201, "consensus" : "A passionate and concise cinematic civics lesson, Good Night, And Good Luck has plenty to say about today's political and cultural climate, and its ensemble cast is stellar.", "userMeter" : 83, "userRating" : 3.6, "userReviews" : 141995 }, "metacritic" : 80, "awards" : { "wins" : 37, "nominations" : 110, "text" : "Nominated for 6 Oscars. Another 37 wins & 110 nominations." }, "type" : "movie" }
{ "_id" : ObjectId("5692a15424de1e0ce2dfcf97"), "title" : "Night at the Museum: Secret of the Tomb", "year" : 2014, "rated" : "PG", "released" : ISODate("2014-12-19T05:00:00Z"), "runtime" : 98, "countries" : [ "USA", "UK" ], "genres" : [ "Adventure", "Comedy", "Family" ], "director" : "Shawn Levy", "writers" : [ "David Guion", "Michael Handelman", "Mark Friedman", "David Guion", "Michael Handelman", "Thomas Lennon", "Robert Ben Garant" ], "actors" : [ "Ben Stiller", "Robin Williams", "Owen Wilson", "Steve Coogan" ], "plot" : "Larry spans the globe, uniting favorite and new characters while embarking on an epic quest to save the magic before it is gone forever.", "poster" : "http://ia.media-imdb.com/images/M/MV5BMjI1MzM2ODEyMV5BMl5BanBnXkFtZTgwNTIzODAwMzE@._V1_SX300.jpg", "imdb" : { "id" : "tt2692250", "rating" : 6.3, "votes" : 57332 }, "tomato" : { "meter" : 49, "image" : "rotten", "rating" : 5, "reviews" : 103, "fresh" : 50, "consensus" : "While not without its moments, Night at the Museum: Secret of the Tomb is a less-than-inspired sendoff for the trilogy.", "userMeter" : 58, "userRating" : 3.5, "userReviews" : 100660 }, "metacritic" : 47, "awards" : { "wins" : 1, "nominations" : 3, "text" : "1 win & 3 nominations." }, "type" : "movie" }
{ "_id" : ObjectId("5692a15524de1e0ce2dfcfa7"), "title" : "A Christmas Story", "year" : 1983, "rated" : "PG", "released" : ISODate("1983-11-18T05:00:00Z"), "runtime" : 94, "countries" : [ "USA", "Canada" ], "genres" : [ "Comedy", "Family" ], "director" : "Bob Clark", "writers" : [ "Jean Shepherd", "Jean Shepherd", "Leigh Brown", "Bob Clark" ], "actors" : [ "Melinda Dillon", "Darren McGavin", "Peter Billingsley", "Scott Schwartz" ], "plot" : "Ralphie has to convince his parents, his teacher, and Santa that a Red Ryder B.B. gun really is the perfect gift for the 1940s.", "poster" : "http://ia.media-imdb.com/images/M/MV5BMTI1NzY1NjkyMV5BMl5BanBnXkFtZTcwMjYxNjE0MQ@@._V1_SX300.jpg", "imdb" : { "id" : "tt0085334", "rating" : 8.1, "votes" : 100651 }, "tomato" : { "meter" : 89, "image" : "certified", "rating" : 8.5, "reviews" : 54, "fresh" : 48, "consensus" : "Both warmly nostalgic and darkly humorous, A Christmas Story deserves its status as a holiday perennial.", "userMeter" : 89, "userRating" : 3.7, "userReviews" : 284879 }, "metacritic" : 77, "awards" : { "wins" : 3, "nominations" : 11, "text" : "3 wins & 11 nominations." }, "type" : "movie" }
{ "_id" : ObjectId("5692a15524de1e0ce2dfcfa9"), "title" : "The NeverEnding Story", "year" : 1984, "rated" : "PG", "released" : ISODate("1984-07-20T04:00:00Z"), "runtime" : 102, "countries" : [ "West Germany", "USA" ], "genres" : [ "Adventure", "Drama", "Family" ], "director" : "Wolfgang Petersen", "writers" : [ "Wolfgang Petersen", "Herman Weigel", "Michael Ende", "Robert Easton" ], "actors" : [ "Barret Oliver", "Gerald McRaney", "Chris Eastman", "Darryl Cooksey" ], "plot" : "A troubled boy dives into a wonderous fantasy world through the pages of a mysterious book.", "poster" : "http://ia.media-imdb.com/images/M/MV5BMTI3MDA3NTQ0MF5BMl5BanBnXkFtZTcwNDEwMDMyMQ@@._V1_SX300.jpg", "imdb" : { "id" : "tt0088323", "rating" : 7.4, "votes" : 94332 }, "tomato" : { "meter" : 81, "image" : "fresh", "rating" : 7, "reviews" : 37, "fresh" : 30, "consensus" : "A magical journey about the power of a young boy's imagination to save a dying fantasy land, The NeverEnding Story remains a much-loved kids adventure.", "userMeter" : 81, "userRating" : 3.5, "userReviews" : 373363 }, "metacritic" : 46, "awards" : { "wins" : 5, "nominations" : 7, "text" : "5 wins & 7 nominations." }, "type" : "movie" }
{ "_id" : ObjectId("5692a15624de1e0ce2dfcfab"), "title" : "Life of Pi", "year" : 2012, "rated" : "PG", "released" : ISODate("2012-11-21T05:00:00Z"), "runtime" : 127, "countries" : [ "USA", "Taiwan", "UK" ], "genres" : [ "Adventure", "Drama", "Fantasy" ], "director" : "Ang Lee", "writers" : [ "Yann Martel", "David Magee" ], "actors" : [ "Suraj Sharma", "Irrfan Khan", "Ayush Tandon", "Gautam Belur" ], "plot" : "A young man who survives a disaster at sea is hurtled into an epic journey of adventure and discovery. While cast away, he forms an unexpected connection with another survivor: a fearsome Bengal tiger.", "poster" : "http://ia.media-imdb.com/images/M/MV5BNTg2OTY2ODg5OF5BMl5BanBnXkFtZTcwODM5MTYxOA@@._V1_SX300.jpg", "imdb" : { "id" : "tt0454876", "rating" : 8, "votes" : 409835 }, "tomato" : { "meter" : 86, "image" : "certified", "rating" : 7.9, "reviews" : 228, "fresh" : 197, "consensus" : "A 3D adaptation of a supposedly \"unfilmable\" book, Ang Lee's Life of Pi achieves the near impossible -- it's an astonishing technical achievement that's also emotionally rewarding.", "userMeter" : 84, "userRating" : 4.1, "userReviews" : 167128 }, "metacritic" : 79, "awards" : { "wins" : 71, "nominations" : 119, "text" : "Won 4 Oscars. Another 71 wins & 119 nominations." }, "type" : "movie" }
Type "it" for more
> it
{ "_id" : ObjectId("5692a15624de1e0ce2dfcfaf"), "title" : "The Secret Life of Walter Mitty", "year" : 2013, "rated" : "PG", "released" : ISODate("2013-12-25T05:00:00Z"), "runtime" : 114, "countries" : [ "USA", "Canada", "UK" ], "genres" : [ "Adventure", "Comedy", "Drama" ], "director" : "Ben Stiller", "writers" : [ "Steve Conrad", "Steve Conrad", "James Thurber" ], "actors" : [ "Ben Stiller", "Kristen Wiig", "Jon Daly", "Kathryn Hahn" ], "plot" : "When his job along with that of his co-worker are threatened, Walter takes action in the real world embarking on a global journey that turns into an adventure more extraordinary than anything he could have ever imagined.", "poster" : "http://ia.media-imdb.com/images/M/MV5BODYwNDYxNDk1Nl5BMl5BanBnXkFtZTgwOTAwMTk2MDE@._V1_SX300.jpg", "imdb" : { "id" : "tt0359950", "rating" : 7.4, "votes" : 221234 }, "tomato" : { "meter" : 50, "image" : "rotten", "rating" : 6, "reviews" : 177, "fresh" : 89, "consensus" : "It doesn't lack for ambition, but The Secret Life of Walter Mitty fails to back up its grand designs with enough substance to anchor the spectacle.", "userMeter" : 70, "userRating" : 3.7, "userReviews" : 78077 }, "metacritic" : 54, "awards" : { "wins" : 5, "nominations" : 14, "text" : "5 wins & 14 nominations." }, "type" : "movie" }
{ "_id" : ObjectId("5692a24324de1e0ce2dfd698"), "title" : "AC/DC: Let There Be Rock", "year" : 1980, "rated" : "PG", "released" : ISODate("1980-09-14T04:00:00Z"), "runtime" : 95, "countries" : [ "USA", "France" ], "genres" : [ "Documentary", "Music" ], "director" : "Eric Dionysius, Eric Mistler", "writers" : [ ], "actors" : [ "AC/DC", "Phil Rudd", "Bon Scott", "Cliff Williams" ], "plot" : "Filmed coverage of Australian band AC/DC's '79 appearance in Paris intercut with quasi-fictional interludes.", "poster" : "http://ia.media-imdb.com/images/M/MV5BMTM2OTgxMjY4OV5BMl5BanBnXkFtZTcwODk3MDYyMQ@@._V1_SX300.jpg", "imdb" : { "id" : "tt0080321", "rating" : 8.4, "votes" : 849 }, "awards" : { "wins" : 0, "nominations" : 0, "text" : "" }, "type" : "movie" }
{ "_id" : ObjectId("5692a28724de1e0ce2dfd725"), "title" : "Dracula A.D. 1972", "year" : 1972, "rated" : "PG", "released" : ISODate("1972-11-17T05:00:00Z"), "runtime" : 96, "countries" : [ "UK" ], "genres" : [ "Fantasy", "Horror" ], "director" : "Alan Gibson", "writers" : [ "Don Houghton" ], "actors" : [ "Christopher Lee", "Peter Cushing", "Stephanie Beacham", "Christopher Neame" ], "plot" : "Johnny Alucard raises Count Dracula from the dead in London in 1972. The Count goes after the descendants of Van Helsing.", "poster" : "http://ia.media-imdb.com/images/M/MV5BMjE0MjMzMDg5OV5BMl5BanBnXkFtZTcwMTA2NDAzMQ@@._V1_SX300.jpg", "imdb" : { "id" : "tt0068505", "rating" : 5.9, "votes" : 3427 }, "awards" : { "wins" : 0, "nominations" : 0, "text" : "" }, "type" : "movie" }
{ "_id" : ObjectId("5692a29924de1e0ce2dfd74d"), "title" : "Jean de Florette", "year" : 1986, "rated" : "PG", "released" : ISODate("1987-08-28T04:00:00Z"), "runtime" : 120, "countries" : [ "France", "Switzerland", "Italy", "Austria" ], "genres" : [ "Drama" ], "director" : "Claude Berri", "writers" : [ "Claude Berri", "Gérard Brach", "Marcel Pagnol" ], "actors" : [ "Yves Montand", "Gérard Depardieu", "Daniel Auteuil", "Elisabeth Depardieu" ], "plot" : "A greedy landowner and his backward nephew conspire to block the only water source for an adjoining property in order to bankrupt the owner and force him to sell.", "poster" : "http://ia.media-imdb.com/images/M/MV5BMTgxNDc1NTE2OF5BMl5BanBnXkFtZTcwMjczNzA2NA@@._V1_SX300.jpg", "imdb" : { "id" : "tt0091288", "rating" : 8.1, "votes" : 19067 }, "awards" : { "wins" : 11, "nominations" : 16, "text" : "Nominated for 1 Golden Globe. Another 11 wins & 16 nominations." }, "type" : "movie" }
{ "_id" : ObjectId("5692a29924de1e0ce2dfd74f"), "title" : "Cyrano de Bergerac", "year" : 1990, "rated" : "PG", "released" : ISODate("1990-12-01T05:00:00Z"), "runtime" : 137, "countries" : [ "France" ], "genres" : [ "Biography", "Comedy", "Drama" ], "director" : "Jean-Paul Rappeneau", "writers" : [ "Jean-Claude Carrière", "Jean-Paul Rappeneau", "Edmond Rostand" ], "actors" : [ "Gérard Depardieu", "Anne Brochet", "Vincent Perez", "Jacques Weber" ], "plot" : "Embarrassed by his large nose, a romantic poet/soldier romances his cousin by proxy.", "poster" : "http://ia.media-imdb.com/images/M/MV5BMTk1MTI5ODc3Nl5BMl5BanBnXkFtZTcwNjkyNDYyMQ@@._V1_SX300.jpg", "imdb" : { "id" : "tt0099334", "rating" : 7.6, "votes" : 17200 }, "awards" : { "wins" : 30, "nominations" : 23, "text" : "Won 1 Oscar. Another 30 wins & 23 nominations." }, "type" : "movie" }
{ "_id" : ObjectId("5692a2a624de1e0ce2dfd772"), "title" : "Ed", "year" : 1996, "rated" : "PG", "released" : ISODate("1996-03-15T05:00:00Z"), "runtime" : 94, "countries" : [ "USA" ], "genres" : [ "Comedy", "Family", "Sport" ], "director" : "Bill Couturié", "writers" : [ "Ken Richards", "Janus Cercone", "David M. Evans" ], "actors" : [ "Matt LeBlanc", "Gene Ross", "Paul Hewitt", "Sage Allen" ], "plot" : "A trained chimpanzee plays third base for a minor-league baseball team.", "poster" : "http://ia.media-imdb.com/images/M/MV5BMTI0MjU2NDUxNV5BMl5BanBnXkFtZTcwNzIyMDIyMQ@@._V1_SX300.jpg", "imdb" : { "id" : "tt0116165", "rating" : 2.6, "votes" : 6847 }, "awards" : { "wins" : 0, "nominations" : 3, "text" : "3 nominations." }, "type" : "movie" }
{ "_id" : ObjectId("5692a2aa24de1e0ce2dfd784"), "title" : "Cool as Ice", "year" : 1991, "rated" : "PG", "released" : ISODate("1991-10-18T04:00:00Z"), "runtime" : 91, "countries" : [ "USA" ], "genres" : [ "Comedy", "Music", "Romance" ], "director" : "David Kellogg", "writers" : [ "David Stenn" ], "actors" : [ "Naomi Campbell", "Vanilla Ice", "Deezer D", "Kevin Hicks" ], "plot" : "A rap-oriented remake of \"The Wild One\", with heavy emphasis on the fact that rap star Vanilla Ice has assumed the Marlon Brando role.", "poster" : "http://ia.media-imdb.com/images/M/MV5BMTkzNTY5ODU3OV5BMl5BanBnXkFtZTcwNDA1ODgxMQ@@._V1_SX300.jpg", "imdb" : { "id" : "tt0101615", "rating" : 2.8, "votes" : 7459 }, "awards" : { "wins" : 1, "nominations" : 7, "text" : "1 win & 7 nominations." }, "type" : "movie" }
{ "_id" : ObjectId("5692a2d024de1e0ce2dfd7d2"), "title" : "Jo Jeeta Wohi Sikandar", "year" : 1992, "rated" : "PG", "released" : ISODate("1992-05-22T04:00:00Z"), "runtime" : 174, "countries" : [ "India" ], "genres" : [ "Comedy", "Drama", "Romance" ], "director" : "Mansoor Khan", "writers" : [ "Nasir Hussain", "Mansoor Khan", "Mansoor Khan" ], "actors" : [ "Aamir Khan", "Ayesha Jhulka", "Deepak Tijori", "Pooja Bedi" ], "plot" : "A rich brat and a poor chap try to woo a girl, with their rivalry culminating in the most prestigious college event - the marathon cycle race.", "poster" : "http://ia.media-imdb.com/images/M/MV5BNTU1ZjQwNDAtZDAwMC00OTcyLTg4MDUtOTUwYTU4N2M4YTgxXkEyXkFqcGdeQXVyNDUzOTQ5MjY@._V1_SX300.jpg", "imdb" : { "id" : "tt0104561", "rating" : 8.3, "votes" : 11190 }, "awards" : { "wins" : 1, "nominations" : 0, "text" : "1 win." }, "type" : "movie" }
{ "_id" : ObjectId("5692a2e124de1e0ce2dfd7f5"), "title" : "The Story of Qiu Ju", "year" : 1992, "rated" : "PG", "released" : ISODate("1993-04-16T04:00:00Z"), "runtime" : 100, "countries" : [ "China", "Hong Kong" ], "genres" : [ "Comedy", "Drama" ], "director" : "Yimou Zhang", "writers" : [ "Yuan Bin Chen", "Heng Liu" ], "actors" : [ "Li Gong", "Peiqi Liu", "Liuchun Yang", "Kesheng Lei" ], "plot" : "A pregnant peasant woman seeks redress from the Chinese bureaucracy after the village chief kicks her husband in the groin in this comedy of justice. As she is frustrated by each level of ...", "poster" : "http://ia.media-imdb.com/images/M/MV5BMjE4ODA2OTcyOF5BMl5BanBnXkFtZTcwOTIyNjQyMQ@@._V1_SX300.jpg", "imdb" : { "id" : "tt0105197", "rating" : 7.6, "votes" : 3915 }, "awards" : { "wins" : 15, "nominations" : 3, "text" : "15 wins & 3 nominations." }, "type" : "movie" }
{ "_id" : ObjectId("5692a2fa24de1e0ce2dfd837"), "title" : "Ace Ventura: Pet Detective Jr.", "year" : 2009, "rated" : "PG", "released" : ISODate("2009-03-03T05:00:00Z"), "runtime" : 93, "countries" : [ "USA" ], "genres" : [ "Comedy", "Family" ], "director" : "David M. Evans", "writers" : [ "David M. Evans", "Jeff Sank", "Jason Heimberg", "Justin Heimberg", "Jeff Sank", "Jason Heimberg", "Justin Heimberg", "Jack Bernstein" ], "actors" : [ "Josh Flitter", "Emma Lockhart", "Ann Cusack", "Cullen Douglas" ], "plot" : "The son of an eccentric detective steps into his father's shoes after his mother is wrongly arrested for stealing a baby panda.", "poster" : "http://ia.media-imdb.com/images/M/MV5BMTg1MjgyOTkyNF5BMl5BanBnXkFtZTcwNDI3MzYwMg@@._V1_SX300.jpg", "imdb" : { "id" : "tt0844029", "rating" : 2, "votes" : 3802 }, "awards" : { "wins" : 0, "nominations" : 0, "text" : "" }, "type" : "movie" }
{ "_id" : ObjectId("5692a30824de1e0ce2dfd855"), "title" : "Josh Kirby... Time Warrior: Chapter 4, Eggs from 70 Million B.C.", "year" : 1995, "rated" : "PG", "released" : ISODate("1995-12-19T05:00:00Z"), "runtime" : null, "countries" : [ "USA", "Romania" ], "genres" : [ "Action", "Adventure", "Family" ], "director" : "Mark S. Manos", "writers" : [ "Patrick J. Clifton" ], "actors" : [ "Corbin Allred", "Jennifer Burns", "Derek Webster", "Barrie Ingham" ], "plot" : null, "poster" : "http://ia.media-imdb.com/images/M/MV5BMjI2MDg5NDg5NF5BMl5BanBnXkFtZTcwOTc1MjU1Mw@@._V1_SX300.jpg", "imdb" : { "id" : "tt0113487", "rating" : 5.6, "votes" : 117 }, "awards" : { "wins" : 0, "nominations" : 0, "text" : "" }, "type" : "movie" }
{ "_id" : ObjectId("5692a33624de1e0ce2dfd8bd"), "title" : "Cirque du Soleil: Worlds Away", "year" : 2012, "rated" : "PG", "released" : ISODate("2012-12-21T05:00:00Z"), "runtime" : 91, "countries" : [ "USA" ], "genres" : [ "Fantasy" ], "director" : "Andrew Adamson", "writers" : [ "Andrew Adamson" ], "actors" : [ "Erica Linz", "Igor Zaripov", "Lutz Halbhubner", "John Clarke" ], "plot" : "A young woman is entranced by an Aerialist. When they fall into the dreamlike world of Cirque du Soleil and are separated, they travel through the different tent worlds trying to find each other.", "poster" : "http://ia.media-imdb.com/images/M/MV5BMTQxMjY0MzgzMl5BMl5BanBnXkFtZTcwNjc0NjQ2OA@@._V1_SX300.jpg", "imdb" : { "id" : "tt1792647", "rating" : 6.7, "votes" : 6963 }, "tomato" : { "meter" : 47, "image" : "rotten", "rating" : 5.3, "reviews" : 43, "fresh" : 20, "consensus" : null, "userMeter" : 58, "userRating" : 3.5, "userReviews" : 13145 }, "metacritic" : 51, "awards" : { "wins" : 0, "nominations" : 1, "text" : "1 nomination." }, "type" : "movie" }
{ "_id" : ObjectId("5692a36224de1e0ce2dfd914"), "title" : "Return to Oz", "year" : 1985, "rated" : "PG", "released" : ISODate("1985-06-21T04:00:00Z"), "runtime" : 113, "countries" : [ "UK", "USA" ], "genres" : [ "Adventure", "Family", "Fantasy" ], "director" : "Walter Murch", "writers" : [ "L. Frank Baum", "Gill Dennis", "Walter Murch" ], "actors" : [ "Fairuza Balk", "Nicol Williamson", "Jean Marsh", "Piper Laurie" ], "plot" : "Dorothy, saved from a psychiatric experiment by a mysterious girl, is somehow called back to Oz when a vain witch and the Nome King destroy everything that makes the magical land beautiful.", "poster" : "http://ia.media-imdb.com/images/M/MV5BMTU2MDMwNjcwNl5BMl5BanBnXkFtZTYwMzY0OTg5._V1_SX300.jpg", "imdb" : { "id" : "tt0089908", "rating" : 6.7, "votes" : 18808 }, "tomato" : { "meter" : 55, "image" : "rotten", "rating" : 5.6, "reviews" : 22, "fresh" : 12, "consensus" : null, "userMeter" : 71, "userRating" : 3.1, "userReviews" : 61799 }, "metacritic" : 42, "awards" : { "wins" : 0, "nominations" : 5, "text" : "Nominated for 1 Oscar. Another 5 nominations." }, "type" : "movie" }
{ "_id" : ObjectId("5692a36224de1e0ce2dfd915"), "title" : "Oz the Great and Powerful", "year" : 2013, "rated" : "PG", "released" : ISODate("2013-03-08T05:00:00Z"), "runtime" : 130, "countries" : [ "USA" ], "genres" : [ "Adventure", "Family", "Fantasy" ], "director" : "Sam Raimi", "writers" : [ "Mitchell Kapner", "David Lindsay-Abaire", "Mitchell Kapner", "L. Frank Baum" ], "actors" : [ "James Franco", "Mila Kunis", "Rachel Weisz", "Michelle Williams" ], "plot" : "A small-time magician is swept away to an enchanted land and is forced into a power struggle between three witches.", "poster" : "http://ia.media-imdb.com/images/M/MV5BMjMyMzQ1ODM1MF5BMl5BanBnXkFtZTcwMjE2MTQxOQ@@._V1_SX300.jpg", "imdb" : { "id" : "tt1623205", "rating" : 6.4, "votes" : 169825 }, "tomato" : { "meter" : 59, "image" : "rotten", "rating" : 6, "reviews" : 243, "fresh" : 143, "consensus" : "It suffers from some tonal inconsistency and a deflated sense of wonder, but Oz the Great and Powerful still packs enough visual dazzle and clever wit to be entertaining in its own right.", "userMeter" : 56, "userRating" : 3.4, "userReviews" : 292582 }, "metacritic" : 44, "awards" : { "wins" : 5, "nominations" : 31, "text" : "5 wins & 31 nominations." }, "type" : "movie" }
{ "_id" : ObjectId("5692a38224de1e0ce2dfd96d"), "title" : "Fantastic Mr. Fox", "year" : 2009, "rated" : "PG", "released" : ISODate("2009-11-25T05:00:00Z"), "runtime" : 87, "countries" : [ "USA" ], "genres" : [ "Animation", "Adventure", "Comedy" ], "director" : "Wes Anderson", "writers" : [ "Roald Dahl", "Wes Anderson", "Noah Baumbach" ], "actors" : [ "George Clooney", "Meryl Streep", "Jason Schwartzman", "Bill Murray" ], "plot" : "An urbane fox cannot resist returning to his farm raiding ways and then must help his community survive the farmers' retaliation.", "poster" : "http://ia.media-imdb.com/images/M/MV5BMTcwODE2NTI3Nl5BMl5BanBnXkFtZTcwMjUwOTY5Mg@@._V1_SX300.jpg", "imdb" : { "id" : "tt0432283", "rating" : 7.8, "votes" : 130197 }, "tomato" : { "meter" : 92, "image" : "certified", "rating" : 7.9, "reviews" : 224, "fresh" : 207, "consensus" : "Fantastic Mr. Fox is a delightfully funny feast for the eyes with multi-generational appeal -- and it shows Wes Anderson has a knack for animation.", "userMeter" : 84, "userRating" : 3.9, "userReviews" : 149932 }, "metacritic" : 83, "awards" : { "wins" : 29, "nominations" : 56, "text" : "Nominated for 2 Oscars. Another 29 wins & 56 nominations." }, "type" : "movie" }
{ "_id" : ObjectId("5692a38324de1e0ce2dfd971"), "title" : "Mr. Bean's Holiday", "year" : 2007, "rated" : "PG", "released" : ISODate("2007-08-24T04:00:00Z"), "runtime" : 90, "countries" : [ "UK", "France", "Germany" ], "genres" : [ "Comedy", "Family" ], "director" : "Steve Bendelack", "writers" : [ "Rowan Atkinson", "Richard Curtis", "Simon McBurney", "Hamish McColl", "Robin Driscoll" ], "actors" : [ "Rowan Atkinson", "Steve Pemberton", "Lily Atkinson", "Preston Nyman" ], "plot" : "Mr. Bean wins a trip to Cannes where he unwittingly separates a young boy from his father and must help the two come back together. On the way he discovers France, bicycling, and true love, among other things.", "poster" : "http://ia.media-imdb.com/images/M/MV5BMTM2NzQ1Mzc4M15BMl5BanBnXkFtZTcwNTk3NjA1MQ@@._V1_SX300.jpg", "imdb" : { "id" : "tt0453451", "rating" : 6.3, "votes" : 82960 }, "tomato" : { "meter" : 51, "image" : "rotten", "rating" : 5.5, "reviews" : 110, "fresh" : 56, "consensus" : "Mr. Bean's Holiday means well, but good intentions can't withstand the 90 minutes of monotonous slapstick and tired, obvious gags.", "userMeter" : 49, "userRating" : 2.9, "userReviews" : 442020 }, "metacritic" : 56, "awards" : { "wins" : 0, "nominations" : 2, "text" : "2 nominations." }, "type" : "movie" }
{ "_id" : ObjectId("5692a38324de1e0ce2dfd973"), "title" : "Mr. Popper's Penguins", "year" : 2011, "rated" : "PG", "released" : ISODate("2011-06-17T04:00:00Z"), "runtime" : 94, "countries" : [ "USA" ], "genres" : [ "Comedy", "Family", "Fantasy" ], "director" : "Mark Waters", "writers" : [ "Sean Anders", "John Morris", "Jared Stern", "Richard Atwater", "Florence Atwater" ], "actors" : [ "Jim Carrey", "Carla Gugino", "Angela Lansbury", "Ophelia Lovibond" ], "plot" : "The life of a businessman begins to change after he inherits six penguins, and as he transforms his apartment into a winter wonderland, his professional side starts to unravel.", "poster" : "http://ia.media-imdb.com/images/M/MV5BMTcwMDI4NjEyOF5BMl5BanBnXkFtZTcwNzg5MzEwNQ@@._V1_SX300.jpg", "imdb" : { "id" : "tt1396218", "rating" : 6, "votes" : 63059 }, "tomato" : { "meter" : 48, "image" : "rotten", "rating" : 5.2, "reviews" : 141, "fresh" : 67, "consensus" : "Blandly inoffensive and thoroughly predictable, Mr. Popper's Penguins could have been worse -- but it should have been better.", "userMeter" : 53, "userRating" : 3.4, "userReviews" : 67935 }, "metacritic" : 53, "awards" : { "wins" : 1, "nominations" : 3, "text" : "1 win & 3 nominations." }, "type" : "movie" }
{ "_id" : ObjectId("5692a38424de1e0ce2dfd977"), "title" : "Da wan", "year" : 2001, "rated" : "PG", "released" : ISODate("2001-12-21T05:00:00Z"), "runtime" : 100, "countries" : [ "China", "Hong Kong" ], "genres" : [ "Comedy", "Drama" ], "director" : "Xiaogang Feng", "writers" : [ "Xiaogang Feng", "Xiaoming Li", "Kang Shi" ], "actors" : [ "You Ge", "Rosamund Kwan", "Donald Sutherland", "Da Ying" ], "plot" : "Yankie director Don Tyler faces mounting insecurity and declining health while on location in Beijing, so his assistant hires down-and-out camerman YoYo to take the reins. Scrambling, ...", "poster" : "http://ia.media-imdb.com/images/M/MV5BMTc3NjM2OTI2Nl5BMl5BanBnXkFtZTcwMzcwMTAyMQ@@._V1_SX300.jpg", "imdb" : { "id" : "tt0287934", "rating" : 6.7, "votes" : 1574 }, "awards" : { "wins" : 6, "nominations" : 3, "text" : "6 wins & 3 nominations." }, "type" : "movie" }
{ "_id" : ObjectId("5692a39824de1e0ce2dfd9a0"), "title" : "Good Ol' Freda", "year" : 2013, "rated" : "PG", "released" : ISODate("2013-09-06T04:00:00Z"), "runtime" : 86, "countries" : [ "UK", "USA" ], "genres" : [ "Documentary", "Biography", "History" ], "director" : "Ryan White", "writers" : [ "Jessica Lawson", "Ryan White" ], "actors" : [ "Freda Kelly", "Tony Barrow", "Joey Bower", "George Harrison" ], "plot" : "A documentary in which Freda Kelly looks back at her career as lifelong secretary for The Beatles.", "poster" : "http://ia.media-imdb.com/images/M/MV5BMjIwMjU3MzUxM15BMl5BanBnXkFtZTcwNzE1NDQ4OQ@@._V1_SX300.jpg", "imdb" : { "id" : "tt2505938", "rating" : 7.3, "votes" : 1318 }, "tomato" : { "meter" : 84, "image" : "fresh", "rating" : 6.6, "reviews" : 32, "fresh" : 27, "consensus" : null, "userMeter" : 78, "userRating" : 3.9, "userReviews" : 587 }, "metacritic" : 60, "awards" : { "wins" : 1, "nominations" : 2, "text" : "1 win & 2 nominations." }, "type" : "movie" }
{ "_id" : ObjectId("5692a39824de1e0ce2dfd9a1"), "title" : "Good Ol' Freda", "year" : 2013, "rated" : "PG", "released" : ISODate("2013-09-06T04:00:00Z"), "runtime" : 86, "countries" : [ "UK", "USA" ], "genres" : [ "Documentary", "Biography", "History" ], "director" : "Ryan White", "writers" : [ "Jessica Lawson", "Ryan White" ], "actors" : [ "Freda Kelly", "Tony Barrow", "Joey Bower", "George Harrison" ], "plot" : "A documentary in which Freda Kelly looks back at her career as lifelong secretary for The Beatles.", "poster" : "http://ia.media-imdb.com/images/M/MV5BMjIwMjU3MzUxM15BMl5BanBnXkFtZTcwNzE1NDQ4OQ@@._V1_SX300.jpg", "imdb" : { "id" : "tt3344808", "rating" : 7.3, "votes" : 1238 }, "tomato" : null, "metacritic" : 60, "awards" : { "wins" : 1, "nominations" : 2, "text" : "1 win & 2 nominations." }, "type" : "movie" }
Type "it" for more
> it
{ "_id" : ObjectId("5692a3a924de1e0ce2dfd9c6"), "title" : "Back to the Future Part II", "year" : 1989, "rated" : "PG", "released" : ISODate("1989-11-22T05:00:00Z"), "runtime" : 108, "countries" : [ "USA" ], "genres" : [ "Adventure", "Comedy", "Sci-Fi" ], "director" : "Robert Zemeckis", "writers" : [ "Robert Zemeckis", "Bob Gale", "Robert Zemeckis", "Bob Gale", "Bob Gale" ], "actors" : [ "Michael J. Fox", "Christopher Lloyd", "Lea Thompson", "Thomas F. Wilson" ], "plot" : "After visiting 2015, Marty McFly must repeat his visit to 1955 to prevent disastrous changes to 1985... without interfering with his first trip.", "poster" : "http://ia.media-imdb.com/images/M/MV5BNjE5ODg4NzY1MF5BMl5BanBnXkFtZTcwMjI3MzYwMg@@._V1_SX300.jpg", "imdb" : { "id" : "tt0096874", "rating" : 7.8, "votes" : 310505 }, "tomato" : { "meter" : 63, "image" : "fresh", "rating" : 6.1, "reviews" : 60, "fresh" : 38, "consensus" : "Back to the Future II is far more uneven than its predecessor, but its madcap highs outweigh the occasionally cluttered machinations of an overstuffed plot.", "userMeter" : 85, "userRating" : 3.5, "userReviews" : 747673 }, "metacritic" : 57, "awards" : { "wins" : 9, "nominations" : 5, "text" : "Nominated for 1 Oscar. Another 9 wins & 5 nominations." }, "type" : "movie" }
{ "_id" : ObjectId("5692a3aa24de1e0ce2dfd9cc"), "title" : "Il Postino: The Postman", "year" : 1994, "rated" : "PG", "released" : ISODate("1996-03-22T05:00:00Z"), "runtime" : 108, "countries" : [ "Italy", "France", "Belgium" ], "genres" : [ "Biography", "Comedy", "Drama" ], "director" : "Michael Radford", "writers" : [ "Antonio Skármeta", "Furio Scarpelli", "Giacomo Scarpelli", "Anna Pavignano", "Michael Radford", "Furio Scarpelli", "Giacomo Scarpelli", "Massimo Troisi" ], "actors" : [ "Philippe Noiret", "Massimo Troisi", "Maria Grazia Cucinotta", "Renato Scarpa" ], "plot" : "Simple Italian postman learns to love poetry while delivering mail to a famous poet; he uses this to woo local beauty Beatrice.", "poster" : "http://ia.media-imdb.com/images/M/MV5BMTY5NDI4NjQyOV5BMl5BanBnXkFtZTYwODI1NDE5._V1_SX300.jpg", "imdb" : { "id" : "tt0110877", "rating" : 7.8, "votes" : 24972 }, "tomato" : { "meter" : 93, "image" : "fresh", "rating" : 8, "reviews" : 28, "fresh" : 26, "consensus" : null, "userMeter" : 94, "userRating" : 4.1, "userReviews" : 20949 }, "metacritic" : 81, "awards" : { "wins" : 28, "nominations" : 17, "text" : "Won 1 Oscar. Another 28 wins & 17 nominations." }, "type" : "movie" }
{ "_id" : ObjectId("5692a3ec24de1e0ce2dfda44"), "title" : "Dr. Seuss' The Cat in the Hat", "year" : 2003, "rated" : "PG", "released" : ISODate("2003-11-21T05:00:00Z"), "runtime" : 82, "countries" : [ "USA" ], "genres" : [ "Adventure", "Comedy", "Family" ], "director" : "Bo Welch", "writers" : [ "Dr. Seuss", "Alec Berg", "David Mandel", "Jeff Schaffer" ], "actors" : [ "Mike Myers", "Alec Baldwin", "Kelly Preston", "Dakota Fanning" ], "plot" : "Sally and Conrad are two bored kids whose life is turned up-side-down when a talking cat comes to visit them.", "poster" : "http://ia.media-imdb.com/images/M/MV5BMTI5MDU3MTYyMF5BMl5BanBnXkFtZTYwODgyODc3._V1_SX300.jpg", "imdb" : { "id" : "tt0312528", "rating" : 3.8, "votes" : 34196 }, "tomato" : { "meter" : 10, "image" : "rotten", "rating" : 3.2, "reviews" : 157, "fresh" : 16, "consensus" : "Filled with double entendres and potty humor, this Cat falls flat.", "userMeter" : 30, "userRating" : 2.5, "userReviews" : 219113 }, "metacritic" : 19, "awards" : { "wins" : 3, "nominations" : 13, "text" : "3 wins & 13 nominations." }, "type" : "movie" }
{ "_id" : ObjectId("5692a3ed24de1e0ce2dfda45"), "title" : "Dr. Dolittle 2", "year" : 2001, "rated" : "PG", "released" : ISODate("2001-06-22T04:00:00Z"), "runtime" : 87, "countries" : [ "USA" ], "genres" : [ "Comedy", "Family", "Fantasy" ], "director" : "Steve Carr", "writers" : [ "Hugh Lofting", "Larry Levin" ], "actors" : [ "Eddie Murphy", "Kristen Wilson", "Raven-Symoné", "Kyla Pratt" ], "plot" : "Dolittle must save a forest and a bear's life.", "poster" : "http://ia.media-imdb.com/images/M/MV5BMjEzOTczNTM5OV5BMl5BanBnXkFtZTYwNTAxMzg5._V1_SX300.jpg", "imdb" : { "id" : "tt0240462", "rating" : 4.6, "votes" : 32359 }, "tomato" : { "meter" : 42, "image" : "rotten", "rating" : 5, "reviews" : 106, "fresh" : 44, "consensus" : "Although there are laughs to be had in Dr. Dolittle 2, its preoccupation with toilet humor and Murphy's restrained performance makes this a missed opportunity.", "userMeter" : 26, "userRating" : 2.8, "userReviews" : 436685 }, "metacritic" : 49, "awards" : { "wins" : 2, "nominations" : 6, "text" : "2 wins & 6 nominations." }, "type" : "movie" }
{ "_id" : ObjectId("5692a3f324de1e0ce2dfda54"), "title" : "The Pursuit of D.B. Cooper", "year" : 1981, "rated" : "PG", "released" : ISODate("1981-11-13T05:00:00Z"), "runtime" : 100, "countries" : [ "USA" ], "genres" : [ "Adventure", "Crime", "Thriller" ], "director" : "Roger Spottiswoode, Buzz Kulik", "writers" : [ "J.D. Reed", "Jeffrey Alan Fiskin" ], "actors" : [ "Robert Duvall", "Treat Williams", "Kathryn Harrold", "Ed Flanders" ], "plot" : "A speculation on the fate of the famous hijacker who parachuted with his ransom and disappeared in the mountains, has Cooper following a meticulous plan to disappear into anonymity despite ...", "poster" : "http://ia.media-imdb.com/images/M/MV5BMTQ5NzQ2MTc1MF5BMl5BanBnXkFtZTYwMTMyOTg5._V1_SX300.jpg", "imdb" : { "id" : "tt0082958", "rating" : 5.7, "votes" : 752 }, "awards" : { "wins" : 1, "nominations" : 0, "text" : "1 win." }, "type" : "movie" }
{ "_id" : ObjectId("5692a41f24de1e0ce2dfda9f"), "title" : "No Reservations", "year" : 2007, "rated" : "PG", "released" : ISODate("2007-07-27T04:00:00Z"), "runtime" : 104, "countries" : [ "USA", "Australia" ], "genres" : [ "Comedy", "Drama", "Romance" ], "director" : "Scott Hicks", "writers" : [ "Carol Fuchs", "Sandra Nettelbeck" ], "actors" : [ "Catherine Zeta-Jones", "Aaron Eckhart", "Abigail Breslin", "Patricia Clarkson" ], "plot" : "The life of a top chef changes when she becomes the guardian of her young niece.", "poster" : "http://ia.media-imdb.com/images/M/MV5BMTI1NzQ5MzU1OV5BMl5BanBnXkFtZTcwNzExODU0MQ@@._V1_SX300.jpg", "imdb" : { "id" : "tt0481141", "rating" : 6.3, "votes" : 56763 }, "tomato" : { "meter" : 42, "image" : "rotten", "rating" : 5.2, "reviews" : 159, "fresh" : 66, "consensus" : "This romantic comedy may look good on paper, but it's too predictable and melancholy for the genre.", "userMeter" : 62, "userRating" : 3.3, "userReviews" : 394354 }, "metacritic" : 50, "awards" : { "wins" : 0, "nominations" : 1, "text" : "1 nomination." }, "type" : "movie" }
{ "_id" : ObjectId("5692a42024de1e0ce2dfdaa4"), "title" : "Alexander and the Terrible, Horrible, No Good, Very Bad Day", "year" : 2014, "rated" : "PG", "released" : ISODate("2014-10-10T04:00:00Z"), "runtime" : 81, "countries" : [ "USA" ], "genres" : [ "Comedy", "Family" ], "director" : "Miguel Arteta", "writers" : [ "Rob Lieber", "Rob Lieber", "Judith Viorst" ], "actors" : [ "Steve Carell", "Jennifer Garner", "Ed Oxenbould", "Dylan Minnette" ], "plot" : "Alexander's day begins with gum stuck in his hair, followed by more calamities. However, he finds little sympathy from his family and begins to wonder if bad things only happen to him, his mom, dad, brother and sister - who all find themselves living through their own terrible, horrible, no good, very bad day.", "poster" : "http://ia.media-imdb.com/images/M/MV5BOTgxMDMxMTY5OV5BMl5BanBnXkFtZTgwMjY1NzYzMjE@._V1_SX300.jpg", "imdb" : { "id" : "tt1698641", "rating" : 6.2, "votes" : 26741 }, "tomato" : { "meter" : 62, "image" : "fresh", "rating" : 5.8, "reviews" : 107, "fresh" : 66, "consensus" : "Affably pleasant without ever trying to be anything more, Alexander and the Terrible, Horrible, No Good, Very Bad Day is a fine -- albeit forgettable -- family diversion.", "userMeter" : 59, "userRating" : 3.5, "userReviews" : 37235 }, "metacritic" : 54, "awards" : { "wins" : 1, "nominations" : 5, "text" : "1 win & 5 nominations." }, "type" : "movie" }
{ "_id" : ObjectId("5692a43724de1e0ce2dfdace"), "title" : "Oh, God! You Devil", "year" : 1984, "rated" : "PG", "released" : ISODate("1984-11-09T05:00:00Z"), "runtime" : 97, "countries" : [ "USA" ], "genres" : [ "Comedy", "Fantasy" ], "director" : "Paul Bogart", "writers" : [ "Andrew Bergman", "Avery Corman" ], "actors" : [ "George Burns", "Ted Wass", "Ron Silver", "Roxanne Hart" ], "plot" : "George Burns is back as God, but oops, here he is as Satan, too. A young rock star is ready to sell his soul to Satan, and Satan is all too happy to oblige. Oops! Seems the fellow was ...", "poster" : "http://ia.media-imdb.com/images/M/MV5BMjE2MjcwOTIwMF5BMl5BanBnXkFtZTcwNDM0NDcyMQ@@._V1_SX300.jpg", "imdb" : { "id" : "tt0087835", "rating" : 5.3, "votes" : 1793 }, "awards" : { "wins" : 0, "nominations" : 1, "text" : "1 nomination." }, "type" : "movie" }
{ "_id" : ObjectId("5692a43d24de1e0ce2dfdad9"), "title" : "Oh, God!", "year" : 1977, "rated" : "PG", "released" : ISODate("1977-10-07T04:00:00Z"), "runtime" : 98, "countries" : [ "USA" ], "genres" : [ "Comedy", "Fantasy" ], "director" : "Carl Reiner", "writers" : [ "Larry Gelbart", "Avery Corman" ], "actors" : [ "John Denver", "George Burns", "Teri Garr", "Donald Pleasence" ], "plot" : "When God appears to an assistant grocery manager as a good natured old man, the Almighty selects him as his messenger for the modern world.", "poster" : "http://ia.media-imdb.com/images/M/MV5BMTM2ODcwNTYxMF5BMl5BanBnXkFtZTcwNTc4MzUxMQ@@._V1_SX300.jpg", "imdb" : { "id" : "tt0076489", "rating" : 6.5, "votes" : 6835 }, "awards" : { "wins" : 3, "nominations" : 2, "text" : "Nominated for 1 Oscar. Another 3 wins & 2 nominations." }, "type" : "movie" }
{ "_id" : ObjectId("5692a43d24de1e0ce2dfdada"), "title" : "Yu-Gi-Oh!: The Movie", "year" : 2004, "rated" : "PG", "released" : ISODate("2004-08-13T04:00:00Z"), "runtime" : 89, "countries" : [ "Japan", "USA" ], "genres" : [ "Animation", "Action", "Adventure" ], "director" : "Hatsuki Tsuji", "writers" : [ "Michael Pecoriello" ], "actors" : [ "Gregory Abbey", "Sebastian Arcelus", "Ben Baron", "Amy Birnbaum" ], "plot" : "Underneath the sands of Egypt, Anubis, an ancient evil spirit, has awakened. It's up to Yugi, who defeated Anubis centuries ago, to use his skill and determination to rid the world of evil once again.", "poster" : "http://ia.media-imdb.com/images/M/MV5BNTQ4NzM0NTAyMF5BMl5BanBnXkFtZTYwOTc2MTg3._V1_SX300.jpg", "imdb" : { "id" : "tt0403703", "rating" : 4.4, "votes" : 6077 }, "tomato" : { "meter" : 5, "image" : "rotten", "rating" : 3.1, "reviews" : 65, "fresh" : 3, "consensus" : "Don't watch the TV show or play the card game? Then this movie is not for you.", "userMeter" : 46, "userRating" : 3, "userReviews" : 10900 }, "metacritic" : 15, "awards" : { "wins" : 0, "nominations" : 0, "text" : "" }, "type" : "movie" }
{ "_id" : ObjectId("5692a43f24de1e0ce2dfdadf"), "title" : "Oh Heavenly Dog", "year" : 1980, "rated" : "PG", "released" : ISODate("1980-07-11T04:00:00Z"), "runtime" : 103, "countries" : [ "USA" ], "genres" : [ "Comedy", "Crime", "Fantasy" ], "director" : "Joe Camp", "writers" : [ "Rod Browning" ], "actors" : [ "Chevy Chase", "Benjean", "Jane Seymour", "Omar Sharif" ], "plot" : "Browning is a PI with a bad cold, who's sent to investigate a case by a mysterious client.He stumbles across the body of a young woman and is stabbed to death, and when he wakes up in ...", "poster" : "http://ia.media-imdb.com/images/M/MV5BMTY4MjE4NTg1NV5BMl5BanBnXkFtZTcwMTQ1MDAzMQ@@._V1_SX300.jpg", "imdb" : { "id" : "tt0081269", "rating" : 5.4, "votes" : 1821 }, "awards" : { "wins" : 0, "nominations" : 0, "text" : "" }, "type" : "movie" }
{ "_id" : ObjectId("5692a45224de1e0ce2dfdb0e"), "title" : "Le Samouraï", "year" : 1967, "rated" : "PG", "released" : ISODate("1967-01-01T05:00:00Z"), "runtime" : 101, "countries" : [ "France", "Italy" ], "genres" : [ "Crime", "Drama", "Mystery" ], "director" : "Jean-Pierre Melville", "writers" : [ "Jean-Pierre Melville", "Georges Pellegrin" ], "actors" : [ "Alain Delon", "François Périer", "Nathalie Delon", "Cathy Rosier" ], "plot" : "After killing a night-club owner, professional hitman Jef Costello is seen by witnesses. His efforts to provide himself with an alibi fail and more and more he gets driven into a corner.", "poster" : "http://ia.media-imdb.com/images/M/MV5BMTg4OTg0ODEwN15BMl5BanBnXkFtZTcwNjcyMjEzMQ@@._V1_SX300.jpg", "imdb" : { "id" : "tt0062229", "rating" : 8.1, "votes" : 30037 }, "awards" : { "wins" : 0, "nominations" : 0, "text" : "" }, "type" : "movie" }
{ "_id" : ObjectId("5692a45424de1e0ce2dfdb13"), "title" : "Bob le Flambeur", "year" : 1956, "rated" : "PG", "released" : null, "runtime" : 98, "countries" : [ "France" ], "genres" : [ "Crime", "Drama", "Thriller" ], "director" : "Jean-Pierre Melville", "writers" : [ "Jean-Pierre Melville", "Jean-Pierre Melville", "Auguste Le Breton", "Auguste Le Breton" ], "actors" : [ "Isabelle Corey", "Daniel Cauchy", "Roger Duchesne", "Guy Decomble" ], "plot" : "Bob, an old gangster and gambler is almost broke, so he decides in spite of the warnings of a friend, a high official from the police, to rob a gambling casino in Dauville. Everything is ...", "poster" : "http://ia.media-imdb.com/images/M/MV5BNjIyMDQwMTA0OV5BMl5BanBnXkFtZTcwMjU4MTAyMQ@@._V1_SX300.jpg", "imdb" : { "id" : "tt0047892", "rating" : 7.8, "votes" : 7173 }, "tomato" : { "meter" : 97, "image" : "fresh", "rating" : 8.1, "reviews" : 29, "fresh" : 28, "consensus" : null, "userMeter" : 90, "userRating" : 4, "userReviews" : 5112 }, "metacritic" : 80, "awards" : { "wins" : 0, "nominations" : 0, "text" : "" }, "type" : "movie" }
{ "_id" : ObjectId("5692a4e024de1e0ce2dfdc03"), "title" : "Star Trek VI: The Undiscovered Country", "year" : 1991, "rated" : "PG", "released" : ISODate("1991-12-06T05:00:00Z"), "runtime" : 113, "countries" : [ "USA" ], "genres" : [ "Action", "Adventure", "Sci-Fi" ], "director" : "Nicholas Meyer", "writers" : [ "Gene Roddenberry", "Leonard Nimoy", "Lawrence Konner", "Mark Rosenthal", "Nicholas Meyer", "Denny Martin Flinn" ], "actors" : [ "William Shatner", "Leonard Nimoy", "DeForest Kelley", "James Doohan" ], "plot" : "On the eve of retirement, Kirk and McCoy are charged with assassinating the Klingon High Chancellor and imprisoned. The Enterprise crew must help them escape to thwart a conspiracy aimed at sabotaging the last best hope for peace.", "poster" : "http://ia.media-imdb.com/images/M/MV5BMTkyODE4MDIxNV5BMl5BanBnXkFtZTcwNzYxNDI4OA@@._V1_SX300.jpg", "imdb" : { "id" : "tt0102975", "rating" : 7.2, "votes" : 52403 }, "tomato" : { "meter" : 83, "image" : "certified", "rating" : 6.8, "reviews" : 48, "fresh" : 40, "consensus" : "The Undiscovered Country is a strong cinematic send-off for the original Trek crew, featuring some remarkable visuals and an intriguing, character-driven mystery plot.", "userMeter" : 83, "userRating" : 3.5, "userReviews" : 62356 }, "metacritic" : 65, "awards" : { "wins" : 1, "nominations" : 5, "text" : "Nominated for 2 Oscars. Another 1 win & 5 nominations." }, "type" : "movie" }
{ "_id" : ObjectId("5692a4e124de1e0ce2dfdc05"), "title" : "The Young and Prodigious T.S. Spivet", "year" : 2013, "rated" : "PG", "released" : ISODate("2015-07-31T04:00:00Z"), "runtime" : 105, "countries" : [ "France", "Australia", "Canada" ], "genres" : [ "Action", "Adventure", "Drama" ], "director" : "Jean-Pierre Jeunet", "writers" : [ "Jean-Pierre Jeunet", "Guillaume Laurant", "Guillaume Laurant", "Reif Larsen" ], "actors" : [ "Kyle Catlett", "Helena Bonham Carter", "Judy Davis", "Callum Keith Rennie" ], "plot" : "A ten-year-old cartographer secretly leaves his family's ranch in Montana where he lives with his cowboy father and scientist mother and travels across the country aboard a freight train to receive an award at the Smithsonian Institute.", "poster" : "http://ia.media-imdb.com/images/M/MV5BMTk3MDU1MTc5Ml5BMl5BanBnXkFtZTgwNzk2NDY2NjE@._V1_SX300.jpg", "imdb" : { "id" : "tt3677534", "rating" : 7.1, "votes" : 9651 }, "tomato" : null, "metacritic" : 53, "awards" : { "wins" : 4, "nominations" : 4, "text" : "4 wins & 4 nominations." }, "type" : "movie" }
{ "_id" : ObjectId("5692a4e224de1e0ce2dfdc07"), "title" : "The Young and Prodigious T.S. Spivet", "year" : 2013, "rated" : "PG", "released" : ISODate("2015-07-31T04:00:00Z"), "runtime" : 105, "countries" : [ "France", "Australia", "Canada" ], "genres" : [ "Action", "Adventure", "Drama" ], "director" : "Jean-Pierre Jeunet", "writers" : [ "Jean-Pierre Jeunet", "Guillaume Laurant", "Guillaume Laurant", "Reif Larsen" ], "actors" : [ "Kyle Catlett", "Helena Bonham Carter", "Judy Davis", "Callum Keith Rennie" ], "plot" : "A ten-year-old cartographer secretly leaves his family's ranch in Montana where he lives with his cowboy father and scientist mother and travels across the country aboard a freight train to receive an award at the Smithsonian Institute.", "poster" : "http://ia.media-imdb.com/images/M/MV5BMTk3MDU1MTc5Ml5BMl5BanBnXkFtZTgwNzk2NDY2NjE@._V1_SX300.jpg", "imdb" : { "id" : "tt1981107", "rating" : 7.1, "votes" : 10029 }, "tomato" : { "meter" : 78, "image" : "fresh", "rating" : 6, "reviews" : 41, "fresh" : 32, "consensus" : null, "userMeter" : 70, "userRating" : 3.6, "userReviews" : 1447 }, "metacritic" : 53, "awards" : { "wins" : 4, "nominations" : 4, "text" : "4 wins & 4 nominations." }, "type" : "movie" }
{ "_id" : ObjectId("5692a4f624de1e0ce2dfdc2e"), "title" : "Titan A.E.", "year" : 2000, "rated" : "PG", "released" : ISODate("2000-06-16T04:00:00Z"), "runtime" : 94, "countries" : [ "USA" ], "genres" : [ "Animation", "Action", "Adventure" ], "director" : "Don Bluth, Gary Goldman, Art Vitello", "writers" : [ "Hans Bauer", "Randall McCormick", "Ben Edlund", "John August", "Joss Whedon" ], "actors" : [ "Matt Damon", "Bill Pullman", "John Leguizamo", "Nathan Lane" ], "plot" : "A young man learns that he has to find a hidden Earth ship before an enemy alien species does in order to secure the survival of humanity.", "poster" : "http://ia.media-imdb.com/images/M/MV5BMjE0NTU0ODg4NV5BMl5BanBnXkFtZTcwNzY3MTQyMQ@@._V1_SX300.jpg", "imdb" : { "id" : "tt0120913", "rating" : 6.6, "votes" : 50875 }, "tomato" : { "meter" : 52, "image" : "rotten", "rating" : 5.7, "reviews" : 99, "fresh" : 51, "consensus" : "Great visuals, but the story feels like a cut-and-paste job of other sci-fi movies.", "userMeter" : 60, "userRating" : 3.2, "userReviews" : 69055 }, "metacritic" : 48, "awards" : { "wins" : 1, "nominations" : 7, "text" : "1 win & 7 nominations." }, "type" : "movie" }
{ "_id" : ObjectId("5692a50624de1e0ce2dfdc48"), "title" : "The Gods Must Be Crazy", "year" : 1980, "rated" : "PG", "released" : ISODate("1984-10-26T04:00:00Z"), "runtime" : 109, "countries" : [ "Botswana", "South Africa" ], "genres" : [ "Action", "Comedy" ], "director" : "Jamie Uys", "writers" : [ "Jamie Uys" ], "actors" : [ "Marius Weyers", "Sandra Prinsloo", "N!xau", "Louw Verwey" ], "plot" : "A comic allegory about a traveling Bushman who encounters modern civilization and its stranger aspects, including a clumsy scientist and a band of revolutionaries.", "poster" : "http://ia.media-imdb.com/images/M/MV5BMTI2ODYxNzM3N15BMl5BanBnXkFtZTcwNDMwODUyMQ@@._V1_SX300.jpg", "imdb" : { "id" : "tt0080801", "rating" : 7.3, "votes" : 41792 }, "awards" : { "wins" : 2, "nominations" : 3, "text" : "2 wins & 3 nominations." }, "type" : "movie" }
{ "_id" : ObjectId("5692a50824de1e0ce2dfdc4f"), "title" : "The Man Who Would Be King", "year" : 1975, "rated" : "PG", "released" : ISODate("1975-12-17T05:00:00Z"), "runtime" : 129, "countries" : [ "UK", "USA" ], "genres" : [ "Adventure" ], "director" : "John Huston", "writers" : [ "John Huston", "Gladys Hill", "Rudyard Kipling" ], "actors" : [ "Sean Connery", "Michael Caine", "Christopher Plummer", "Saeed Jaffrey" ], "plot" : "Two British soldiers in India decide to resign from the Army and set themselves up as deities in Kafiristan--a land where no white man has set foot since Alexander.", "poster" : "http://ia.media-imdb.com/images/M/MV5BNDQ1NjQ0Mjk4N15BMl5BanBnXkFtZTgwODUwNzU2MjE@._V1_SX300.jpg", "imdb" : { "id" : "tt0073341", "rating" : 7.9, "votes" : 34969 }, "awards" : { "wins" : 0, "nominations" : 4, "text" : "Nominated for 4 Oscars. Another 4 nominations." }, "type" : "movie" }
{ "_id" : ObjectId("5692a51724de1e0ce2dfdc6e"), "title" : "I Am David", "year" : 2003, "rated" : "PG", "released" : ISODate("2004-12-03T05:00:00Z"), "runtime" : 90, "countries" : [ "USA" ], "genres" : [ "Drama" ], "director" : "Paul Feig", "writers" : [ "Anne Holm", "Paul Feig" ], "actors" : [ "Ben Tibber", "Jim Caviezel", "Joan Plowright", "Hristo Shopov" ], "plot" : "A 12-year-old boy escapes from a Bulgarian Communist concentration camp and sets out on a journey to reach Denmark.", "poster" : "http://ia.media-imdb.com/images/M/MV5BMTc0MDI3MzgwN15BMl5BanBnXkFtZTcwOTQ2MTcyMQ@@._V1_SX300.jpg", "imdb" : { "id" : "tt0327919", "rating" : 7.3, "votes" : 5853 }, "tomato" : { "meter" : 38, "image" : "rotten", "rating" : 5.2, "reviews" : 34, "fresh" : 13, "consensus" : null, "userMeter" : 84, "userRating" : 4, "userReviews" : 7164 }, "metacritic" : 47, "awards" : { "wins" : 8, "nominations" : 1, "text" : "8 wins & 1 nomination." }, "type" : "movie" }
Type "it" for more
> it
{ "_id" : ObjectId("5692a51724de1e0ce2dfdc6f"), "title" : "That's What I Am", "year" : 2011, "rated" : "PG", "released" : ISODate("2011-04-29T04:00:00Z"), "runtime" : 101, "countries" : [ "USA" ], "genres" : [ "Comedy", "Drama" ], "director" : "Michael Pavone", "writers" : [ "Michael Pavone" ], "actors" : [ "Ed Harris", "Chase Ellison", "Molly Parker", "Daniel Roebuck" ], "plot" : "A coming-of-age story set in 1965 that follows 12-year-old Andy Nichol (Chase Ellison), a bright student who, like most kids his age, will do anything to avoid conflict for fear of ...", "poster" : "http://ia.media-imdb.com/images/M/MV5BNjI1MDA1MDEzOF5BMl5BanBnXkFtZTcwMTcwMzAwNQ@@._V1_SX300.jpg", "imdb" : { "id" : "tt1606180", "rating" : 7.1, "votes" : 8442 }, "tomato" : { "meter" : 60, "image" : "fresh", "rating" : 5.5, "reviews" : 20, "fresh" : 12, "consensus" : null, "userMeter" : 68, "userRating" : 3.7, "userReviews" : 1688 }, "metacritic" : 53, "awards" : { "wins" : 0, "nominations" : 0, "text" : "" }, "type" : "movie" }
{ "_id" : ObjectId("5692a52a24de1e0ce2dfdc97"), "title" : "E.T. the Extra-Terrestrial", "year" : 1982, "rated" : "PG", "released" : ISODate("1982-06-11T04:00:00Z"), "runtime" : 115, "countries" : [ "USA" ], "genres" : [ "Family", "Sci-Fi" ], "director" : "Steven Spielberg", "writers" : [ "Melissa Mathison" ], "actors" : [ "Dee Wallace", "Henry Thomas", "Peter Coyote", "Robert MacNaughton" ], "plot" : "A troubled child summons the courage to help a friendly alien escape Earth and return to his home-world.", "poster" : "http://ia.media-imdb.com/images/M/MV5BMTc1NTQ0MTUyNF5BMl5BanBnXkFtZTcwMDYzMDU2Mw@@._V1_SX300.jpg", "imdb" : { "id" : "tt0083866", "rating" : 7.9, "votes" : 264913 }, "tomato" : { "meter" : 98, "image" : "certified", "rating" : 9.2, "reviews" : 111, "fresh" : 109, "consensus" : "Playing as both an exciting sci-fi adventure and a remarkable portrait of childhood, Steven Spielberg's touching tale of a homesick alien remains a piece of movie magic for young and old.", "userMeter" : 71, "userRating" : 3.5, "userReviews" : 32310979 }, "metacritic" : 94, "awards" : { "wins" : 46, "nominations" : 32, "text" : "Won 4 Oscars. Another 46 wins & 32 nominations." }, "type" : "movie" }
{ "_id" : ObjectId("5692a52f24de1e0ce2dfdca1"), "title" : "Au Revoir Les Enfants", "year" : 1987, "rated" : "PG", "released" : ISODate("1988-02-12T05:00:00Z"), "runtime" : 104, "countries" : [ "France", "West Germany", "Italy" ], "genres" : [ "Biography", "Drama", "War" ], "director" : "Louis Malle", "writers" : [ "Louis Malle" ], "actors" : [ "Gaspard Manesse", "Raphael Fejtö", "Francine Racette", "Stanislas Carré de Malberg" ], "plot" : "A French boarding school run by priests seems to be a haven from World War II until a new student arrives. He becomes the roommate of top student in his class. Rivals at first, the roommates form a bond and share a secret.", "poster" : "http://ia.media-imdb.com/images/M/MV5BMjEwMTgxNTM5NV5BMl5BanBnXkFtZTcwNTU5MDIzMQ@@._V1_SX300.jpg", "imdb" : { "id" : "tt0092593", "rating" : 8.1, "votes" : 22816 }, "awards" : { "wins" : 27, "nominations" : 10, "text" : "Nominated for 2 Oscars. Another 27 wins & 10 nominations." }, "type" : "movie" }
{ "_id" : ObjectId("5692a54d24de1e0ce2dfdcd3"), "title" : "An Inconvenient Truth", "year" : 2006, "rated" : "PG", "released" : ISODate("2006-06-30T04:00:00Z"), "runtime" : 96, "countries" : [ "USA" ], "genres" : [ "Documentary" ], "director" : "Davis Guggenheim", "writers" : [ ], "actors" : [ "Al Gore", "Billy West" ], "plot" : "A documentary on Al Gore's campaign to make the issue of global warming a recognized problem worldwide.", "poster" : "http://ia.media-imdb.com/images/M/MV5BOTg3NjYxMjM5OF5BMl5BanBnXkFtZTcwMzQzMDA0MQ@@._V1_SX300.jpg", "imdb" : { "id" : "tt0497116", "rating" : 7.5, "votes" : 63855 }, "tomato" : { "meter" : 93, "image" : "certified", "rating" : 7.7, "reviews" : 159, "fresh" : 148, "consensus" : "This candid, powerful and informative documentary illuminates some of the myths surrounding its dual subjects: global warming and Al Gore.", "userMeter" : 78, "userRating" : 3.6, "userReviews" : 119254 }, "metacritic" : 75, "awards" : { "wins" : 29, "nominations" : 9, "text" : "Won 2 Oscars. Another 29 wins & 9 nominations." }, "type" : "movie" }
{ "_id" : ObjectId("5692c8f724de1e0ce2dfe25e"), "title" : "The Culpepper Cattle Co.", "year" : 1972, "rated" : "PG", "released" : ISODate("1972-07-21T04:00:00Z"), "runtime" : 92, "countries" : [ "USA" ], "genres" : [ "Western" ], "director" : "Dick Richards", "writers" : [ "Dick Richards", "Eric Bercovici", "Gregory Prentiss" ], "actors" : [ "Gary Grimes", "Billy Green Bush", "Luke Askew", "Bo Hopkins" ], "plot" : "Young farmboy who always wanted to be a cowhand talks a tough trail boss into hiring him on a cattle drive.", "poster" : "http://ia.media-imdb.com/images/M/MV5BMzEyNjI3NzUxMV5BMl5BanBnXkFtZTcwMjY2NzIzMQ@@._V1_SX300.jpg", "imdb" : { "id" : "tt0068435", "rating" : 7, "votes" : 962 }, "awards" : { "wins" : 0, "nominations" : 1, "text" : "1 nomination." }, "type" : "movie" }
{ "_id" : ObjectId("5692c8f824de1e0ce2dfe25f"), "title" : "How to Beat the High Co$t of Living", "year" : 1980, "rated" : "PG", "released" : ISODate("1980-07-11T04:00:00Z"), "runtime" : 105, "countries" : [ "USA" ], "genres" : [ "Comedy", "Crime" ], "director" : "Robert Scheerer", "writers" : [ "Robert Kaufman", "Leonora Thuna" ], "actors" : [ "Susan Saint James", "Jane Curtin", "Jessica Lange", "Richard Benjamin" ], "plot" : "Oregon, 1980: Jane, Elaine and Louise are all feeling the effects of inflation and cannot afford, as the title states, the high cost of living. Jane cannot afford a babysitter or get ...", "poster" : "http://ia.media-imdb.com/images/M/MV5BMTk5MjU2MzY2OV5BMl5BanBnXkFtZTcwMzAzODE0NA@@._V1_SX300.jpg", "imdb" : { "id" : "tt0080895", "rating" : 5.8, "votes" : 927 }, "awards" : { "wins" : 0, "nominations" : 0, "text" : "" }, "type" : "movie" }
{ "_id" : ObjectId("5692c8fb24de1e0ce2dfe275"), "title" : "Through a Lens Darkly: Grief, Loss and C.S. Lewis", "year" : 2011, "rated" : "PG", "released" : ISODate("2011-07-07T04:00:00Z"), "runtime" : 60, "countries" : [ "USA" ], "genres" : [ "Drama" ], "director" : "Tom Dallis", "writers" : [ "Amy Dallis", "Jacob Stuart" ], "actors" : [ "Chelsie Casagrande", "Nina Coppola", "Carissa Dallis", "June Felix" ], "plot" : "The grief over the death of a loved one, the devastation of a physical or mental impairment, the pain of divorce or separation, or the distress of job loss and foreclosure. The physical and emotional responses to grief can be as heart wrenching as the loss itself. So where does a person turn for answers and encouragement in a time of despair, doubt or fear?", "poster" : "http://ia.media-imdb.com/images/M/MV5BMTQ3MDM5NzIxMF5BMl5BanBnXkFtZTgwODgwNjQ5NjE@._V1_SX300.jpg", "imdb" : { "id" : "tt1838720", "rating" : 8.1, "votes" : 10 }, "awards" : { "wins" : 2, "nominations" : 0, "text" : "2 wins." }, "type" : "movie" }
{ "_id" : ObjectId("5692c8fe24de1e0ce2dfe288"), "title" : "The Road to El Dorado", "year" : 2000, "rated" : "PG", "released" : ISODate("2000-03-31T05:00:00Z"), "runtime" : 89, "countries" : [ "USA" ], "genres" : [ "Animation", "Adventure", "Comedy" ], "director" : "Bibo Bergeron, Don Paul, Jeffrey Katzenberg", "writers" : [ "Terry Rossio", "Ted Elliott", "Karey Kirkpatrick" ], "actors" : [ "Kevin Kline", "Kenneth Branagh", "Rosie Perez", "Armand Assante" ], "plot" : "Two swindlers get their hands on a map to the fabled city of gold, El Dorado.", "poster" : "http://ia.media-imdb.com/images/M/MV5BMTk5OTk0MjY5MV5BMl5BanBnXkFtZTcwMTY2NzkxMQ@@._V1_SX300.jpg", "imdb" : { "id" : "tt0138749", "rating" : 6.9, "votes" : 53102 }, "tomato" : { "meter" : 48, "image" : "rotten", "rating" : 5.5, "reviews" : 104, "fresh" : 50, "consensus" : "Predictable story and thin characters made the movie flat.", "userMeter" : 64, "userRating" : 3.2, "userReviews" : 61654 }, "metacritic" : 51, "awards" : { "wins" : 1, "nominations" : 12, "text" : "1 win & 12 nominations." }, "type" : "movie" }
> var c = db.movieDetails.find();
> var doc = function() {return c.hasNext() ? c.next(): null:}
2017-06-08T15:06:03.638-0500 E QUERY    [thread1] SyntaxError: missing ; before statement @(shell):1:57
> var doc = function() {return c.hasNext() ? c.next(): null;}
> c.objsLeftInBatch();
101
> doc()
{
	"_id" : ObjectId("569190ca24de1e0ce2dfcd4f"),
	"title" : "Once Upon a Time in the West",
	"year" : 1968,
	"rated" : "PG-13",
	"released" : ISODate("1968-12-21T05:00:00Z"),
	"runtime" : 175,
	"countries" : [
		"Italy",
		"USA",
		"Spain"
	],
	"genres" : [
		"Western"
	],
	"director" : "Sergio Leone",
	"writers" : [
		"Sergio Donati",
		"Sergio Leone",
		"Dario Argento",
		"Bernardo Bertolucci",
		"Sergio Leone"
	],
	"actors" : [
		"Claudia Cardinale",
		"Henry Fonda",
		"Jason Robards",
		"Charles Bronson"
	],
	"plot" : "Epic story of a mysterious stranger with a harmonica who joins forces with a notorious desperado to protect a beautiful widow from a ruthless assassin working for the railroad.",
	"poster" : "http://ia.media-imdb.com/images/M/MV5BMTEyODQzNDkzNjVeQTJeQWpwZ15BbWU4MDgyODk1NDEx._V1_SX300.jpg",
	"imdb" : {
		"id" : "tt0064116",
		"rating" : 8.6,
		"votes" : 201283
	},
	"tomato" : {
		"meter" : 98,
		"image" : "certified",
		"rating" : 9,
		"reviews" : 54,
		"fresh" : 53,
		"consensus" : "A landmark Sergio Leone spaghetti western masterpiece featuring a classic Morricone score.",
		"userMeter" : 95,
		"userRating" : 4.3,
		"userReviews" : 64006
	},
	"metacritic" : 80,
	"awards" : {
		"wins" : 4,
		"nominations" : 5,
		"text" : "4 wins & 5 nominations."
	},
	"type" : "movie"
}
> c.objsLeftInBatch()
100
> doc()
{
	"_id" : ObjectId("569190cb24de1e0ce2dfcd50"),
	"title" : "A Million Ways to Die in the West",
	"year" : 2014,
	"rated" : "R",
	"released" : ISODate("2014-05-30T04:00:00Z"),
	"runtime" : 116,
	"countries" : [
		"USA"
	],
	"genres" : [
		"Comedy",
		"Western"
	],
	"director" : "Seth MacFarlane",
	"writers" : [
		"Seth MacFarlane",
		"Alec Sulkin",
		"Wellesley Wild"
	],
	"actors" : [
		"Seth MacFarlane",
		"Charlize Theron",
		"Amanda Seyfried",
		"Liam Neeson"
	],
	"plot" : "As a cowardly farmer begins to fall for the mysterious new woman in town, he must put his new-found courage to the test when her husband, a notorious gun-slinger, announces his arrival.",
	"poster" : "http://ia.media-imdb.com/images/M/MV5BMTQ0NDcyNjg0MV5BMl5BanBnXkFtZTgwMzk4NTA4MTE@._V1_SX300.jpg",
	"imdb" : {
		"id" : "tt2557490",
		"rating" : 6.1,
		"votes" : 126592
	},
	"tomato" : {
		"meter" : 33,
		"image" : "rotten",
		"rating" : 4.9,
		"reviews" : 188,
		"fresh" : 62,
		"consensus" : "While it offers a few laughs and boasts a talented cast, Seth MacFarlane's overlong, aimless A Million Ways to Die in the West is a disappointingly scattershot affair.",
		"userMeter" : 40,
		"userRating" : 3,
		"userReviews" : 62945
	},
	"metacritic" : 44,
	"awards" : {
		"wins" : 0,
		"nominations" : 6,
		"text" : "6 nominations."
	},
	"type" : "movie"
}
> c.objsLeftInBatch()
99
> db.movieDetails.find({rated:"PG"}, {title:}).pretty()
2017-06-08T15:09:42.531-0500 E QUERY    [thread1] SyntaxError: expected expression, got '}' @(shell):1:42
> db.movieDetails.find({rated:"PG"}, {title: }).pretty()
2017-06-08T15:10:05.305-0500 E QUERY    [thread1] SyntaxError: expected expression, got '}' @(shell):1:43
> db.movieDetails.find({rated: "PG"},{title: }).pretty()
2017-06-08T15:10:50.790-0500 E QUERY    [thread1] SyntaxError: expected expression, got '}' @(shell):1:43
> db.movieDetails.find({rated: "PG"},{title: 1}).pretty()
{
	"_id" : ObjectId("569190cc24de1e0ce2dfcd59"),
	"title" : "Star Wars: Episode IV - A New Hope"
}
{
	"_id" : ObjectId("569190cc24de1e0ce2dfcd5a"),
	"title" : "Star Wars: Episode V - The Empire Strikes Back"
}
{
	"_id" : ObjectId("569190cc24de1e0ce2dfcd5b"),
	"title" : "Star Wars: Episode VI - Return of the Jedi"
}
{
	"_id" : ObjectId("569190cc24de1e0ce2dfcd5c"),
	"title" : "Star Wars: Episode I - The Phantom Menace"
}
{
	"_id" : ObjectId("569190cd24de1e0ce2dfcd5f"),
	"title" : "Star Wars: Episode II - Attack of the Clones"
}
{
	"_id" : ObjectId("569190cd24de1e0ce2dfcd62"),
	"title" : "Star Trek II: The Wrath of Khan"
}
{
	"_id" : ObjectId("569190cd24de1e0ce2dfcd63"),
	"title" : "Dr. Strangelove or: How I Learned to Stop Worrying and Love the Bomb"
}
{
	"_id" : ObjectId("569190cf24de1e0ce2dfcd6f"),
	"title" : "Zathura: A Space Adventure"
}
{
	"_id" : ObjectId("569190d024de1e0ce2dfcd77"),
	"title" : "The Adventures of Tintin"
}
{
	"_id" : ObjectId("569190d024de1e0ce2dfcd78"),
	"title" : "The Adventures of Baron Munchausen"
}
{
	"_id" : ObjectId("569190d024de1e0ce2dfcd79"),
	"title" : "The Adventures of Robin Hood"
}
{
	"_id" : ObjectId("569190d024de1e0ce2dfcd7d"),
	"title" : "The Adventures of Sharkboy and Lavagirl 3-D"
}
{
	"_id" : ObjectId("569190d024de1e0ce2dfcd7e"),
	"title" : "The Adventures of Buckaroo Banzai Across the 8th Dimension"
}
{
	"_id" : ObjectId("569190d024de1e0ce2dfcd7f"),
	"title" : "The Adventures of Rocky & Bullwinkle"
}
{
	"_id" : ObjectId("569190d024de1e0ce2dfcd80"),
	"title" : "The Extraordinary Adventures of Adèle Blanc-Sec"
}
{ "_id" : ObjectId("569190d124de1e0ce2dfcd81"), "title" : "The Truman Show" }
{
	"_id" : ObjectId("569190d224de1e0ce2dfcd8d"),
	"title" : "Dead Poets Society"
}
{ "_id" : ObjectId("5692a13b24de1e0ce2dfceaa"), "title" : "Treasure Planet" }
{ "_id" : ObjectId("5692a13b24de1e0ce2dfceac"), "title" : "Planet 51" }
{ "_id" : ObjectId("5692a13d24de1e0ce2dfceba"), "title" : "The Karate Kid" }
Type "it" for more
> db.movieDetails.find({rated: "PG"},{title: 1, _id:0}).pretty()
{ "title" : "Star Wars: Episode IV - A New Hope" }
{ "title" : "Star Wars: Episode V - The Empire Strikes Back" }
{ "title" : "Star Wars: Episode VI - Return of the Jedi" }
{ "title" : "Star Wars: Episode I - The Phantom Menace" }
{ "title" : "Star Wars: Episode II - Attack of the Clones" }
{ "title" : "Star Trek II: The Wrath of Khan" }
{
	"title" : "Dr. Strangelove or: How I Learned to Stop Worrying and Love the Bomb"
}
{ "title" : "Zathura: A Space Adventure" }
{ "title" : "The Adventures of Tintin" }
{ "title" : "The Adventures of Baron Munchausen" }
{ "title" : "The Adventures of Robin Hood" }
{ "title" : "The Adventures of Sharkboy and Lavagirl 3-D" }
{ "title" : "The Adventures of Buckaroo Banzai Across the 8th Dimension" }
{ "title" : "The Adventures of Rocky & Bullwinkle" }
{ "title" : "The Extraordinary Adventures of Adèle Blanc-Sec" }
{ "title" : "The Truman Show" }
{ "title" : "Dead Poets Society" }
{ "title" : "Treasure Planet" }
{ "title" : "Planet 51" }
{ "title" : "The Karate Kid" }
Type "it" for more
> db.movieDetails.find({rated: "PG"},{writers:0, actors:0, _id:0}).pretty()
{
	"title" : "Star Wars: Episode IV - A New Hope",
	"year" : 1977,
	"rated" : "PG",
	"released" : ISODate("1977-05-25T04:00:00Z"),
	"runtime" : 121,
	"countries" : [
		"USA"
	],
	"genres" : [
		"Action",
		"Adventure",
		"Fantasy"
	],
	"director" : "George Lucas",
	"plot" : "Luke Skywalker joins forces with a Jedi Knight, a cocky pilot, a wookiee and two droids to save the universe from the Empire's world-destroying battle-station, while also attempting to rescue Princess Leia from the evil Darth Vader.",
	"poster" : "http://ia.media-imdb.com/images/M/MV5BMTU4NTczODkwM15BMl5BanBnXkFtZTcwMzEyMTIyMw@@._V1_SX300.jpg",
	"imdb" : {
		"id" : "tt0076759",
		"rating" : 8.7,
		"votes" : 822849
	},
	"tomato" : {
		"meter" : 94,
		"image" : "certified",
		"rating" : 8.5,
		"reviews" : 99,
		"fresh" : 93,
		"consensus" : "A legendarily expansive and ambitious start to the sci-fi saga, George Lucas opened our eyes to the possibilities of blockbuster filmmaking and things have never been the same.",
		"userMeter" : 96,
		"userRating" : 4.1,
		"userReviews" : 851120
	},
	"metacritic" : 92,
	"awards" : {
		"wins" : 38,
		"nominations" : 27,
		"text" : "Won 6 Oscars. Another 38 wins & 27 nominations."
	},
	"type" : "movie"
}
{
	"title" : "Star Wars: Episode V - The Empire Strikes Back",
	"year" : 1980,
	"rated" : "PG",
	"released" : ISODate("1980-06-20T04:00:00Z"),
	"runtime" : 124,
	"countries" : [
		"USA"
	],
	"genres" : [
		"Action",
		"Adventure",
		"Fantasy"
	],
	"director" : "Irvin Kershner",
	"plot" : "After the rebels have been brutally overpowered by the Empire on their newly established base, Luke Skywalker takes advanced Jedi training with Master Yoda, while his friends are pursued by Darth Vader as part of his plan to capture Luke.",
	"poster" : "http://ia.media-imdb.com/images/M/MV5BMjE2MzQwMTgxN15BMl5BanBnXkFtZTcwMDQzNjk2OQ@@._V1_SX300.jpg",
	"imdb" : {
		"id" : "tt0080684",
		"rating" : 8.8,
		"votes" : 739949
	},
	"tomato" : {
		"meter" : 94,
		"image" : "certified",
		"rating" : 8.9,
		"reviews" : 87,
		"fresh" : 82,
		"consensus" : "Dark, sinister, but ultimately even more involving than A New Hope, The Empire Strikes Back defies viewer expectations and takes the series to heightened emotional levels.",
		"userMeter" : 97,
		"userRating" : 4.1,
		"userReviews" : 1045537
	},
	"metacritic" : 79,
	"awards" : {
		"wins" : 15,
		"nominations" : 17,
		"text" : "Won 1 Oscar. Another 15 wins & 17 nominations."
	},
	"type" : "movie"
}
{
	"title" : "Star Wars: Episode VI - Return of the Jedi",
	"year" : 1983,
	"rated" : "PG",
	"released" : ISODate("1983-05-25T04:00:00Z"),
	"runtime" : 131,
	"countries" : [
		"USA"
	],
	"genres" : [
		"Action",
		"Adventure",
		"Fantasy"
	],
	"director" : "Richard Marquand",
	"plot" : "After rescuing Han Solo from the palace of Jabba the Hutt, the rebels attempt to destroy the second Death Star, while Luke struggles to make Vader return from the dark side of the Force.",
	"poster" : "http://ia.media-imdb.com/images/M/MV5BMTQ0MzI1NjYwOF5BMl5BanBnXkFtZTgwODU3NDU2MTE@._V1._CR93,97,1209,1861_SX89_AL_.jpg_V1_SX300.jpg",
	"imdb" : {
		"id" : "tt0086190",
		"rating" : 8.4,
		"votes" : 623252
	},
	"tomato" : {
		"meter" : 80,
		"image" : "certified",
		"rating" : 7.2,
		"reviews" : 84,
		"fresh" : 67,
		"consensus" : "Though failing to reach the cinematic heights of its predecessors, Return of the Jedi remains an entertaining sci-fi adventure and a fitting end to the classic trilogy.",
		"userMeter" : 94,
		"userRating" : 4,
		"userReviews" : 1003937
	},
	"metacritic" : 52,
	"awards" : {
		"wins" : 15,
		"nominations" : 15,
		"text" : "Nominated for 4 Oscars. Another 15 wins & 15 nominations."
	},
	"type" : "movie"
}
{
	"title" : "Star Wars: Episode I - The Phantom Menace",
	"year" : 1999,
	"rated" : "PG",
	"released" : ISODate("1999-05-19T04:00:00Z"),
	"runtime" : 136,
	"countries" : [
		"USA"
	],
	"genres" : [
		"Action",
		"Adventure",
		"Fantasy"
	],
	"director" : "George Lucas",
	"plot" : "Two Jedi Knights escape a hostile blockade to find allies and come across a young boy who may bring balance to the Force, but the long dormant Sith resurface to reclaim their old glory.",
	"poster" : "http://ia.media-imdb.com/images/M/MV5BMTQ4NjEwNDA2Nl5BMl5BanBnXkFtZTcwNDUyNDQzNw@@._V1_SX300.jpg",
	"imdb" : {
		"id" : "tt0120915",
		"rating" : 6.5,
		"votes" : 494267
	},
	"tomato" : null,
	"metacritic" : 51,
	"awards" : {
		"wins" : 17,
		"nominations" : 59,
		"text" : "Nominated for 3 Oscars. Another 17 wins & 59 nominations."
	},
	"type" : "movie"
}
{
	"title" : "Star Wars: Episode II - Attack of the Clones",
	"year" : 2002,
	"rated" : "PG",
	"released" : ISODate("2002-05-16T04:00:00Z"),
	"runtime" : 142,
	"countries" : [
		"USA"
	],
	"genres" : [
		"Action",
		"Adventure",
		"Fantasy"
	],
	"director" : "George Lucas",
	"plot" : "Ten years after initially meeting, Anakin Skywalker shares a forbidden romance with Padmé, while Obi-Wan investigates an assassination attempt on the Senator and discovers a secret clone army crafted for the Jedi.",
	"poster" : "http://ia.media-imdb.com/images/M/MV5BMTY5MjI5NTIwNl5BMl5BanBnXkFtZTYwMTM1Njg2._V1_SX300.jpg",
	"imdb" : {
		"id" : "tt0121765",
		"rating" : 6.7,
		"votes" : 425728
	},
	"tomato" : {
		"meter" : 66,
		"image" : "fresh",
		"rating" : 6.7,
		"reviews" : 242,
		"fresh" : 159,
		"consensus" : "Star Wars Episode II: Attack of the Clones benefits from an increased emphasis on thrilling action, although they're once again undercut by ponderous plot points and underdeveloped characters.",
		"userMeter" : 58,
		"userRating" : 3.3,
		"userReviews" : 844634
	},
	"metacritic" : 54,
	"awards" : {
		"wins" : 13,
		"nominations" : 47,
		"text" : "Nominated for 1 Oscar. Another 13 wins & 47 nominations."
	},
	"type" : "movie"
}
{
	"title" : "Star Trek II: The Wrath of Khan",
	"year" : 1982,
	"rated" : "PG",
	"released" : ISODate("1982-06-04T04:00:00Z"),
	"runtime" : 113,
	"countries" : [
		"USA"
	],
	"genres" : [
		"Action",
		"Adventure",
		"Drama"
	],
	"director" : "Nicholas Meyer",
	"plot" : "With the assistance of the Enterprise crew, Admiral Kirk must stop an old nemesis, Khan Noonien Singh, from using the life-generating Genesis Device as the ultimate weapon.",
	"poster" : "http://ia.media-imdb.com/images/M/MV5BMTcwNjc5NjA4N15BMl5BanBnXkFtZTcwNDk5MzI4OA@@._V1_SX300.jpg",
	"imdb" : {
		"id" : "tt0084726",
		"rating" : 7.7,
		"votes" : 86687
	},
	"tomato" : {
		"meter" : 88,
		"image" : "certified",
		"rating" : 8,
		"reviews" : 49,
		"fresh" : 43,
		"consensus" : "Considered by many fans to be the best of the Star Trek movies, Khan features a strong plot, increased tension, and a sharp supporting performance from Ricardo Montalban.",
		"userMeter" : 90,
		"userRating" : 3.8,
		"userReviews" : 84279
	},
	"metacritic" : 71,
	"awards" : {
		"wins" : 2,
		"nominations" : 9,
		"text" : "2 wins & 9 nominations."
	},
	"type" : "movie"
}
{
	"title" : "Dr. Strangelove or: How I Learned to Stop Worrying and Love the Bomb",
	"year" : 1964,
	"rated" : "PG",
	"released" : ISODate("1964-01-29T05:00:00Z"),
	"runtime" : 95,
	"countries" : [
		"USA",
		"UK"
	],
	"genres" : [
		"Comedy"
	],
	"director" : "Stanley Kubrick",
	"plot" : "An insane general triggers a path to nuclear holocaust that a war room full of politicians and generals frantically try to stop.",
	"poster" : "http://ia.media-imdb.com/images/M/MV5BMTU2ODM2NTkxNF5BMl5BanBnXkFtZTcwOTMwMzU3Mg@@._V1_SX300.jpg",
	"imdb" : {
		"id" : "tt0057012",
		"rating" : 8.5,
		"votes" : 323857
	},
	"tomato" : {
		"meter" : 99,
		"image" : "certified",
		"rating" : 9,
		"reviews" : 68,
		"fresh" : 67,
		"consensus" : "Stanley Kubrick's brilliant Cold War satire remains as funny and razor-sharp today as it was in 1964.",
		"userMeter" : 94,
		"userRating" : 4.2,
		"userReviews" : 206480
	},
	"metacritic" : 96,
	"awards" : {
		"wins" : 13,
		"nominations" : 6,
		"text" : "Nominated for 4 Oscars. Another 13 wins & 6 nominations."
	},
	"type" : "movie"
}
{
	"title" : "Zathura: A Space Adventure",
	"year" : 2005,
	"rated" : "PG",
	"released" : ISODate("2005-11-11T05:00:00Z"),
	"runtime" : 101,
	"countries" : [
		"USA"
	],
	"genres" : [
		"Action",
		"Adventure",
		"Comedy"
	],
	"director" : "Jon Favreau",
	"plot" : "Two young brothers are drawn into an intergalactic adventure when their house is hurled through the depths of space by the magical board game they are playing.",
	"poster" : "http://ia.media-imdb.com/images/M/MV5BMjEyOTQ2ODg4OV5BMl5BanBnXkFtZTcwMjk2ODUzMQ@@._V1_SX300.jpg",
	"imdb" : {
		"id" : "tt0406375",
		"rating" : 6.1,
		"votes" : 62971
	},
	"tomato" : {
		"meter" : 75,
		"image" : "certified",
		"rating" : 6.6,
		"reviews" : 158,
		"fresh" : 119,
		"consensus" : "Dazzling special effects for the kids + well-crafted storytelling for the 'rents = cinematic satisfaction for the whole family.",
		"userMeter" : 51,
		"userRating" : 3,
		"userReviews" : 280429
	},
	"metacritic" : 67,
	"awards" : {
		"wins" : 2,
		"nominations" : 3,
		"text" : "2 wins & 3 nominations."
	},
	"type" : "movie"
}
{
	"title" : "The Adventures of Tintin",
	"year" : 2011,
	"rated" : "PG",
	"released" : ISODate("2011-12-21T05:00:00Z"),
	"runtime" : 107,
	"countries" : [
		"USA",
		"New Zealand"
	],
	"genres" : [
		"Animation",
		"Action",
		"Adventure"
	],
	"director" : "Steven Spielberg",
	"plot" : "Intrepid reporter Tintin and Captain Haddock set off on a treasure hunt for a sunken ship commanded by Haddock's ancestor.",
	"poster" : "http://ia.media-imdb.com/images/M/MV5BNDE5MDExNTQ1OF5BMl5BanBnXkFtZTcwMDIxMTM5Ng@@._V1_SX300.jpg",
	"imdb" : {
		"id" : "tt0983193",
		"rating" : 7.4,
		"votes" : 169875
	},
	"tomato" : {
		"meter" : 75,
		"image" : "certified",
		"rating" : 7,
		"reviews" : 205,
		"fresh" : 153,
		"consensus" : "Drawing deep from the classic Raiders of the Lost Ark playbook, Steven Spielberg has crafted another spirited, thrilling adventure in the form of Tintin.",
		"userMeter" : 74,
		"userRating" : 3.7,
		"userReviews" : 76244
	},
	"metacritic" : 68,
	"awards" : {
		"wins" : 22,
		"nominations" : 58,
		"text" : "Nominated for 1 Oscar. Another 22 wins & 58 nominations."
	},
	"type" : "movie"
}
{
	"title" : "The Adventures of Baron Munchausen",
	"year" : 1988,
	"rated" : "PG",
	"released" : ISODate("1989-03-10T05:00:00Z"),
	"runtime" : 126,
	"countries" : [
		"UK",
		"Italy"
	],
	"genres" : [
		"Adventure",
		"Comedy",
		"Fantasy"
	],
	"director" : "Terry Gilliam",
	"plot" : "An account of Baron Munchausen's supposed travels and fantastical experiences with his band of misfits.",
	"poster" : "http://ia.media-imdb.com/images/M/MV5BMTM3OTA5MTU2NF5BMl5BanBnXkFtZTcwOTIzMjk3OA@@._V1_SX300.jpg",
	"imdb" : {
		"id" : "tt0096764",
		"rating" : 7.2,
		"votes" : 40089
	},
	"tomato" : {
		"meter" : 92,
		"image" : "certified",
		"rating" : 7.3,
		"reviews" : 51,
		"fresh" : 47,
		"consensus" : "Bursting with Terry Gilliam's typically imaginative flourishes, this story of a possibly deranged Baron recounting his storied life is a flamboyant and witty visual treat.",
		"userMeter" : 82,
		"userRating" : 3.5,
		"userReviews" : 36148
	},
	"metacritic" : 69,
	"awards" : {
		"wins" : 6,
		"nominations" : 9,
		"text" : "Nominated for 4 Oscars. Another 6 wins & 9 nominations."
	},
	"type" : "movie"
}
{
	"title" : "The Adventures of Robin Hood",
	"year" : 1938,
	"rated" : "PG",
	"released" : ISODate("1938-05-14T04:00:00Z"),
	"runtime" : 102,
	"countries" : [
		"USA"
	],
	"genres" : [
		"Action",
		"Adventure",
		"Romance"
	],
	"director" : "Michael Curtiz, William Keighley",
	"plot" : "When Prince John and the Norman Lords begin oppressing the Saxon masses in King Richard's absence, a Saxon lord fights back as the outlaw leader of a rebel guerrilla army.",
	"poster" : "http://ia.media-imdb.com/images/M/MV5BMTUxMzE0MjI0MF5BMl5BanBnXkFtZTcwMTQ1OTM2MQ@@._V1_SX300.jpg",
	"imdb" : {
		"id" : "tt0029843",
		"rating" : 8,
		"votes" : 37543
	},
	"tomato" : {
		"meter" : 100,
		"image" : "certified",
		"rating" : 8.9,
		"reviews" : 44,
		"fresh" : 44,
		"consensus" : "Errol Flynn thrills as the legendary title character, and the film embodies the type of imaginative family adventure tailor-made for the silver screen.",
		"userMeter" : 89,
		"userRating" : 3.7,
		"userReviews" : 33282
	},
	"metacritic" : 97,
	"awards" : {
		"wins" : 2,
		"nominations" : 2,
		"text" : "Won 3 Oscars. Another 2 wins & 2 nominations."
	},
	"type" : "movie"
}
{
	"title" : "The Adventures of Sharkboy and Lavagirl 3-D",
	"year" : 2005,
	"rated" : "PG",
	"released" : ISODate("2005-06-10T04:00:00Z"),
	"runtime" : 93,
	"countries" : [
		"USA"
	],
	"genres" : [
		"Action",
		"Adventure",
		"Family"
	],
	"director" : "Robert Rodriguez",
	"plot" : "A young boy is recruited by his imaginary friends Sharkboy and Lavagirl to help save their planet.",
	"poster" : "http://ia.media-imdb.com/images/M/MV5BMTM1NzI3OTAwMl5BMl5BanBnXkFtZTcwMTI3ODkyMQ@@._V1_SX300.jpg",
	"imdb" : {
		"id" : "tt0424774",
		"rating" : 3.5,
		"votes" : 18621
	},
	"tomato" : {
		"meter" : 20,
		"image" : "rotten",
		"rating" : 4.3,
		"reviews" : 123,
		"fresh" : 24,
		"consensus" : "The decision to turn this kiddie fantasy into a 3-D film was a miscalculation.",
		"userMeter" : 31,
		"userRating" : 2.5,
		"userReviews" : 31651
	},
	"metacritic" : 38,
	"awards" : {
		"wins" : 1,
		"nominations" : 10,
		"text" : "1 win & 10 nominations."
	},
	"type" : "movie"
}
{
	"title" : "The Adventures of Buckaroo Banzai Across the 8th Dimension",
	"year" : 1984,
	"rated" : "PG",
	"released" : ISODate("1984-08-10T04:00:00Z"),
	"runtime" : 103,
	"countries" : [
		"USA"
	],
	"genres" : [
		"Adventure",
		"Comedy",
		"Romance"
	],
	"director" : "W.D. Richter",
	"plot" : "Adventurer/surgeon/rock musician Buckaroo Banzai and his band of men, the Hong Kong Cavaliers, take on evil alien invaders from the 8th dimension.",
	"poster" : "http://ia.media-imdb.com/images/M/MV5BMTk3OTAwNDQwOF5BMl5BanBnXkFtZTgwOTE0MzQxMDE@._V1_SX300.jpg",
	"imdb" : {
		"id" : "tt0086856",
		"rating" : 6.4,
		"votes" : 17154
	},
	"awards" : {
		"wins" : 0,
		"nominations" : 5,
		"text" : "5 nominations."
	},
	"type" : "movie"
}
{
	"title" : "The Adventures of Rocky & Bullwinkle",
	"year" : 2000,
	"rated" : "PG",
	"released" : ISODate("2000-06-30T04:00:00Z"),
	"runtime" : 92,
	"countries" : [
		"USA",
		"Germany"
	],
	"genres" : [
		"Animation",
		"Adventure",
		"Comedy"
	],
	"director" : "Des McAnuff",
	"plot" : "When enemies Boris, Natasha and Fearless leader escape into the real world with a nefarious scheme, Rocky & Bullwinkle do the same and team up with a young F.B.I. agent to stop the trio.",
	"poster" : "http://ia.media-imdb.com/images/M/MV5BMzI0Mzk2NzcwNV5BMl5BanBnXkFtZTcwNjYyNTkxMQ@@._V1_SX300.jpg",
	"imdb" : {
		"id" : "tt0131704",
		"rating" : 4.1,
		"votes" : 16248
	},
	"tomato" : {
		"meter" : 43,
		"image" : "rotten",
		"rating" : 4.8,
		"reviews" : 96,
		"fresh" : 41,
		"consensus" : "Though the film stays true to the nature of the original cartoon, the script is disappointing and not funny.",
		"userMeter" : 19,
		"userRating" : 2.2,
		"userReviews" : 51819
	},
	"metacritic" : 36,
	"awards" : {
		"wins" : 2,
		"nominations" : 4,
		"text" : "2 wins & 4 nominations."
	},
	"type" : "movie"
}
{
	"title" : "The Extraordinary Adventures of Adèle Blanc-Sec",
	"year" : 2010,
	"rated" : "PG",
	"released" : ISODate("2010-04-14T04:00:00Z"),
	"runtime" : 107,
	"countries" : [
		"France",
		"USA"
	],
	"genres" : [
		"Action",
		"Adventure",
		"Fantasy"
	],
	"director" : "Luc Besson",
	"plot" : "An adventure set in the early part of the 20th century and focused on a popular novelist and her dealings with would-be suitors, the cops, monsters, and other distractions.",
	"poster" : "http://ia.media-imdb.com/images/M/MV5BMTcwNzc0ODc5N15BMl5BanBnXkFtZTcwNDI1MTY4NA@@._V1_SX300.jpg",
	"imdb" : {
		"id" : "tt1179025",
		"rating" : 6.3,
		"votes" : 14871
	},
	"awards" : {
		"wins" : 2,
		"nominations" : 1,
		"text" : "2 wins & 1 nomination."
	},
	"type" : "movie"
}
{
	"title" : "The Truman Show",
	"year" : 1998,
	"rated" : "PG",
	"released" : ISODate("1998-06-05T04:00:00Z"),
	"runtime" : 103,
	"countries" : [
		"USA"
	],
	"genres" : [
		"Drama"
	],
	"director" : "Peter Weir",
	"plot" : "An insurance salesman/adjuster discovers his entire life is actually a T.V. show.",
	"poster" : "http://ia.media-imdb.com/images/M/MV5BMTg4NTU3NTAyMF5BMl5BanBnXkFtZTgwNjYwNzc3NjE@._V1_SX300.jpg",
	"imdb" : {
		"id" : "tt0120382",
		"rating" : 8.1,
		"votes" : 613430
	},
	"tomato" : {
		"meter" : 94,
		"image" : "certified",
		"rating" : 8.4,
		"reviews" : 125,
		"fresh" : 118,
		"consensus" : "A funny, tender, and thought-provoking film, The Truman Show is all the more noteworthy for its remarkably prescient vision of runaway celebrity culture and a nation with an insatiable thirst for the private details of ordinary lives.",
		"userMeter" : 88,
		"userRating" : 3.5,
		"userReviews" : 580012
	},
	"metacritic" : 90,
	"awards" : {
		"wins" : 35,
		"nominations" : 65,
		"text" : "Nominated for 3 Oscars. Another 35 wins & 65 nominations."
	},
	"type" : "movie"
}
{
	"title" : "Dead Poets Society",
	"year" : 1989,
	"rated" : "PG",
	"released" : ISODate("1989-06-09T04:00:00Z"),
	"runtime" : 128,
	"countries" : [
		"USA"
	],
	"genres" : [
		"Comedy",
		"Drama"
	],
	"director" : "Peter Weir",
	"plot" : "English teacher John Keating inspires his students to discover their love for poetry and seize the day.",
	"poster" : "http://ia.media-imdb.com/images/M/MV5BMzA5MTE0NTUwOV5BMl5BanBnXkFtZTgwOTgyMDUxMDE@._V1_SX300.jpg",
	"imdb" : {
		"id" : "tt0097165",
		"rating" : 8,
		"votes" : 259878
	},
	"tomato" : {
		"meter" : 85,
		"image" : "certified",
		"rating" : 7.2,
		"reviews" : 54,
		"fresh" : 46,
		"consensus" : "Affecting performances from the young cast and a genuinely inspirational turn from Robin Williams grant Peter Weir's prep school drama top honors.",
		"userMeter" : 92,
		"userRating" : 3.8,
		"userReviews" : 304924
	},
	"metacritic" : 79,
	"awards" : {
		"wins" : 17,
		"nominations" : 18,
		"text" : "Won 1 Oscar. Another 17 wins & 18 nominations."
	},
	"type" : "movie"
}
{
	"title" : "Treasure Planet",
	"year" : 2002,
	"rated" : "PG",
	"released" : ISODate("2002-11-27T05:00:00Z"),
	"runtime" : 95,
	"countries" : [
		"USA"
	],
	"genres" : [
		"Animation",
		"Adventure",
		"Family"
	],
	"director" : "Ron Clements, John Musker",
	"plot" : "A Disney animated version of \"Treasure Island\". The only difference is that the film is set in outer space with alien worlds and other galactic wonders.",
	"poster" : "http://ia.media-imdb.com/images/M/MV5BMTQ0NDg3MjU2OV5BMl5BanBnXkFtZTYwODgyMDg5._V1_SX300.jpg",
	"imdb" : {
		"id" : "tt0133240",
		"rating" : 7.1,
		"votes" : 66157
	},
	"tomato" : {
		"meter" : 68,
		"image" : "fresh",
		"rating" : 6.5,
		"reviews" : 146,
		"fresh" : 100,
		"consensus" : "Though its characterizations are weaker than usual, Treasure Planet offers a fast-paced, beautifully rendered vision of outer space.",
		"userMeter" : 70,
		"userRating" : 3.2,
		"userReviews" : 67264
	},
	"metacritic" : 60,
	"awards" : {
		"wins" : 1,
		"nominations" : 12,
		"text" : "Nominated for 1 Oscar. Another 1 win & 12 nominations."
	},
	"type" : "movie"
}
{
	"title" : "Planet 51",
	"year" : 2009,
	"rated" : "PG",
	"released" : ISODate("2009-11-20T05:00:00Z"),
	"runtime" : 91,
	"countries" : [
		"Spain",
		"UK",
		"USA"
	],
	"genres" : [
		"Animation",
		"Adventure",
		"Comedy"
	],
	"director" : "Jorge Blanco, Javier Abad, Marcos Martínez",
	"plot" : "An alien civilization is invaded by Astronaut Chuck Baker, who believes that the planet was uninhabited. Wanted by the military, Baker must get back to his ship before it goes into orbit without him.",
	"poster" : "http://ia.media-imdb.com/images/M/MV5BMTUyOTAyNTA5Ml5BMl5BanBnXkFtZTcwODU2OTM0Mg@@._V1_SX300.jpg",
	"imdb" : {
		"id" : "tt0762125",
		"rating" : 6.1,
		"votes" : 39493
	},
	"tomato" : {
		"meter" : 21,
		"image" : "rotten",
		"rating" : 4.2,
		"reviews" : 107,
		"fresh" : 23,
		"consensus" : "Planet 51 squanders an interesting premise with an overly familiar storyline, stock characters, and humor that alternates between curious and potentially offensive.",
		"userMeter" : 39,
		"userRating" : 2.8,
		"userReviews" : 356891
	},
	"metacritic" : 39,
	"awards" : {
		"wins" : 3,
		"nominations" : 4,
		"text" : "3 wins & 4 nominations."
	},
	"type" : "movie"
}
{
	"title" : "The Karate Kid",
	"year" : 1984,
	"rated" : "PG",
	"released" : ISODate("1984-06-22T04:00:00Z"),
	"runtime" : 126,
	"countries" : [
		"USA"
	],
	"genres" : [
		"Action",
		"Drama",
		"Family"
	],
	"director" : "John G. Avildsen",
	"plot" : "A handyman/martial arts master agrees to teach a bullied boy karate and shows him that there is more to the martial art than fighting.",
	"poster" : "http://ia.media-imdb.com/images/M/MV5BMTkyNjE3MjM2MV5BMl5BanBnXkFtZTYwMzY5ODk4._V1_SX300.jpg",
	"imdb" : {
		"id" : "tt0087538",
		"rating" : 7.2,
		"votes" : 116573
	},
	"awards" : {
		"wins" : 2,
		"nominations" : 2,
		"text" : "Nominated for 1 Oscar. Another 2 wins & 2 nominations."
	},
	"type" : "movie"
}
Type "it" for more
> db.movieDetails.find({runtime:{$gt:90} }).pretty()
{
	"_id" : ObjectId("569190ca24de1e0ce2dfcd4f"),
	"title" : "Once Upon a Time in the West",
	"year" : 1968,
	"rated" : "PG-13",
	"released" : ISODate("1968-12-21T05:00:00Z"),
	"runtime" : 175,
	"countries" : [
		"Italy",
		"USA",
		"Spain"
	],
	"genres" : [
		"Western"
	],
	"director" : "Sergio Leone",
	"writers" : [
		"Sergio Donati",
		"Sergio Leone",
		"Dario Argento",
		"Bernardo Bertolucci",
		"Sergio Leone"
	],
	"actors" : [
		"Claudia Cardinale",
		"Henry Fonda",
		"Jason Robards",
		"Charles Bronson"
	],
	"plot" : "Epic story of a mysterious stranger with a harmonica who joins forces with a notorious desperado to protect a beautiful widow from a ruthless assassin working for the railroad.",
	"poster" : "http://ia.media-imdb.com/images/M/MV5BMTEyODQzNDkzNjVeQTJeQWpwZ15BbWU4MDgyODk1NDEx._V1_SX300.jpg",
	"imdb" : {
		"id" : "tt0064116",
		"rating" : 8.6,
		"votes" : 201283
	},
	"tomato" : {
		"meter" : 98,
		"image" : "certified",
		"rating" : 9,
		"reviews" : 54,
		"fresh" : 53,
		"consensus" : "A landmark Sergio Leone spaghetti western masterpiece featuring a classic Morricone score.",
		"userMeter" : 95,
		"userRating" : 4.3,
		"userReviews" : 64006
	},
	"metacritic" : 80,
	"awards" : {
		"wins" : 4,
		"nominations" : 5,
		"text" : "4 wins & 5 nominations."
	},
	"type" : "movie"
}
{
	"_id" : ObjectId("569190cb24de1e0ce2dfcd50"),
	"title" : "A Million Ways to Die in the West",
	"year" : 2014,
	"rated" : "R",
	"released" : ISODate("2014-05-30T04:00:00Z"),
	"runtime" : 116,
	"countries" : [
		"USA"
	],
	"genres" : [
		"Comedy",
		"Western"
	],
	"director" : "Seth MacFarlane",
	"writers" : [
		"Seth MacFarlane",
		"Alec Sulkin",
		"Wellesley Wild"
	],
	"actors" : [
		"Seth MacFarlane",
		"Charlize Theron",
		"Amanda Seyfried",
		"Liam Neeson"
	],
	"plot" : "As a cowardly farmer begins to fall for the mysterious new woman in town, he must put his new-found courage to the test when her husband, a notorious gun-slinger, announces his arrival.",
	"poster" : "http://ia.media-imdb.com/images/M/MV5BMTQ0NDcyNjg0MV5BMl5BanBnXkFtZTgwMzk4NTA4MTE@._V1_SX300.jpg",
	"imdb" : {
		"id" : "tt2557490",
		"rating" : 6.1,
		"votes" : 126592
	},
	"tomato" : {
		"meter" : 33,
		"image" : "rotten",
		"rating" : 4.9,
		"reviews" : 188,
		"fresh" : 62,
		"consensus" : "While it offers a few laughs and boasts a talented cast, Seth MacFarlane's overlong, aimless A Million Ways to Die in the West is a disappointingly scattershot affair.",
		"userMeter" : 40,
		"userRating" : 3,
		"userReviews" : 62945
	},
	"metacritic" : 44,
	"awards" : {
		"wins" : 0,
		"nominations" : 6,
		"text" : "6 nominations."
	},
	"type" : "movie"
}
{
	"_id" : ObjectId("569190cb24de1e0ce2dfcd51"),
	"title" : "Wild Wild West",
	"year" : 1999,
	"rated" : "PG-13",
	"released" : ISODate("1999-06-30T04:00:00Z"),
	"runtime" : 106,
	"countries" : [
		"USA"
	],
	"genres" : [
		"Action",
		"Western",
		"Comedy"
	],
	"director" : "Barry Sonnenfeld",
	"writers" : [
		"Jim Thomas",
		"John Thomas",
		"S.S. Wilson",
		"Brent Maddock",
		"Jeffrey Price",
		"Peter S. Seaman"
	],
	"actors" : [
		"Will Smith",
		"Kevin Kline",
		"Kenneth Branagh",
		"Salma Hayek"
	],
	"plot" : "The two best hired guns in the West must save President Grant from the clutches of a nineteenth-century inventor-villain.",
	"poster" : "http://ia.media-imdb.com/images/M/MV5BNDI5NDk5MjgxMl5BMl5BanBnXkFtZTcwNjI1MTUyMQ@@._V1_SX300.jpg",
	"imdb" : {
		"id" : "tt0120891",
		"rating" : 4.8,
		"votes" : 124558
	},
	"tomato" : {
		"meter" : 17,
		"image" : "rotten",
		"rating" : 4.1,
		"reviews" : 130,
		"fresh" : 22,
		"consensus" : "Bombastic, manic, and largely laugh-free, Wild Wild West is a bizarre misfire in which greater care was lavished upon the special effects than on the script.",
		"userMeter" : 28,
		"userRating" : 2.7,
		"userReviews" : 463740
	},
	"metacritic" : 38,
	"awards" : {
		"wins" : 10,
		"nominations" : 11,
		"text" : "10 wins & 11 nominations."
	},
	"type" : "movie"
}
{
	"_id" : ObjectId("569190cb24de1e0ce2dfcd52"),
	"title" : "West Side Story",
	"year" : 1961,
	"rated" : "UNRATED",
	"released" : ISODate("1961-12-23T05:00:00Z"),
	"runtime" : 152,
	"countries" : [
		"USA"
	],
	"genres" : [
		"Crime",
		"Drama",
		"Musical"
	],
	"director" : "Jerome Robbins, Robert Wise",
	"writers" : [
		"Ernest Lehman",
		"Arthur Laurents",
		"Jerome Robbins"
	],
	"actors" : [
		"Natalie Wood",
		"Richard Beymer",
		"Russ Tamblyn",
		"Rita Moreno"
	],
	"plot" : "Two youngsters from rival New York City gangs fall in love, but tensions between their respective friends build toward tragedy.",
	"poster" : "http://ia.media-imdb.com/images/M/MV5BMTM0NDAxOTI5MF5BMl5BanBnXkFtZTcwNjI4Mjg3NA@@._V1_SX300.jpg",
	"imdb" : {
		"id" : "tt0055614",
		"rating" : 7.6,
		"votes" : 67824
	},
	"awards" : {
		"wins" : 18,
		"nominations" : 11,
		"text" : "Won 10 Oscars. Another 18 wins & 11 nominations."
	},
	"type" : "movie"
}
{
	"_id" : ObjectId("569190cc24de1e0ce2dfcd55"),
	"title" : "Red Rock West",
	"year" : 1993,
	"rated" : "R",
	"released" : ISODate("1993-05-14T04:00:00Z"),
	"runtime" : 98,
	"countries" : [
		"USA"
	],
	"genres" : [
		"Crime",
		"Drama",
		"Thriller"
	],
	"director" : "John Dahl",
	"writers" : [
		"John Dahl",
		"Rick Dahl"
	],
	"actors" : [
		"Nicolas Cage",
		"Dennis Hopper",
		"Lara Flynn Boyle",
		"J.T. Walsh"
	],
	"plot" : "When a promised job for Texan Michael fails to materialise in Wyoming, Mike is mistaken by Wayne to be the hitman he hired to kill his unfaithful wife, Suzanne. Mike takes full advantage of...",
	"poster" : "http://ia.media-imdb.com/images/M/MV5BMTk0Mjg4OTc3OF5BMl5BanBnXkFtZTYwNzgzOTg5._V1_SX300.jpg",
	"imdb" : {
		"id" : "tt0105226",
		"rating" : 7,
		"votes" : 15007
	},
	"awards" : {
		"wins" : 0,
		"nominations" : 3,
		"text" : "3 nominations."
	},
	"type" : "movie"
}
{
	"_id" : ObjectId("569190cc24de1e0ce2dfcd56"),
	"title" : "How the West Was Won",
	"year" : 1962,
	"rated" : "APPROVED",
	"released" : ISODate("1963-02-20T05:00:00Z"),
	"runtime" : 164,
	"countries" : [
		"USA"
	],
	"genres" : [
		"Western"
	],
	"director" : "John Ford, Henry Hathaway, George Marshall, Richard Thorpe",
	"writers" : [
		"James R. Webb"
	],
	"actors" : [
		"Carroll Baker",
		"Lee J. Cobb",
		"Henry Fonda",
		"Carolyn Jones"
	],
	"plot" : "A family saga covering several decades of Westward expansion in the nineteenth century--including the Gold Rush, the Civil War, and the building of the railroads.",
	"poster" : "http://ia.media-imdb.com/images/M/MV5BNTk2NDk1NjY0MV5BMl5BanBnXkFtZTgwMzkzNTcxMTE@._V1_SX300.jpg",
	"imdb" : {
		"id" : "tt0056085",
		"rating" : 7.1,
		"votes" : 13640
	},
	"awards" : {
		"wins" : 7,
		"nominations" : 5,
		"text" : "Won 3 Oscars. Another 7 wins & 5 nominations."
	},
	"type" : "movie"
}
{
	"_id" : ObjectId("569190cc24de1e0ce2dfcd57"),
	"title" : "Journey to the West",
	"year" : 2013,
	"rated" : "PG-13",
	"released" : ISODate("2013-02-07T05:00:00Z"),
	"runtime" : 110,
	"countries" : [
		"China"
	],
	"genres" : [
		"Adventure",
		"Comedy",
		"Fantasy"
	],
	"director" : "Stephen Chow, Chi-kin Kwok",
	"writers" : [
		"Stephen Chow",
		"Chi-kin Kwok",
		"Xin Huo",
		"Yun Wang",
		"Chi Keung Fung",
		"Zhengyu Lu",
		"Shing-Cheung Lee",
		"Ivy Kong"
	],
	"actors" : [
		"Qi Shu",
		"Zhang Wen",
		"Bo Huang",
		"Show Luo"
	],
	"plot" : "Tang Sanzang, an aspiring Buddhist hero tries to protect a village from three demons. He develops complex feelings for Miss Duan, the demon hunter who repeatedly helps him, and finally quests to meet the legendary Monkey King.",
	"poster" : "http://ia.media-imdb.com/images/M/MV5BMTQzMzUxNzk0NV5BMl5BanBnXkFtZTgwMTEwOTE4MDE@._V1_SX300.jpg",
	"imdb" : {
		"id" : "tt2017561",
		"rating" : 6.8,
		"votes" : 7111
	},
	"tomato" : {
		"meter" : 93,
		"image" : "fresh",
		"rating" : 7.2,
		"reviews" : 30,
		"fresh" : 28,
		"consensus" : "As sweet, silly, action-packed and ridiculous as director Steven Chow's best work, Journey to the West serves up dazzling action sequences while playing its disparate elements against each other with thrilling abandon.",
		"userMeter" : 68,
		"userRating" : 3.6,
		"userReviews" : 2198
	},
	"metacritic" : 68,
	"awards" : {
		"wins" : 1,
		"nominations" : 12,
		"text" : "1 win & 12 nominations."
	},
	"type" : "movie"
}
{
	"_id" : ObjectId("569190cc24de1e0ce2dfcd58"),
	"title" : "West of Memphis",
	"year" : 2012,
	"rated" : "R",
	"released" : ISODate("2012-11-22T05:00:00Z"),
	"runtime" : 147,
	"countries" : [
		"New Zealand",
		"USA"
	],
	"genres" : [
		"Documentary"
	],
	"director" : "Amy Berg",
	"writers" : [
		"Amy Berg",
		"Billy McMillin"
	],
	"actors" : [
		"Michael Baden",
		"Jason Baldwin",
		"Holly Ballard",
		"Jamie Clark Ballard"
	],
	"plot" : "An examination of a failure of justice in the case against the West Memphis Three.",
	"poster" : "http://ia.media-imdb.com/images/M/MV5BMjIzNDM3NjkzOV5BMl5BanBnXkFtZTcwNjI5Nzg0OA@@._V1_SX300.jpg",
	"imdb" : {
		"id" : "tt2130321",
		"rating" : 7.9,
		"votes" : 6627
	},
	"tomato" : {
		"meter" : 95,
		"image" : "certified",
		"rating" : 7.9,
		"reviews" : 111,
		"fresh" : 106,
		"consensus" : "Both a sobering look at a true crime story and a scathing indictment of the American justice system, West of Memphis is a real-life horror story told with fury and compassion.",
		"userMeter" : 87,
		"userRating" : 4.1,
		"userReviews" : 8482
	},
	"metacritic" : 80,
	"awards" : {
		"wins" : 0,
		"nominations" : 9,
		"text" : "Nominated for 1 BAFTA Film Award. Another 9 nominations."
	},
	"type" : "movie"
}
{
	"_id" : ObjectId("569190cc24de1e0ce2dfcd59"),
	"title" : "Star Wars: Episode IV - A New Hope",
	"year" : 1977,
	"rated" : "PG",
	"released" : ISODate("1977-05-25T04:00:00Z"),
	"runtime" : 121,
	"countries" : [
		"USA"
	],
	"genres" : [
		"Action",
		"Adventure",
		"Fantasy"
	],
	"director" : "George Lucas",
	"writers" : [
		"George Lucas"
	],
	"actors" : [
		"Mark Hamill",
		"Harrison Ford",
		"Carrie Fisher",
		"Peter Cushing"
	],
	"plot" : "Luke Skywalker joins forces with a Jedi Knight, a cocky pilot, a wookiee and two droids to save the universe from the Empire's world-destroying battle-station, while also attempting to rescue Princess Leia from the evil Darth Vader.",
	"poster" : "http://ia.media-imdb.com/images/M/MV5BMTU4NTczODkwM15BMl5BanBnXkFtZTcwMzEyMTIyMw@@._V1_SX300.jpg",
	"imdb" : {
		"id" : "tt0076759",
		"rating" : 8.7,
		"votes" : 822849
	},
	"tomato" : {
		"meter" : 94,
		"image" : "certified",
		"rating" : 8.5,
		"reviews" : 99,
		"fresh" : 93,
		"consensus" : "A legendarily expansive and ambitious start to the sci-fi saga, George Lucas opened our eyes to the possibilities of blockbuster filmmaking and things have never been the same.",
		"userMeter" : 96,
		"userRating" : 4.1,
		"userReviews" : 851120
	},
	"metacritic" : 92,
	"awards" : {
		"wins" : 38,
		"nominations" : 27,
		"text" : "Won 6 Oscars. Another 38 wins & 27 nominations."
	},
	"type" : "movie"
}
{
	"_id" : ObjectId("569190cc24de1e0ce2dfcd5a"),
	"title" : "Star Wars: Episode V - The Empire Strikes Back",
	"year" : 1980,
	"rated" : "PG",
	"released" : ISODate("1980-06-20T04:00:00Z"),
	"runtime" : 124,
	"countries" : [
		"USA"
	],
	"genres" : [
		"Action",
		"Adventure",
		"Fantasy"
	],
	"director" : "Irvin Kershner",
	"writers" : [
		"Leigh Brackett",
		"Lawrence Kasdan",
		"George Lucas"
	],
	"actors" : [
		"Mark Hamill",
		"Harrison Ford",
		"Carrie Fisher",
		"Billy Dee Williams"
	],
	"plot" : "After the rebels have been brutally overpowered by the Empire on their newly established base, Luke Skywalker takes advanced Jedi training with Master Yoda, while his friends are pursued by Darth Vader as part of his plan to capture Luke.",
	"poster" : "http://ia.media-imdb.com/images/M/MV5BMjE2MzQwMTgxN15BMl5BanBnXkFtZTcwMDQzNjk2OQ@@._V1_SX300.jpg",
	"imdb" : {
		"id" : "tt0080684",
		"rating" : 8.8,
		"votes" : 739949
	},
	"tomato" : {
		"meter" : 94,
		"image" : "certified",
		"rating" : 8.9,
		"reviews" : 87,
		"fresh" : 82,
		"consensus" : "Dark, sinister, but ultimately even more involving than A New Hope, The Empire Strikes Back defies viewer expectations and takes the series to heightened emotional levels.",
		"userMeter" : 97,
		"userRating" : 4.1,
		"userReviews" : 1045537
	},
	"metacritic" : 79,
	"awards" : {
		"wins" : 15,
		"nominations" : 17,
		"text" : "Won 1 Oscar. Another 15 wins & 17 nominations."
	},
	"type" : "movie"
}
{
	"_id" : ObjectId("569190cc24de1e0ce2dfcd5b"),
	"title" : "Star Wars: Episode VI - Return of the Jedi",
	"year" : 1983,
	"rated" : "PG",
	"released" : ISODate("1983-05-25T04:00:00Z"),
	"runtime" : 131,
	"countries" : [
		"USA"
	],
	"genres" : [
		"Action",
		"Adventure",
		"Fantasy"
	],
	"director" : "Richard Marquand",
	"writers" : [
		"Lawrence Kasdan",
		"George Lucas",
		"George Lucas"
	],
	"actors" : [
		"Mark Hamill",
		"Harrison Ford",
		"Carrie Fisher",
		"Billy Dee Williams"
	],
	"plot" : "After rescuing Han Solo from the palace of Jabba the Hutt, the rebels attempt to destroy the second Death Star, while Luke struggles to make Vader return from the dark side of the Force.",
	"poster" : "http://ia.media-imdb.com/images/M/MV5BMTQ0MzI1NjYwOF5BMl5BanBnXkFtZTgwODU3NDU2MTE@._V1._CR93,97,1209,1861_SX89_AL_.jpg_V1_SX300.jpg",
	"imdb" : {
		"id" : "tt0086190",
		"rating" : 8.4,
		"votes" : 623252
	},
	"tomato" : {
		"meter" : 80,
		"image" : "certified",
		"rating" : 7.2,
		"reviews" : 84,
		"fresh" : 67,
		"consensus" : "Though failing to reach the cinematic heights of its predecessors, Return of the Jedi remains an entertaining sci-fi adventure and a fitting end to the classic trilogy.",
		"userMeter" : 94,
		"userRating" : 4,
		"userReviews" : 1003937
	},
	"metacritic" : 52,
	"awards" : {
		"wins" : 15,
		"nominations" : 15,
		"text" : "Nominated for 4 Oscars. Another 15 wins & 15 nominations."
	},
	"type" : "movie"
}
{
	"_id" : ObjectId("569190cc24de1e0ce2dfcd5c"),
	"title" : "Star Wars: Episode I - The Phantom Menace",
	"year" : 1999,
	"rated" : "PG",
	"released" : ISODate("1999-05-19T04:00:00Z"),
	"runtime" : 136,
	"countries" : [
		"USA"
	],
	"genres" : [
		"Action",
		"Adventure",
		"Fantasy"
	],
	"director" : "George Lucas",
	"writers" : [
		"George Lucas"
	],
	"actors" : [
		"Liam Neeson",
		"Ewan McGregor",
		"Natalie Portman",
		"Jake Lloyd"
	],
	"plot" : "Two Jedi Knights escape a hostile blockade to find allies and come across a young boy who may bring balance to the Force, but the long dormant Sith resurface to reclaim their old glory.",
	"poster" : "http://ia.media-imdb.com/images/M/MV5BMTQ4NjEwNDA2Nl5BMl5BanBnXkFtZTcwNDUyNDQzNw@@._V1_SX300.jpg",
	"imdb" : {
		"id" : "tt0120915",
		"rating" : 6.5,
		"votes" : 494267
	},
	"tomato" : null,
	"metacritic" : 51,
	"awards" : {
		"wins" : 17,
		"nominations" : 59,
		"text" : "Nominated for 3 Oscars. Another 17 wins & 59 nominations."
	},
	"type" : "movie"
}
{
	"_id" : ObjectId("569190cd24de1e0ce2dfcd5d"),
	"title" : "Star Wars: Episode III - Revenge of the Sith",
	"year" : 2005,
	"rated" : "PG-13",
	"released" : ISODate("2005-05-19T04:00:00Z"),
	"runtime" : 140,
	"countries" : [
		"USA"
	],
	"genres" : [
		"Action",
		"Adventure",
		"Fantasy"
	],
	"director" : "George Lucas",
	"writers" : [
		"George Lucas"
	],
	"actors" : [
		"Ewan McGregor",
		"Natalie Portman",
		"Hayden Christensen",
		"Ian McDiarmid"
	],
	"plot" : "Three years after the onset of the Clone Wars; the noble Jedi Knights are spread out across the galaxy leading a massive clone army in the war against the Separatists. After Chancellor ...",
	"poster" : "http://ia.media-imdb.com/images/M/MV5BNTc4MTc3NTQ5OF5BMl5BanBnXkFtZTcwOTg0NjI4NA@@._V1_SX300.jpg",
	"imdb" : {
		"id" : "tt0121766",
		"rating" : 7.6,
		"votes" : 483613
	},
	"tomato" : {
		"meter" : 79,
		"image" : "certified",
		"rating" : 7.3,
		"reviews" : 282,
		"fresh" : 222,
		"consensus" : "With Episode III: Revenge of the Sith, George Lucas brings his second Star Wars trilogy to a suitably thrilling and often poignant -- if still a bit uneven -- conclusion.",
		"userMeter" : 65,
		"userRating" : 3.1,
		"userReviews" : 33674396
	},
	"metacritic" : 68,
	"awards" : {
		"wins" : 21,
		"nominations" : 49,
		"text" : "Nominated for 1 Oscar. Another 21 wins & 49 nominations."
	},
	"type" : "movie"
}
{
	"_id" : ObjectId("569190cd24de1e0ce2dfcd5e"),
	"title" : "Star Trek",
	"year" : 2009,
	"rated" : "PG-13",
	"released" : ISODate("2009-05-08T04:00:00Z"),
	"runtime" : 127,
	"countries" : [
		"USA",
		"Germany"
	],
	"genres" : [
		"Action",
		"Adventure",
		"Sci-Fi"
	],
	"director" : "J.J. Abrams",
	"writers" : [
		"Roberto Orci",
		"Alex Kurtzman",
		"Gene Roddenberry"
	],
	"actors" : [
		"Chris Pine",
		"Zachary Quinto",
		"Leonard Nimoy",
		"Eric Bana"
	],
	"plot" : "The brash James T. Kirk tries to live up to his father's legacy with Mr. Spock keeping him in check as a vengeful, time-traveling Romulan creates black holes to destroy the Federation one planet at a time.",
	"poster" : "http://ia.media-imdb.com/images/M/MV5BMjE5NDQ5OTE4Ml5BMl5BanBnXkFtZTcwOTE3NDIzMw@@._V1_SX300.jpg",
	"imdb" : {
		"id" : "tt0796366",
		"rating" : 8,
		"votes" : 483229
	},
	"tomato" : {
		"meter" : 95,
		"image" : "certified",
		"rating" : 8.2,
		"reviews" : 329,
		"fresh" : 312,
		"consensus" : "Star Trek reignites a classic franchise with action, humor, a strong story, and brilliant visuals, and will please traditional Trekkies and new fans alike.",
		"userMeter" : 91,
		"userRating" : 4.1,
		"userReviews" : 743375
	},
	"metacritic" : 82,
	"awards" : {
		"wins" : 22,
		"nominations" : 77,
		"text" : "Won 1 Oscar. Another 22 wins & 77 nominations."
	},
	"type" : "movie"
}
{
	"_id" : ObjectId("569190cd24de1e0ce2dfcd5f"),
	"title" : "Star Wars: Episode II - Attack of the Clones",
	"year" : 2002,
	"rated" : "PG",
	"released" : ISODate("2002-05-16T04:00:00Z"),
	"runtime" : 142,
	"countries" : [
		"USA"
	],
	"genres" : [
		"Action",
		"Adventure",
		"Fantasy"
	],
	"director" : "George Lucas",
	"writers" : [
		"George Lucas",
		"Jonathan Hales",
		"George Lucas"
	],
	"actors" : [
		"Ewan McGregor",
		"Natalie Portman",
		"Hayden Christensen",
		"Christopher Lee"
	],
	"plot" : "Ten years after initially meeting, Anakin Skywalker shares a forbidden romance with Padmé, while Obi-Wan investigates an assassination attempt on the Senator and discovers a secret clone army crafted for the Jedi.",
	"poster" : "http://ia.media-imdb.com/images/M/MV5BMTY5MjI5NTIwNl5BMl5BanBnXkFtZTYwMTM1Njg2._V1_SX300.jpg",
	"imdb" : {
		"id" : "tt0121765",
		"rating" : 6.7,
		"votes" : 425728
	},
	"tomato" : {
		"meter" : 66,
		"image" : "fresh",
		"rating" : 6.7,
		"reviews" : 242,
		"fresh" : 159,
		"consensus" : "Star Wars Episode II: Attack of the Clones benefits from an increased emphasis on thrilling action, although they're once again undercut by ponderous plot points and underdeveloped characters.",
		"userMeter" : 58,
		"userRating" : 3.3,
		"userReviews" : 844634
	},
	"metacritic" : 54,
	"awards" : {
		"wins" : 13,
		"nominations" : 47,
		"text" : "Nominated for 1 Oscar. Another 13 wins & 47 nominations."
	},
	"type" : "movie"
}
{
	"_id" : ObjectId("569190cd24de1e0ce2dfcd60"),
	"title" : "Star Trek Into Darkness",
	"year" : 2013,
	"rated" : "PG-13",
	"released" : ISODate("2013-05-16T04:00:00Z"),
	"runtime" : 132,
	"countries" : [
		"USA"
	],
	"genres" : [
		"Action",
		"Adventure",
		"Sci-Fi"
	],
	"director" : "J.J. Abrams",
	"writers" : [
		"Roberto Orci",
		"Alex Kurtzman",
		"Damon Lindelof",
		"Gene Roddenberry"
	],
	"actors" : [
		"Chris Pine",
		"Zachary Quinto",
		"Zoe Saldana",
		"Karl Urban"
	],
	"plot" : "After the crew of the Enterprise find an unstoppable force of terror from within their own organization, Captain Kirk leads a manhunt to a war-zone world to capture a one-man weapon of mass destruction.",
	"poster" : "http://ia.media-imdb.com/images/M/MV5BMTk2NzczOTgxNF5BMl5BanBnXkFtZTcwODQ5ODczOQ@@._V1_SX300.jpg",
	"imdb" : {
		"id" : "tt1408101",
		"rating" : 7.8,
		"votes" : 370638
	},
	"tomato" : {
		"meter" : 87,
		"image" : "certified",
		"rating" : 7.6,
		"reviews" : 250,
		"fresh" : 217,
		"consensus" : "Visually spectacular and suitably action packed, Star Trek Into Darkness is a rock-solid installment in the venerable sci-fi franchise, even if it's not as fresh as its predecessor.",
		"userMeter" : 90,
		"userRating" : 4.2,
		"userReviews" : 309531
	},
	"metacritic" : 72,
	"awards" : {
		"wins" : 6,
		"nominations" : 44,
		"text" : "Nominated for 1 Oscar. Another 6 wins & 44 nominations."
	},
	"type" : "movie"
}
{
	"_id" : ObjectId("569190cd24de1e0ce2dfcd61"),
	"title" : "Star Trek: First Contact",
	"year" : 1996,
	"rated" : "PG-13",
	"released" : ISODate("1996-11-22T05:00:00Z"),
	"runtime" : 111,
	"countries" : [
		"USA"
	],
	"genres" : [
		"Action",
		"Adventure",
		"Sci-Fi"
	],
	"director" : "Jonathan Frakes",
	"writers" : [
		"Gene Roddenberry",
		"Rick Berman",
		"Brannon Braga",
		"Ronald D. Moore",
		"Brannon Braga",
		"Ronald D. Moore"
	],
	"actors" : [
		"Patrick Stewart",
		"Jonathan Frakes",
		"Brent Spiner",
		"LeVar Burton"
	],
	"plot" : "The Borg go back in time intent on preventing Earth's first contact with an alien species. Captain Picard and his crew pursue them to ensure that Zefram Cochrane makes his maiden flight reaching warp speed.",
	"poster" : "http://ia.media-imdb.com/images/M/MV5BMTg4OTYwODY4MF5BMl5BanBnXkFtZTgwNTg2NjIyMDE@._V1_SX300.jpg",
	"imdb" : {
		"id" : "tt0117731",
		"rating" : 7.6,
		"votes" : 94153
	},
	"tomato" : {
		"meter" : 93,
		"image" : "certified",
		"rating" : 7.4,
		"reviews" : 55,
		"fresh" : 51,
		"consensus" : "While fans of the series will surely appreciate it, First Contact is exciting, engaging, and visually appealing enough to entertain Star Trek novices.",
		"userMeter" : 89,
		"userRating" : 3.6,
		"userReviews" : 99646
	},
	"metacritic" : 71,
	"awards" : {
		"wins" : 8,
		"nominations" : 19,
		"text" : "Nominated for 1 Oscar. Another 8 wins & 19 nominations."
	},
	"type" : "movie"
}
{
	"_id" : ObjectId("569190cd24de1e0ce2dfcd62"),
	"title" : "Star Trek II: The Wrath of Khan",
	"year" : 1982,
	"rated" : "PG",
	"released" : ISODate("1982-06-04T04:00:00Z"),
	"runtime" : 113,
	"countries" : [
		"USA"
	],
	"genres" : [
		"Action",
		"Adventure",
		"Drama"
	],
	"director" : "Nicholas Meyer",
	"writers" : [
		"Gene Roddenberry",
		"Harve Bennett",
		"Jack B. Sowards",
		"Jack B. Sowards"
	],
	"actors" : [
		"William Shatner",
		"Leonard Nimoy",
		"DeForest Kelley",
		"James Doohan"
	],
	"plot" : "With the assistance of the Enterprise crew, Admiral Kirk must stop an old nemesis, Khan Noonien Singh, from using the life-generating Genesis Device as the ultimate weapon.",
	"poster" : "http://ia.media-imdb.com/images/M/MV5BMTcwNjc5NjA4N15BMl5BanBnXkFtZTcwNDk5MzI4OA@@._V1_SX300.jpg",
	"imdb" : {
		"id" : "tt0084726",
		"rating" : 7.7,
		"votes" : 86687
	},
	"tomato" : {
		"meter" : 88,
		"image" : "certified",
		"rating" : 8,
		"reviews" : 49,
		"fresh" : 43,
		"consensus" : "Considered by many fans to be the best of the Star Trek movies, Khan features a strong plot, increased tension, and a sharp supporting performance from Ricardo Montalban.",
		"userMeter" : 90,
		"userRating" : 3.8,
		"userReviews" : 84279
	},
	"metacritic" : 71,
	"awards" : {
		"wins" : 2,
		"nominations" : 9,
		"text" : "2 wins & 9 nominations."
	},
	"type" : "movie"
}
{
	"_id" : ObjectId("569190cd24de1e0ce2dfcd63"),
	"title" : "Dr. Strangelove or: How I Learned to Stop Worrying and Love the Bomb",
	"year" : 1964,
	"rated" : "PG",
	"released" : ISODate("1964-01-29T05:00:00Z"),
	"runtime" : 95,
	"countries" : [
		"USA",
		"UK"
	],
	"genres" : [
		"Comedy"
	],
	"director" : "Stanley Kubrick",
	"writers" : [
		"Stanley Kubrick",
		"Terry Southern",
		"Peter George",
		"Peter George"
	],
	"actors" : [
		"Peter Sellers",
		"George C. Scott",
		"Sterling Hayden",
		"Keenan Wynn"
	],
	"plot" : "An insane general triggers a path to nuclear holocaust that a war room full of politicians and generals frantically try to stop.",
	"poster" : "http://ia.media-imdb.com/images/M/MV5BMTU2ODM2NTkxNF5BMl5BanBnXkFtZTcwOTMwMzU3Mg@@._V1_SX300.jpg",
	"imdb" : {
		"id" : "tt0057012",
		"rating" : 8.5,
		"votes" : 323857
	},
	"tomato" : {
		"meter" : 99,
		"image" : "certified",
		"rating" : 9,
		"reviews" : 68,
		"fresh" : 67,
		"consensus" : "Stanley Kubrick's brilliant Cold War satire remains as funny and razor-sharp today as it was in 1964.",
		"userMeter" : 94,
		"userRating" : 4.2,
		"userReviews" : 206480
	},
	"metacritic" : 96,
	"awards" : {
		"wins" : 13,
		"nominations" : 6,
		"text" : "Nominated for 4 Oscars. Another 13 wins & 6 nominations."
	},
	"type" : "movie"
}
{
	"_id" : ObjectId("569190ce24de1e0ce2dfcd67"),
	"title" : "P.S. I Love You",
	"year" : 2007,
	"rated" : "PG-13",
	"released" : ISODate("2007-12-21T05:00:00Z"),
	"runtime" : 126,
	"countries" : [
		"USA"
	],
	"genres" : [
		"Drama",
		"Romance"
	],
	"director" : "Richard LaGravenese",
	"writers" : [
		"Richard LaGravenese",
		"Steven Rogers",
		"Cecelia Ahern"
	],
	"actors" : [
		"Hilary Swank",
		"Gerard Butler",
		"Lisa Kudrow",
		"Gina Gershon"
	],
	"plot" : "A young widow discovers that her late husband has left her 10 messages intended to help ease her pain and start a new life.",
	"poster" : "http://ia.media-imdb.com/images/M/MV5BNTg2MDg4MjI5NV5BMl5BanBnXkFtZTcwMzQ0MDczMw@@._V1_SX300.jpg",
	"imdb" : {
		"id" : "tt0431308",
		"rating" : 7.1,
		"votes" : 158007
	},
	"tomato" : null,
	"metacritic" : 39,
	"awards" : {
		"wins" : 2,
		"nominations" : 4,
		"text" : "2 wins & 4 nominations."
	},
	"type" : "movie"
}
Type "it" for more
> db.movieDetails.find({runtime:{$gt:90} }).count()
1004
> db.movieDetails.find({runtime:{$gt:90} }, {title: , _id:0}).pretty()
2017-06-08T15:17:23.464-0500 E QUERY    [thread1] SyntaxError: expected expression, got ',' @(shell):1:50
> db.movieDetails.find({runtim: {$gt: 110}},{title: , writers:0, actors:0, _id:0}).pretty()
2017-06-08T15:19:08.943-0500 E QUERY    [thread1] SyntaxError: expected expression, got ',' @(shell):1:50
> db.movieDetails.find({runtim: {$gt: 110}},{title:1 , writers:0, actors:0, _id:0}).pretty()
Error: error: {
	"ok" : 0,
	"errmsg" : "Projection cannot have a mix of inclusion and exclusion.",
	"code" : 2,
	"codeName" : "BadValue"
}
> db.movieDetails.find({runtime: {$gt: 110}},{title:1 ,_id:0}).pretty()
{ "title" : "Once Upon a Time in the West" }
{ "title" : "A Million Ways to Die in the West" }
{ "title" : "West Side Story" }
{ "title" : "How the West Was Won" }
{ "title" : "West of Memphis" }
{ "title" : "Star Wars: Episode IV - A New Hope" }
{ "title" : "Star Wars: Episode V - The Empire Strikes Back" }
{ "title" : "Star Wars: Episode VI - Return of the Jedi" }
{ "title" : "Star Wars: Episode I - The Phantom Menace" }
{ "title" : "Star Wars: Episode III - Revenge of the Sith" }
{ "title" : "Star Trek" }
{ "title" : "Star Wars: Episode II - Attack of the Clones" }
{ "title" : "Star Trek Into Darkness" }
{ "title" : "Star Trek: First Contact" }
{ "title" : "Star Trek II: The Wrath of Khan" }
{ "title" : "P.S. I Love You" }
{ "title" : "Love Actually" }
{ "title" : "Shakespeare in Love" }
{ "title" : "Love & Other Drugs" }
{ "title" : "From Russia with Love" }
Type "it" for more
> db.movieDetails.find({runtime: {$gt: 110}},{title:1 ,_id:0}).count()
401
> db.movieDetails.find({"tomato.meter":{$gt:180}},{title:1, runtime:1, _id:0}).pretty()
> db.movieDetails.find({"tomato.meter":{$gte:90, $lte:120}},{title:1, runtime:1, _id:0}).pretty()
{ "title" : "Once Upon a Time in the West", "runtime" : 175 }
{ "title" : "Slow West", "runtime" : 84 }
{ "title" : "Journey to the West", "runtime" : 110 }
{ "title" : "West of Memphis", "runtime" : 147 }
{ "title" : "Star Wars: Episode IV - A New Hope", "runtime" : 121 }
{
	"title" : "Star Wars: Episode V - The Empire Strikes Back",
	"runtime" : 124
}
{ "title" : "Star Trek", "runtime" : 127 }
{ "title" : "Star Trek: First Contact", "runtime" : 111 }
{
	"title" : "Dr. Strangelove or: How I Learned to Stop Worrying and Love the Bomb",
	"runtime" : 95
}
{ "title" : "Shakespeare in Love", "runtime" : 123 }
{ "title" : "2001: A Space Odyssey", "runtime" : 149 }
{ "title" : "The Adventures of Baron Munchausen", "runtime" : 126 }
{ "title" : "The Adventures of Robin Hood", "runtime" : 102 }
{
	"title" : "The Adventures of Priscilla, Queen of the Desert",
	"runtime" : 104
}
{ "title" : "The Truman Show", "runtime" : 103 }
{ "title" : "Quiz Show", "runtime" : 133 }
{ "title" : "Best in Show", "runtime" : 90 }
{ "title" : "Show Me Love", "runtime" : 89 }
{ "title" : "Shaun of the Dead", "runtime" : 99 }
{ "title" : "The Evil Dead", "runtime" : 85 }
Type "it" for more
> db.movieDetails.find({"tomato.meter":{$gte:95}, runtime:{$gt:180}},{title:1, runtime:1, _id:0}).pretty()
{ "title" : "Lagaan: Once Upon a Time in India", "runtime" : 224 }
{ "title" : "The Godfather: Part II", "runtime" : 202 }
> db.ovieDetails.find({rated:{$in: ["G", "PG", "PG-13"]}}).pretty()
> db.movieDetails.find({rated:{$in: ["G", "PG", "PG-13"]}}).pretty()
{
	"_id" : ObjectId("569190ca24de1e0ce2dfcd4f"),
	"title" : "Once Upon a Time in the West",
	"year" : 1968,
	"rated" : "PG-13",
	"released" : ISODate("1968-12-21T05:00:00Z"),
	"runtime" : 175,
	"countries" : [
		"Italy",
		"USA",
		"Spain"
	],
	"genres" : [
		"Western"
	],
	"director" : "Sergio Leone",
	"writers" : [
		"Sergio Donati",
		"Sergio Leone",
		"Dario Argento",
		"Bernardo Bertolucci",
		"Sergio Leone"
	],
	"actors" : [
		"Claudia Cardinale",
		"Henry Fonda",
		"Jason Robards",
		"Charles Bronson"
	],
	"plot" : "Epic story of a mysterious stranger with a harmonica who joins forces with a notorious desperado to protect a beautiful widow from a ruthless assassin working for the railroad.",
	"poster" : "http://ia.media-imdb.com/images/M/MV5BMTEyODQzNDkzNjVeQTJeQWpwZ15BbWU4MDgyODk1NDEx._V1_SX300.jpg",
	"imdb" : {
		"id" : "tt0064116",
		"rating" : 8.6,
		"votes" : 201283
	},
	"tomato" : {
		"meter" : 98,
		"image" : "certified",
		"rating" : 9,
		"reviews" : 54,
		"fresh" : 53,
		"consensus" : "A landmark Sergio Leone spaghetti western masterpiece featuring a classic Morricone score.",
		"userMeter" : 95,
		"userRating" : 4.3,
		"userReviews" : 64006
	},
	"metacritic" : 80,
	"awards" : {
		"wins" : 4,
		"nominations" : 5,
		"text" : "4 wins & 5 nominations."
	},
	"type" : "movie"
}
{
	"_id" : ObjectId("569190cb24de1e0ce2dfcd51"),
	"title" : "Wild Wild West",
	"year" : 1999,
	"rated" : "PG-13",
	"released" : ISODate("1999-06-30T04:00:00Z"),
	"runtime" : 106,
	"countries" : [
		"USA"
	],
	"genres" : [
		"Action",
		"Western",
		"Comedy"
	],
	"director" : "Barry Sonnenfeld",
	"writers" : [
		"Jim Thomas",
		"John Thomas",
		"S.S. Wilson",
		"Brent Maddock",
		"Jeffrey Price",
		"Peter S. Seaman"
	],
	"actors" : [
		"Will Smith",
		"Kevin Kline",
		"Kenneth Branagh",
		"Salma Hayek"
	],
	"plot" : "The two best hired guns in the West must save President Grant from the clutches of a nineteenth-century inventor-villain.",
	"poster" : "http://ia.media-imdb.com/images/M/MV5BNDI5NDk5MjgxMl5BMl5BanBnXkFtZTcwNjI1MTUyMQ@@._V1_SX300.jpg",
	"imdb" : {
		"id" : "tt0120891",
		"rating" : 4.8,
		"votes" : 124558
	},
	"tomato" : {
		"meter" : 17,
		"image" : "rotten",
		"rating" : 4.1,
		"reviews" : 130,
		"fresh" : 22,
		"consensus" : "Bombastic, manic, and largely laugh-free, Wild Wild West is a bizarre misfire in which greater care was lavished upon the special effects than on the script.",
		"userMeter" : 28,
		"userRating" : 2.7,
		"userReviews" : 463740
	},
	"metacritic" : 38,
	"awards" : {
		"wins" : 10,
		"nominations" : 11,
		"text" : "10 wins & 11 nominations."
	},
	"type" : "movie"
}
{
	"_id" : ObjectId("569190cb24de1e0ce2dfcd54"),
	"title" : "An American Tail: Fievel Goes West",
	"year" : 1991,
	"rated" : "G",
	"released" : ISODate("1991-11-22T05:00:00Z"),
	"runtime" : 75,
	"countries" : [
		"USA"
	],
	"genres" : [
		"Animation",
		"Adventure",
		"Family"
	],
	"director" : "Phil Nibbelink, Simon Wells",
	"writers" : [
		"Flint Dille",
		"Charles Swenson",
		"David Kirschner"
	],
	"actors" : [
		"Phillip Glasser",
		"James Stewart",
		"Erica Yohn",
		"Cathy Cavadini"
	],
	"plot" : "A family of Emigre mice decide to move out to the west, unaware that they are falling into a trap perpetrated by a smooth talking cat.",
	"poster" : "http://ia.media-imdb.com/images/M/MV5BMTYzODMxNTUyNF5BMl5BanBnXkFtZTcwMTAwMzQyMQ@@._V1_SX300.jpg",
	"imdb" : {
		"id" : "tt0101329",
		"rating" : 6.4,
		"votes" : 16013
	},
	"awards" : {
		"wins" : 0,
		"nominations" : 0,
		"text" : ""
	},
	"type" : "movie"
}
{
	"_id" : ObjectId("569190cc24de1e0ce2dfcd57"),
	"title" : "Journey to the West",
	"year" : 2013,
	"rated" : "PG-13",
	"released" : ISODate("2013-02-07T05:00:00Z"),
	"runtime" : 110,
	"countries" : [
		"China"
	],
	"genres" : [
		"Adventure",
		"Comedy",
		"Fantasy"
	],
	"director" : "Stephen Chow, Chi-kin Kwok",
	"writers" : [
		"Stephen Chow",
		"Chi-kin Kwok",
		"Xin Huo",
		"Yun Wang",
		"Chi Keung Fung",
		"Zhengyu Lu",
		"Shing-Cheung Lee",
		"Ivy Kong"
	],
	"actors" : [
		"Qi Shu",
		"Zhang Wen",
		"Bo Huang",
		"Show Luo"
	],
	"plot" : "Tang Sanzang, an aspiring Buddhist hero tries to protect a village from three demons. He develops complex feelings for Miss Duan, the demon hunter who repeatedly helps him, and finally quests to meet the legendary Monkey King.",
	"poster" : "http://ia.media-imdb.com/images/M/MV5BMTQzMzUxNzk0NV5BMl5BanBnXkFtZTgwMTEwOTE4MDE@._V1_SX300.jpg",
	"imdb" : {
		"id" : "tt2017561",
		"rating" : 6.8,
		"votes" : 7111
	},
	"tomato" : {
		"meter" : 93,
		"image" : "fresh",
		"rating" : 7.2,
		"reviews" : 30,
		"fresh" : 28,
		"consensus" : "As sweet, silly, action-packed and ridiculous as director Steven Chow's best work, Journey to the West serves up dazzling action sequences while playing its disparate elements against each other with thrilling abandon.",
		"userMeter" : 68,
		"userRating" : 3.6,
		"userReviews" : 2198
	},
	"metacritic" : 68,
	"awards" : {
		"wins" : 1,
		"nominations" : 12,
		"text" : "1 win & 12 nominations."
	},
	"type" : "movie"
}
{
	"_id" : ObjectId("569190cc24de1e0ce2dfcd59"),
	"title" : "Star Wars: Episode IV - A New Hope",
	"year" : 1977,
	"rated" : "PG",
	"released" : ISODate("1977-05-25T04:00:00Z"),
	"runtime" : 121,
	"countries" : [
		"USA"
	],
	"genres" : [
		"Action",
		"Adventure",
		"Fantasy"
	],
	"director" : "George Lucas",
	"writers" : [
		"George Lucas"
	],
	"actors" : [
		"Mark Hamill",
		"Harrison Ford",
		"Carrie Fisher",
		"Peter Cushing"
	],
	"plot" : "Luke Skywalker joins forces with a Jedi Knight, a cocky pilot, a wookiee and two droids to save the universe from the Empire's world-destroying battle-station, while also attempting to rescue Princess Leia from the evil Darth Vader.",
	"poster" : "http://ia.media-imdb.com/images/M/MV5BMTU4NTczODkwM15BMl5BanBnXkFtZTcwMzEyMTIyMw@@._V1_SX300.jpg",
	"imdb" : {
		"id" : "tt0076759",
		"rating" : 8.7,
		"votes" : 822849
	},
	"tomato" : {
		"meter" : 94,
		"image" : "certified",
		"rating" : 8.5,
		"reviews" : 99,
		"fresh" : 93,
		"consensus" : "A legendarily expansive and ambitious start to the sci-fi saga, George Lucas opened our eyes to the possibilities of blockbuster filmmaking and things have never been the same.",
		"userMeter" : 96,
		"userRating" : 4.1,
		"userReviews" : 851120
	},
	"metacritic" : 92,
	"awards" : {
		"wins" : 38,
		"nominations" : 27,
		"text" : "Won 6 Oscars. Another 38 wins & 27 nominations."
	},
	"type" : "movie"
}
{
	"_id" : ObjectId("569190cc24de1e0ce2dfcd5a"),
	"title" : "Star Wars: Episode V - The Empire Strikes Back",
	"year" : 1980,
	"rated" : "PG",
	"released" : ISODate("1980-06-20T04:00:00Z"),
	"runtime" : 124,
	"countries" : [
		"USA"
	],
	"genres" : [
		"Action",
		"Adventure",
		"Fantasy"
	],
	"director" : "Irvin Kershner",
	"writers" : [
		"Leigh Brackett",
		"Lawrence Kasdan",
		"George Lucas"
	],
	"actors" : [
		"Mark Hamill",
		"Harrison Ford",
		"Carrie Fisher",
		"Billy Dee Williams"
	],
	"plot" : "After the rebels have been brutally overpowered by the Empire on their newly established base, Luke Skywalker takes advanced Jedi training with Master Yoda, while his friends are pursued by Darth Vader as part of his plan to capture Luke.",
	"poster" : "http://ia.media-imdb.com/images/M/MV5BMjE2MzQwMTgxN15BMl5BanBnXkFtZTcwMDQzNjk2OQ@@._V1_SX300.jpg",
	"imdb" : {
		"id" : "tt0080684",
		"rating" : 8.8,
		"votes" : 739949
	},
	"tomato" : {
		"meter" : 94,
		"image" : "certified",
		"rating" : 8.9,
		"reviews" : 87,
		"fresh" : 82,
		"consensus" : "Dark, sinister, but ultimately even more involving than A New Hope, The Empire Strikes Back defies viewer expectations and takes the series to heightened emotional levels.",
		"userMeter" : 97,
		"userRating" : 4.1,
		"userReviews" : 1045537
	},
	"metacritic" : 79,
	"awards" : {
		"wins" : 15,
		"nominations" : 17,
		"text" : "Won 1 Oscar. Another 15 wins & 17 nominations."
	},
	"type" : "movie"
}
{
	"_id" : ObjectId("569190cc24de1e0ce2dfcd5b"),
	"title" : "Star Wars: Episode VI - Return of the Jedi",
	"year" : 1983,
	"rated" : "PG",
	"released" : ISODate("1983-05-25T04:00:00Z"),
	"runtime" : 131,
	"countries" : [
		"USA"
	],
	"genres" : [
		"Action",
		"Adventure",
		"Fantasy"
	],
	"director" : "Richard Marquand",
	"writers" : [
		"Lawrence Kasdan",
		"George Lucas",
		"George Lucas"
	],
	"actors" : [
		"Mark Hamill",
		"Harrison Ford",
		"Carrie Fisher",
		"Billy Dee Williams"
	],
	"plot" : "After rescuing Han Solo from the palace of Jabba the Hutt, the rebels attempt to destroy the second Death Star, while Luke struggles to make Vader return from the dark side of the Force.",
	"poster" : "http://ia.media-imdb.com/images/M/MV5BMTQ0MzI1NjYwOF5BMl5BanBnXkFtZTgwODU3NDU2MTE@._V1._CR93,97,1209,1861_SX89_AL_.jpg_V1_SX300.jpg",
	"imdb" : {
		"id" : "tt0086190",
		"rating" : 8.4,
		"votes" : 623252
	},
	"tomato" : {
		"meter" : 80,
		"image" : "certified",
		"rating" : 7.2,
		"reviews" : 84,
		"fresh" : 67,
		"consensus" : "Though failing to reach the cinematic heights of its predecessors, Return of the Jedi remains an entertaining sci-fi adventure and a fitting end to the classic trilogy.",
		"userMeter" : 94,
		"userRating" : 4,
		"userReviews" : 1003937
	},
	"metacritic" : 52,
	"awards" : {
		"wins" : 15,
		"nominations" : 15,
		"text" : "Nominated for 4 Oscars. Another 15 wins & 15 nominations."
	},
	"type" : "movie"
}
{
	"_id" : ObjectId("569190cc24de1e0ce2dfcd5c"),
	"title" : "Star Wars: Episode I - The Phantom Menace",
	"year" : 1999,
	"rated" : "PG",
	"released" : ISODate("1999-05-19T04:00:00Z"),
	"runtime" : 136,
	"countries" : [
		"USA"
	],
	"genres" : [
		"Action",
		"Adventure",
		"Fantasy"
	],
	"director" : "George Lucas",
	"writers" : [
		"George Lucas"
	],
	"actors" : [
		"Liam Neeson",
		"Ewan McGregor",
		"Natalie Portman",
		"Jake Lloyd"
	],
	"plot" : "Two Jedi Knights escape a hostile blockade to find allies and come across a young boy who may bring balance to the Force, but the long dormant Sith resurface to reclaim their old glory.",
	"poster" : "http://ia.media-imdb.com/images/M/MV5BMTQ4NjEwNDA2Nl5BMl5BanBnXkFtZTcwNDUyNDQzNw@@._V1_SX300.jpg",
	"imdb" : {
		"id" : "tt0120915",
		"rating" : 6.5,
		"votes" : 494267
	},
	"tomato" : null,
	"metacritic" : 51,
	"awards" : {
		"wins" : 17,
		"nominations" : 59,
		"text" : "Nominated for 3 Oscars. Another 17 wins & 59 nominations."
	},
	"type" : "movie"
}
{
	"_id" : ObjectId("569190cd24de1e0ce2dfcd5d"),
	"title" : "Star Wars: Episode III - Revenge of the Sith",
	"year" : 2005,
	"rated" : "PG-13",
	"released" : ISODate("2005-05-19T04:00:00Z"),
	"runtime" : 140,
	"countries" : [
		"USA"
	],
	"genres" : [
		"Action",
		"Adventure",
		"Fantasy"
	],
	"director" : "George Lucas",
	"writers" : [
		"George Lucas"
	],
	"actors" : [
		"Ewan McGregor",
		"Natalie Portman",
		"Hayden Christensen",
		"Ian McDiarmid"
	],
	"plot" : "Three years after the onset of the Clone Wars; the noble Jedi Knights are spread out across the galaxy leading a massive clone army in the war against the Separatists. After Chancellor ...",
	"poster" : "http://ia.media-imdb.com/images/M/MV5BNTc4MTc3NTQ5OF5BMl5BanBnXkFtZTcwOTg0NjI4NA@@._V1_SX300.jpg",
	"imdb" : {
		"id" : "tt0121766",
		"rating" : 7.6,
		"votes" : 483613
	},
	"tomato" : {
		"meter" : 79,
		"image" : "certified",
		"rating" : 7.3,
		"reviews" : 282,
		"fresh" : 222,
		"consensus" : "With Episode III: Revenge of the Sith, George Lucas brings his second Star Wars trilogy to a suitably thrilling and often poignant -- if still a bit uneven -- conclusion.",
		"userMeter" : 65,
		"userRating" : 3.1,
		"userReviews" : 33674396
	},
	"metacritic" : 68,
	"awards" : {
		"wins" : 21,
		"nominations" : 49,
		"text" : "Nominated for 1 Oscar. Another 21 wins & 49 nominations."
	},
	"type" : "movie"
}
{
	"_id" : ObjectId("569190cd24de1e0ce2dfcd5e"),
	"title" : "Star Trek",
	"year" : 2009,
	"rated" : "PG-13",
	"released" : ISODate("2009-05-08T04:00:00Z"),
	"runtime" : 127,
	"countries" : [
		"USA",
		"Germany"
	],
	"genres" : [
		"Action",
		"Adventure",
		"Sci-Fi"
	],
	"director" : "J.J. Abrams",
	"writers" : [
		"Roberto Orci",
		"Alex Kurtzman",
		"Gene Roddenberry"
	],
	"actors" : [
		"Chris Pine",
		"Zachary Quinto",
		"Leonard Nimoy",
		"Eric Bana"
	],
	"plot" : "The brash James T. Kirk tries to live up to his father's legacy with Mr. Spock keeping him in check as a vengeful, time-traveling Romulan creates black holes to destroy the Federation one planet at a time.",
	"poster" : "http://ia.media-imdb.com/images/M/MV5BMjE5NDQ5OTE4Ml5BMl5BanBnXkFtZTcwOTE3NDIzMw@@._V1_SX300.jpg",
	"imdb" : {
		"id" : "tt0796366",
		"rating" : 8,
		"votes" : 483229
	},
	"tomato" : {
		"meter" : 95,
		"image" : "certified",
		"rating" : 8.2,
		"reviews" : 329,
		"fresh" : 312,
		"consensus" : "Star Trek reignites a classic franchise with action, humor, a strong story, and brilliant visuals, and will please traditional Trekkies and new fans alike.",
		"userMeter" : 91,
		"userRating" : 4.1,
		"userReviews" : 743375
	},
	"metacritic" : 82,
	"awards" : {
		"wins" : 22,
		"nominations" : 77,
		"text" : "Won 1 Oscar. Another 22 wins & 77 nominations."
	},
	"type" : "movie"
}
{
	"_id" : ObjectId("569190cd24de1e0ce2dfcd5f"),
	"title" : "Star Wars: Episode II - Attack of the Clones",
	"year" : 2002,
	"rated" : "PG",
	"released" : ISODate("2002-05-16T04:00:00Z"),
	"runtime" : 142,
	"countries" : [
		"USA"
	],
	"genres" : [
		"Action",
		"Adventure",
		"Fantasy"
	],
	"director" : "George Lucas",
	"writers" : [
		"George Lucas",
		"Jonathan Hales",
		"George Lucas"
	],
	"actors" : [
		"Ewan McGregor",
		"Natalie Portman",
		"Hayden Christensen",
		"Christopher Lee"
	],
	"plot" : "Ten years after initially meeting, Anakin Skywalker shares a forbidden romance with Padmé, while Obi-Wan investigates an assassination attempt on the Senator and discovers a secret clone army crafted for the Jedi.",
	"poster" : "http://ia.media-imdb.com/images/M/MV5BMTY5MjI5NTIwNl5BMl5BanBnXkFtZTYwMTM1Njg2._V1_SX300.jpg",
	"imdb" : {
		"id" : "tt0121765",
		"rating" : 6.7,
		"votes" : 425728
	},
	"tomato" : {
		"meter" : 66,
		"image" : "fresh",
		"rating" : 6.7,
		"reviews" : 242,
		"fresh" : 159,
		"consensus" : "Star Wars Episode II: Attack of the Clones benefits from an increased emphasis on thrilling action, although they're once again undercut by ponderous plot points and underdeveloped characters.",
		"userMeter" : 58,
		"userRating" : 3.3,
		"userReviews" : 844634
	},
	"metacritic" : 54,
	"awards" : {
		"wins" : 13,
		"nominations" : 47,
		"text" : "Nominated for 1 Oscar. Another 13 wins & 47 nominations."
	},
	"type" : "movie"
}
{
	"_id" : ObjectId("569190cd24de1e0ce2dfcd60"),
	"title" : "Star Trek Into Darkness",
	"year" : 2013,
	"rated" : "PG-13",
	"released" : ISODate("2013-05-16T04:00:00Z"),
	"runtime" : 132,
	"countries" : [
		"USA"
	],
	"genres" : [
		"Action",
		"Adventure",
		"Sci-Fi"
	],
	"director" : "J.J. Abrams",
	"writers" : [
		"Roberto Orci",
		"Alex Kurtzman",
		"Damon Lindelof",
		"Gene Roddenberry"
	],
	"actors" : [
		"Chris Pine",
		"Zachary Quinto",
		"Zoe Saldana",
		"Karl Urban"
	],
	"plot" : "After the crew of the Enterprise find an unstoppable force of terror from within their own organization, Captain Kirk leads a manhunt to a war-zone world to capture a one-man weapon of mass destruction.",
	"poster" : "http://ia.media-imdb.com/images/M/MV5BMTk2NzczOTgxNF5BMl5BanBnXkFtZTcwODQ5ODczOQ@@._V1_SX300.jpg",
	"imdb" : {
		"id" : "tt1408101",
		"rating" : 7.8,
		"votes" : 370638
	},
	"tomato" : {
		"meter" : 87,
		"image" : "certified",
		"rating" : 7.6,
		"reviews" : 250,
		"fresh" : 217,
		"consensus" : "Visually spectacular and suitably action packed, Star Trek Into Darkness is a rock-solid installment in the venerable sci-fi franchise, even if it's not as fresh as its predecessor.",
		"userMeter" : 90,
		"userRating" : 4.2,
		"userReviews" : 309531
	},
	"metacritic" : 72,
	"awards" : {
		"wins" : 6,
		"nominations" : 44,
		"text" : "Nominated for 1 Oscar. Another 6 wins & 44 nominations."
	},
	"type" : "movie"
}
{
	"_id" : ObjectId("569190cd24de1e0ce2dfcd61"),
	"title" : "Star Trek: First Contact",
	"year" : 1996,
	"rated" : "PG-13",
	"released" : ISODate("1996-11-22T05:00:00Z"),
	"runtime" : 111,
	"countries" : [
		"USA"
	],
	"genres" : [
		"Action",
		"Adventure",
		"Sci-Fi"
	],
	"director" : "Jonathan Frakes",
	"writers" : [
		"Gene Roddenberry",
		"Rick Berman",
		"Brannon Braga",
		"Ronald D. Moore",
		"Brannon Braga",
		"Ronald D. Moore"
	],
	"actors" : [
		"Patrick Stewart",
		"Jonathan Frakes",
		"Brent Spiner",
		"LeVar Burton"
	],
	"plot" : "The Borg go back in time intent on preventing Earth's first contact with an alien species. Captain Picard and his crew pursue them to ensure that Zefram Cochrane makes his maiden flight reaching warp speed.",
	"poster" : "http://ia.media-imdb.com/images/M/MV5BMTg4OTYwODY4MF5BMl5BanBnXkFtZTgwNTg2NjIyMDE@._V1_SX300.jpg",
	"imdb" : {
		"id" : "tt0117731",
		"rating" : 7.6,
		"votes" : 94153
	},
	"tomato" : {
		"meter" : 93,
		"image" : "certified",
		"rating" : 7.4,
		"reviews" : 55,
		"fresh" : 51,
		"consensus" : "While fans of the series will surely appreciate it, First Contact is exciting, engaging, and visually appealing enough to entertain Star Trek novices.",
		"userMeter" : 89,
		"userRating" : 3.6,
		"userReviews" : 99646
	},
	"metacritic" : 71,
	"awards" : {
		"wins" : 8,
		"nominations" : 19,
		"text" : "Nominated for 1 Oscar. Another 8 wins & 19 nominations."
	},
	"type" : "movie"
}
{
	"_id" : ObjectId("569190cd24de1e0ce2dfcd62"),
	"title" : "Star Trek II: The Wrath of Khan",
	"year" : 1982,
	"rated" : "PG",
	"released" : ISODate("1982-06-04T04:00:00Z"),
	"runtime" : 113,
	"countries" : [
		"USA"
	],
	"genres" : [
		"Action",
		"Adventure",
		"Drama"
	],
	"director" : "Nicholas Meyer",
	"writers" : [
		"Gene Roddenberry",
		"Harve Bennett",
		"Jack B. Sowards",
		"Jack B. Sowards"
	],
	"actors" : [
		"William Shatner",
		"Leonard Nimoy",
		"DeForest Kelley",
		"James Doohan"
	],
	"plot" : "With the assistance of the Enterprise crew, Admiral Kirk must stop an old nemesis, Khan Noonien Singh, from using the life-generating Genesis Device as the ultimate weapon.",
	"poster" : "http://ia.media-imdb.com/images/M/MV5BMTcwNjc5NjA4N15BMl5BanBnXkFtZTcwNDk5MzI4OA@@._V1_SX300.jpg",
	"imdb" : {
		"id" : "tt0084726",
		"rating" : 7.7,
		"votes" : 86687
	},
	"tomato" : {
		"meter" : 88,
		"image" : "certified",
		"rating" : 8,
		"reviews" : 49,
		"fresh" : 43,
		"consensus" : "Considered by many fans to be the best of the Star Trek movies, Khan features a strong plot, increased tension, and a sharp supporting performance from Ricardo Montalban.",
		"userMeter" : 90,
		"userRating" : 3.8,
		"userReviews" : 84279
	},
	"metacritic" : 71,
	"awards" : {
		"wins" : 2,
		"nominations" : 9,
		"text" : "2 wins & 9 nominations."
	},
	"type" : "movie"
}
{
	"_id" : ObjectId("569190cd24de1e0ce2dfcd63"),
	"title" : "Dr. Strangelove or: How I Learned to Stop Worrying and Love the Bomb",
	"year" : 1964,
	"rated" : "PG",
	"released" : ISODate("1964-01-29T05:00:00Z"),
	"runtime" : 95,
	"countries" : [
		"USA",
		"UK"
	],
	"genres" : [
		"Comedy"
	],
	"director" : "Stanley Kubrick",
	"writers" : [
		"Stanley Kubrick",
		"Terry Southern",
		"Peter George",
		"Peter George"
	],
	"actors" : [
		"Peter Sellers",
		"George C. Scott",
		"Sterling Hayden",
		"Keenan Wynn"
	],
	"plot" : "An insane general triggers a path to nuclear holocaust that a war room full of politicians and generals frantically try to stop.",
	"poster" : "http://ia.media-imdb.com/images/M/MV5BMTU2ODM2NTkxNF5BMl5BanBnXkFtZTcwOTMwMzU3Mg@@._V1_SX300.jpg",
	"imdb" : {
		"id" : "tt0057012",
		"rating" : 8.5,
		"votes" : 323857
	},
	"tomato" : {
		"meter" : 99,
		"image" : "certified",
		"rating" : 9,
		"reviews" : 68,
		"fresh" : 67,
		"consensus" : "Stanley Kubrick's brilliant Cold War satire remains as funny and razor-sharp today as it was in 1964.",
		"userMeter" : 94,
		"userRating" : 4.2,
		"userReviews" : 206480
	},
	"metacritic" : 96,
	"awards" : {
		"wins" : 13,
		"nominations" : 6,
		"text" : "Nominated for 4 Oscars. Another 13 wins & 6 nominations."
	},
	"type" : "movie"
}
{
	"_id" : ObjectId("569190ce24de1e0ce2dfcd67"),
	"title" : "P.S. I Love You",
	"year" : 2007,
	"rated" : "PG-13",
	"released" : ISODate("2007-12-21T05:00:00Z"),
	"runtime" : 126,
	"countries" : [
		"USA"
	],
	"genres" : [
		"Drama",
		"Romance"
	],
	"director" : "Richard LaGravenese",
	"writers" : [
		"Richard LaGravenese",
		"Steven Rogers",
		"Cecelia Ahern"
	],
	"actors" : [
		"Hilary Swank",
		"Gerard Butler",
		"Lisa Kudrow",
		"Gina Gershon"
	],
	"plot" : "A young widow discovers that her late husband has left her 10 messages intended to help ease her pain and start a new life.",
	"poster" : "http://ia.media-imdb.com/images/M/MV5BNTg2MDg4MjI5NV5BMl5BanBnXkFtZTcwMzQ0MDczMw@@._V1_SX300.jpg",
	"imdb" : {
		"id" : "tt0431308",
		"rating" : 7.1,
		"votes" : 158007
	},
	"tomato" : null,
	"metacritic" : 39,
	"awards" : {
		"wins" : 2,
		"nominations" : 4,
		"text" : "2 wins & 4 nominations."
	},
	"type" : "movie"
}
{
	"_id" : ObjectId("569190ce24de1e0ce2dfcd6d"),
	"title" : "2001: A Space Odyssey",
	"year" : 1968,
	"rated" : "G",
	"released" : ISODate("1968-05-15T04:00:00Z"),
	"runtime" : 149,
	"countries" : [
		"USA",
		"UK"
	],
	"genres" : [
		"Mystery",
		"Sci-Fi"
	],
	"director" : "Stanley Kubrick",
	"writers" : [
		"Stanley Kubrick",
		"Arthur C. Clarke"
	],
	"actors" : [
		"Keir Dullea",
		"Gary Lockwood",
		"William Sylvester",
		"Daniel Richter"
	],
	"plot" : "Humanity finds a mysterious, obviously artificial object buried beneath the Lunar surface and, with the intelligent computer H.A.L. 9000, sets off on a quest.",
	"poster" : "http://ia.media-imdb.com/images/M/MV5BNDYyMDgxNDQ5Nl5BMl5BanBnXkFtZTcwMjc1ODg3OA@@._V1_SX300.jpg",
	"imdb" : {
		"id" : "tt0062622",
		"rating" : 8.3,
		"votes" : 396824
	},
	"tomato" : {
		"meter" : 96,
		"image" : "certified",
		"rating" : 9.2,
		"reviews" : 70,
		"fresh" : 67,
		"consensus" : "One of the most influential of all sci-fi films -- and one of the most controversial -- Stanley Kubrick's 2001 is a delicate, poetic meditation on the ingenuity -- and folly -- of mankind.",
		"userMeter" : 89,
		"userRating" : 3.8,
		"userReviews" : 294447
	},
	"metacritic" : 86,
	"awards" : {
		"wins" : 13,
		"nominations" : 7,
		"text" : "Won 1 Oscar. Another 13 wins & 7 nominations."
	},
	"type" : "movie"
}
{
	"_id" : ObjectId("569190cf24de1e0ce2dfcd6f"),
	"title" : "Zathura: A Space Adventure",
	"year" : 2005,
	"rated" : "PG",
	"released" : ISODate("2005-11-11T05:00:00Z"),
	"runtime" : 101,
	"countries" : [
		"USA"
	],
	"genres" : [
		"Action",
		"Adventure",
		"Comedy"
	],
	"director" : "Jon Favreau",
	"writers" : [
		"Chris Van Allsburg",
		"David Koepp",
		"John Kamps"
	],
	"actors" : [
		"Jonah Bobo",
		"Josh Hutcherson",
		"Dax Shepard",
		"Kristen Stewart"
	],
	"plot" : "Two young brothers are drawn into an intergalactic adventure when their house is hurled through the depths of space by the magical board game they are playing.",
	"poster" : "http://ia.media-imdb.com/images/M/MV5BMjEyOTQ2ODg4OV5BMl5BanBnXkFtZTcwMjk2ODUzMQ@@._V1_SX300.jpg",
	"imdb" : {
		"id" : "tt0406375",
		"rating" : 6.1,
		"votes" : 62971
	},
	"tomato" : {
		"meter" : 75,
		"image" : "certified",
		"rating" : 6.6,
		"reviews" : 158,
		"fresh" : 119,
		"consensus" : "Dazzling special effects for the kids + well-crafted storytelling for the 'rents = cinematic satisfaction for the whole family.",
		"userMeter" : 51,
		"userRating" : 3,
		"userReviews" : 280429
	},
	"metacritic" : 67,
	"awards" : {
		"wins" : 2,
		"nominations" : 3,
		"text" : "2 wins & 3 nominations."
	},
	"type" : "movie"
}
{
	"_id" : ObjectId("569190cf24de1e0ce2dfcd70"),
	"title" : "Space Cowboys",
	"year" : 2000,
	"rated" : "PG-13",
	"released" : ISODate("2000-08-04T04:00:00Z"),
	"runtime" : 130,
	"countries" : [
		"USA",
		"Australia"
	],
	"genres" : [
		"Action",
		"Adventure",
		"Thriller"
	],
	"director" : "Clint Eastwood",
	"writers" : [
		"Ken Kaufman",
		"Howard Klausner"
	],
	"actors" : [
		"Clint Eastwood",
		"Tommy Lee Jones",
		"Donald Sutherland",
		"James Garner"
	],
	"plot" : "When a retired engineer is called upon to rescue a failing satellite, he insists that his equally old teammates accompany him into space.",
	"poster" : "http://ia.media-imdb.com/images/M/MV5BMTk4NzAwOTkwMF5BMl5BanBnXkFtZTYwMDM3MTM3._V1_SX300.jpg",
	"imdb" : {
		"id" : "tt0186566",
		"rating" : 6.4,
		"votes" : 57735
	},
	"tomato" : {
		"meter" : 78,
		"image" : "certified",
		"rating" : 6.7,
		"reviews" : 119,
		"fresh" : 93,
		"consensus" : "While the plot is overly cliched, the suberb acting by the stars (especially the tense interactions between Clint Eastwood and Tommy Lee Jones) and the spectacular special effects make this a movie worth seeing.",
		"userMeter" : 53,
		"userRating" : 3,
		"userReviews" : 72556
	},
	"metacritic" : 73,
	"awards" : {
		"wins" : 4,
		"nominations" : 6,
		"text" : "Nominated for 1 Oscar. Another 4 wins & 6 nominations."
	},
	"type" : "movie"
}
{
	"_id" : ObjectId("569190cf24de1e0ce2dfcd71"),
	"title" : "Lost in Space",
	"year" : 1998,
	"rated" : "PG-13",
	"released" : ISODate("1998-04-03T05:00:00Z"),
	"runtime" : 130,
	"countries" : [
		"USA"
	],
	"genres" : [
		"Action",
		"Adventure",
		"Family"
	],
	"director" : "Stephen Hopkins",
	"writers" : [
		"Irwin Allen",
		"Akiva Goldsman"
	],
	"actors" : [
		"William Hurt",
		"Mimi Rogers",
		"Heather Graham",
		"Lacey Chabert"
	],
	"plot" : "The Robinson family was going into space to fight for a chance for humanity. Now they are fighting to live long enough to find a way home.",
	"poster" : "http://ia.media-imdb.com/images/M/MV5BMTkwNzEyNTgyN15BMl5BanBnXkFtZTcwODk4NTU0Mg@@._V1_SX300.jpg",
	"imdb" : {
		"id" : "tt0120738",
		"rating" : 5.1,
		"votes" : 56757
	},
	"tomato" : {
		"meter" : 27,
		"image" : "rotten",
		"rating" : 4.7,
		"reviews" : 84,
		"fresh" : 23,
		"consensus" : "Clumsily directed and missing most of the TV series' campy charm, Lost in Space sadly lives down to its title.",
		"userMeter" : 24,
		"userRating" : 2.5,
		"userReviews" : 173585
	},
	"metacritic" : 42,
	"awards" : {
		"wins" : 1,
		"nominations" : 13,
		"text" : "1 win & 13 nominations."
	},
	"type" : "movie"
}
Type "it" for more
> db.movieDetails.find({"tomato.meter":{$exists:true}})
{ "_id" : ObjectId("569190ca24de1e0ce2dfcd4f"), "title" : "Once Upon a Time in the West", "year" : 1968, "rated" : "PG-13", "released" : ISODate("1968-12-21T05:00:00Z"), "runtime" : 175, "countries" : [ "Italy", "USA", "Spain" ], "genres" : [ "Western" ], "director" : "Sergio Leone", "writers" : [ "Sergio Donati", "Sergio Leone", "Dario Argento", "Bernardo Bertolucci", "Sergio Leone" ], "actors" : [ "Claudia Cardinale", "Henry Fonda", "Jason Robards", "Charles Bronson" ], "plot" : "Epic story of a mysterious stranger with a harmonica who joins forces with a notorious desperado to protect a beautiful widow from a ruthless assassin working for the railroad.", "poster" : "http://ia.media-imdb.com/images/M/MV5BMTEyODQzNDkzNjVeQTJeQWpwZ15BbWU4MDgyODk1NDEx._V1_SX300.jpg", "imdb" : { "id" : "tt0064116", "rating" : 8.6, "votes" : 201283 }, "tomato" : { "meter" : 98, "image" : "certified", "rating" : 9, "reviews" : 54, "fresh" : 53, "consensus" : "A landmark Sergio Leone spaghetti western masterpiece featuring a classic Morricone score.", "userMeter" : 95, "userRating" : 4.3, "userReviews" : 64006 }, "metacritic" : 80, "awards" : { "wins" : 4, "nominations" : 5, "text" : "4 wins & 5 nominations." }, "type" : "movie" }
{ "_id" : ObjectId("569190cb24de1e0ce2dfcd50"), "title" : "A Million Ways to Die in the West", "year" : 2014, "rated" : "R", "released" : ISODate("2014-05-30T04:00:00Z"), "runtime" : 116, "countries" : [ "USA" ], "genres" : [ "Comedy", "Western" ], "director" : "Seth MacFarlane", "writers" : [ "Seth MacFarlane", "Alec Sulkin", "Wellesley Wild" ], "actors" : [ "Seth MacFarlane", "Charlize Theron", "Amanda Seyfried", "Liam Neeson" ], "plot" : "As a cowardly farmer begins to fall for the mysterious new woman in town, he must put his new-found courage to the test when her husband, a notorious gun-slinger, announces his arrival.", "poster" : "http://ia.media-imdb.com/images/M/MV5BMTQ0NDcyNjg0MV5BMl5BanBnXkFtZTgwMzk4NTA4MTE@._V1_SX300.jpg", "imdb" : { "id" : "tt2557490", "rating" : 6.1, "votes" : 126592 }, "tomato" : { "meter" : 33, "image" : "rotten", "rating" : 4.9, "reviews" : 188, "fresh" : 62, "consensus" : "While it offers a few laughs and boasts a talented cast, Seth MacFarlane's overlong, aimless A Million Ways to Die in the West is a disappointingly scattershot affair.", "userMeter" : 40, "userRating" : 3, "userReviews" : 62945 }, "metacritic" : 44, "awards" : { "wins" : 0, "nominations" : 6, "text" : "6 nominations." }, "type" : "movie" }
{ "_id" : ObjectId("569190cb24de1e0ce2dfcd51"), "title" : "Wild Wild West", "year" : 1999, "rated" : "PG-13", "released" : ISODate("1999-06-30T04:00:00Z"), "runtime" : 106, "countries" : [ "USA" ], "genres" : [ "Action", "Western", "Comedy" ], "director" : "Barry Sonnenfeld", "writers" : [ "Jim Thomas", "John Thomas", "S.S. Wilson", "Brent Maddock", "Jeffrey Price", "Peter S. Seaman" ], "actors" : [ "Will Smith", "Kevin Kline", "Kenneth Branagh", "Salma Hayek" ], "plot" : "The two best hired guns in the West must save President Grant from the clutches of a nineteenth-century inventor-villain.", "poster" : "http://ia.media-imdb.com/images/M/MV5BNDI5NDk5MjgxMl5BMl5BanBnXkFtZTcwNjI1MTUyMQ@@._V1_SX300.jpg", "imdb" : { "id" : "tt0120891", "rating" : 4.8, "votes" : 124558 }, "tomato" : { "meter" : 17, "image" : "rotten", "rating" : 4.1, "reviews" : 130, "fresh" : 22, "consensus" : "Bombastic, manic, and largely laugh-free, Wild Wild West is a bizarre misfire in which greater care was lavished upon the special effects than on the script.", "userMeter" : 28, "userRating" : 2.7, "userReviews" : 463740 }, "metacritic" : 38, "awards" : { "wins" : 10, "nominations" : 11, "text" : "10 wins & 11 nominations." }, "type" : "movie" }
{ "_id" : ObjectId("569190cb24de1e0ce2dfcd53"), "title" : "Slow West", "year" : 2015, "rated" : "R", "released" : ISODate("2015-04-16T04:00:00Z"), "runtime" : 84, "countries" : [ "UK", "New Zealand" ], "genres" : [ "Action", "Thriller", "Western" ], "director" : "John Maclean", "writers" : [ "John Maclean" ], "actors" : [ "Kodi Smit-McPhee", "Michael Fassbender", "Ben Mendelsohn", "Aorere Paki" ], "plot" : "A young Scottish man travels across America in pursuit of the woman he loves, attracting the attention of an outlaw who is willing to serve as a guide.", "poster" : "http://ia.media-imdb.com/images/M/MV5BNTYxNDA5ODk5NF5BMl5BanBnXkFtZTgwNzMwMzIwNTE@._V1_SX300.jpg", "imdb" : { "id" : "tt3205376", "rating" : 7, "votes" : 19101 }, "tomato" : { "meter" : 92, "image" : "certified", "rating" : 7.5, "reviews" : 115, "fresh" : 106, "consensus" : "Slow West serves as an impressive calling card for first-time writer-director John M. Maclean -- and offers an inventive treat for fans of the Western.", "userMeter" : 75, "userRating" : 3.7, "userReviews" : 9850 }, "metacritic" : 72, "awards" : { "wins" : 2, "nominations" : 9, "text" : "2 wins & 9 nominations." }, "type" : "movie" }
{ "_id" : ObjectId("569190cc24de1e0ce2dfcd57"), "title" : "Journey to the West", "year" : 2013, "rated" : "PG-13", "released" : ISODate("2013-02-07T05:00:00Z"), "runtime" : 110, "countries" : [ "China" ], "genres" : [ "Adventure", "Comedy", "Fantasy" ], "director" : "Stephen Chow, Chi-kin Kwok", "writers" : [ "Stephen Chow", "Chi-kin Kwok", "Xin Huo", "Yun Wang", "Chi Keung Fung", "Zhengyu Lu", "Shing-Cheung Lee", "Ivy Kong" ], "actors" : [ "Qi Shu", "Zhang Wen", "Bo Huang", "Show Luo" ], "plot" : "Tang Sanzang, an aspiring Buddhist hero tries to protect a village from three demons. He develops complex feelings for Miss Duan, the demon hunter who repeatedly helps him, and finally quests to meet the legendary Monkey King.", "poster" : "http://ia.media-imdb.com/images/M/MV5BMTQzMzUxNzk0NV5BMl5BanBnXkFtZTgwMTEwOTE4MDE@._V1_SX300.jpg", "imdb" : { "id" : "tt2017561", "rating" : 6.8, "votes" : 7111 }, "tomato" : { "meter" : 93, "image" : "fresh", "rating" : 7.2, "reviews" : 30, "fresh" : 28, "consensus" : "As sweet, silly, action-packed and ridiculous as director Steven Chow's best work, Journey to the West serves up dazzling action sequences while playing its disparate elements against each other with thrilling abandon.", "userMeter" : 68, "userRating" : 3.6, "userReviews" : 2198 }, "metacritic" : 68, "awards" : { "wins" : 1, "nominations" : 12, "text" : "1 win & 12 nominations." }, "type" : "movie" }
{ "_id" : ObjectId("569190cc24de1e0ce2dfcd58"), "title" : "West of Memphis", "year" : 2012, "rated" : "R", "released" : ISODate("2012-11-22T05:00:00Z"), "runtime" : 147, "countries" : [ "New Zealand", "USA" ], "genres" : [ "Documentary" ], "director" : "Amy Berg", "writers" : [ "Amy Berg", "Billy McMillin" ], "actors" : [ "Michael Baden", "Jason Baldwin", "Holly Ballard", "Jamie Clark Ballard" ], "plot" : "An examination of a failure of justice in the case against the West Memphis Three.", "poster" : "http://ia.media-imdb.com/images/M/MV5BMjIzNDM3NjkzOV5BMl5BanBnXkFtZTcwNjI5Nzg0OA@@._V1_SX300.jpg", "imdb" : { "id" : "tt2130321", "rating" : 7.9, "votes" : 6627 }, "tomato" : { "meter" : 95, "image" : "certified", "rating" : 7.9, "reviews" : 111, "fresh" : 106, "consensus" : "Both a sobering look at a true crime story and a scathing indictment of the American justice system, West of Memphis is a real-life horror story told with fury and compassion.", "userMeter" : 87, "userRating" : 4.1, "userReviews" : 8482 }, "metacritic" : 80, "awards" : { "wins" : 0, "nominations" : 9, "text" : "Nominated for 1 BAFTA Film Award. Another 9 nominations." }, "type" : "movie" }
{ "_id" : ObjectId("569190cc24de1e0ce2dfcd59"), "title" : "Star Wars: Episode IV - A New Hope", "year" : 1977, "rated" : "PG", "released" : ISODate("1977-05-25T04:00:00Z"), "runtime" : 121, "countries" : [ "USA" ], "genres" : [ "Action", "Adventure", "Fantasy" ], "director" : "George Lucas", "writers" : [ "George Lucas" ], "actors" : [ "Mark Hamill", "Harrison Ford", "Carrie Fisher", "Peter Cushing" ], "plot" : "Luke Skywalker joins forces with a Jedi Knight, a cocky pilot, a wookiee and two droids to save the universe from the Empire's world-destroying battle-station, while also attempting to rescue Princess Leia from the evil Darth Vader.", "poster" : "http://ia.media-imdb.com/images/M/MV5BMTU4NTczODkwM15BMl5BanBnXkFtZTcwMzEyMTIyMw@@._V1_SX300.jpg", "imdb" : { "id" : "tt0076759", "rating" : 8.7, "votes" : 822849 }, "tomato" : { "meter" : 94, "image" : "certified", "rating" : 8.5, "reviews" : 99, "fresh" : 93, "consensus" : "A legendarily expansive and ambitious start to the sci-fi saga, George Lucas opened our eyes to the possibilities of blockbuster filmmaking and things have never been the same.", "userMeter" : 96, "userRating" : 4.1, "userReviews" : 851120 }, "metacritic" : 92, "awards" : { "wins" : 38, "nominations" : 27, "text" : "Won 6 Oscars. Another 38 wins & 27 nominations." }, "type" : "movie" }
{ "_id" : ObjectId("569190cc24de1e0ce2dfcd5a"), "title" : "Star Wars: Episode V - The Empire Strikes Back", "year" : 1980, "rated" : "PG", "released" : ISODate("1980-06-20T04:00:00Z"), "runtime" : 124, "countries" : [ "USA" ], "genres" : [ "Action", "Adventure", "Fantasy" ], "director" : "Irvin Kershner", "writers" : [ "Leigh Brackett", "Lawrence Kasdan", "George Lucas" ], "actors" : [ "Mark Hamill", "Harrison Ford", "Carrie Fisher", "Billy Dee Williams" ], "plot" : "After the rebels have been brutally overpowered by the Empire on their newly established base, Luke Skywalker takes advanced Jedi training with Master Yoda, while his friends are pursued by Darth Vader as part of his plan to capture Luke.", "poster" : "http://ia.media-imdb.com/images/M/MV5BMjE2MzQwMTgxN15BMl5BanBnXkFtZTcwMDQzNjk2OQ@@._V1_SX300.jpg", "imdb" : { "id" : "tt0080684", "rating" : 8.8, "votes" : 739949 }, "tomato" : { "meter" : 94, "image" : "certified", "rating" : 8.9, "reviews" : 87, "fresh" : 82, "consensus" : "Dark, sinister, but ultimately even more involving than A New Hope, The Empire Strikes Back defies viewer expectations and takes the series to heightened emotional levels.", "userMeter" : 97, "userRating" : 4.1, "userReviews" : 1045537 }, "metacritic" : 79, "awards" : { "wins" : 15, "nominations" : 17, "text" : "Won 1 Oscar. Another 15 wins & 17 nominations." }, "type" : "movie" }
{ "_id" : ObjectId("569190cc24de1e0ce2dfcd5b"), "title" : "Star Wars: Episode VI - Return of the Jedi", "year" : 1983, "rated" : "PG", "released" : ISODate("1983-05-25T04:00:00Z"), "runtime" : 131, "countries" : [ "USA" ], "genres" : [ "Action", "Adventure", "Fantasy" ], "director" : "Richard Marquand", "writers" : [ "Lawrence Kasdan", "George Lucas", "George Lucas" ], "actors" : [ "Mark Hamill", "Harrison Ford", "Carrie Fisher", "Billy Dee Williams" ], "plot" : "After rescuing Han Solo from the palace of Jabba the Hutt, the rebels attempt to destroy the second Death Star, while Luke struggles to make Vader return from the dark side of the Force.", "poster" : "http://ia.media-imdb.com/images/M/MV5BMTQ0MzI1NjYwOF5BMl5BanBnXkFtZTgwODU3NDU2MTE@._V1._CR93,97,1209,1861_SX89_AL_.jpg_V1_SX300.jpg", "imdb" : { "id" : "tt0086190", "rating" : 8.4, "votes" : 623252 }, "tomato" : { "meter" : 80, "image" : "certified", "rating" : 7.2, "reviews" : 84, "fresh" : 67, "consensus" : "Though failing to reach the cinematic heights of its predecessors, Return of the Jedi remains an entertaining sci-fi adventure and a fitting end to the classic trilogy.", "userMeter" : 94, "userRating" : 4, "userReviews" : 1003937 }, "metacritic" : 52, "awards" : { "wins" : 15, "nominations" : 15, "text" : "Nominated for 4 Oscars. Another 15 wins & 15 nominations." }, "type" : "movie" }
{ "_id" : ObjectId("569190cd24de1e0ce2dfcd5d"), "title" : "Star Wars: Episode III - Revenge of the Sith", "year" : 2005, "rated" : "PG-13", "released" : ISODate("2005-05-19T04:00:00Z"), "runtime" : 140, "countries" : [ "USA" ], "genres" : [ "Action", "Adventure", "Fantasy" ], "director" : "George Lucas", "writers" : [ "George Lucas" ], "actors" : [ "Ewan McGregor", "Natalie Portman", "Hayden Christensen", "Ian McDiarmid" ], "plot" : "Three years after the onset of the Clone Wars; the noble Jedi Knights are spread out across the galaxy leading a massive clone army in the war against the Separatists. After Chancellor ...", "poster" : "http://ia.media-imdb.com/images/M/MV5BNTc4MTc3NTQ5OF5BMl5BanBnXkFtZTcwOTg0NjI4NA@@._V1_SX300.jpg", "imdb" : { "id" : "tt0121766", "rating" : 7.6, "votes" : 483613 }, "tomato" : { "meter" : 79, "image" : "certified", "rating" : 7.3, "reviews" : 282, "fresh" : 222, "consensus" : "With Episode III: Revenge of the Sith, George Lucas brings his second Star Wars trilogy to a suitably thrilling and often poignant -- if still a bit uneven -- conclusion.", "userMeter" : 65, "userRating" : 3.1, "userReviews" : 33674396 }, "metacritic" : 68, "awards" : { "wins" : 21, "nominations" : 49, "text" : "Nominated for 1 Oscar. Another 21 wins & 49 nominations." }, "type" : "movie" }
{ "_id" : ObjectId("569190cd24de1e0ce2dfcd5e"), "title" : "Star Trek", "year" : 2009, "rated" : "PG-13", "released" : ISODate("2009-05-08T04:00:00Z"), "runtime" : 127, "countries" : [ "USA", "Germany" ], "genres" : [ "Action", "Adventure", "Sci-Fi" ], "director" : "J.J. Abrams", "writers" : [ "Roberto Orci", "Alex Kurtzman", "Gene Roddenberry" ], "actors" : [ "Chris Pine", "Zachary Quinto", "Leonard Nimoy", "Eric Bana" ], "plot" : "The brash James T. Kirk tries to live up to his father's legacy with Mr. Spock keeping him in check as a vengeful, time-traveling Romulan creates black holes to destroy the Federation one planet at a time.", "poster" : "http://ia.media-imdb.com/images/M/MV5BMjE5NDQ5OTE4Ml5BMl5BanBnXkFtZTcwOTE3NDIzMw@@._V1_SX300.jpg", "imdb" : { "id" : "tt0796366", "rating" : 8, "votes" : 483229 }, "tomato" : { "meter" : 95, "image" : "certified", "rating" : 8.2, "reviews" : 329, "fresh" : 312, "consensus" : "Star Trek reignites a classic franchise with action, humor, a strong story, and brilliant visuals, and will please traditional Trekkies and new fans alike.", "userMeter" : 91, "userRating" : 4.1, "userReviews" : 743375 }, "metacritic" : 82, "awards" : { "wins" : 22, "nominations" : 77, "text" : "Won 1 Oscar. Another 22 wins & 77 nominations." }, "type" : "movie" }
{ "_id" : ObjectId("569190cd24de1e0ce2dfcd5f"), "title" : "Star Wars: Episode II - Attack of the Clones", "year" : 2002, "rated" : "PG", "released" : ISODate("2002-05-16T04:00:00Z"), "runtime" : 142, "countries" : [ "USA" ], "genres" : [ "Action", "Adventure", "Fantasy" ], "director" : "George Lucas", "writers" : [ "George Lucas", "Jonathan Hales", "George Lucas" ], "actors" : [ "Ewan McGregor", "Natalie Portman", "Hayden Christensen", "Christopher Lee" ], "plot" : "Ten years after initially meeting, Anakin Skywalker shares a forbidden romance with Padmé, while Obi-Wan investigates an assassination attempt on the Senator and discovers a secret clone army crafted for the Jedi.", "poster" : "http://ia.media-imdb.com/images/M/MV5BMTY5MjI5NTIwNl5BMl5BanBnXkFtZTYwMTM1Njg2._V1_SX300.jpg", "imdb" : { "id" : "tt0121765", "rating" : 6.7, "votes" : 425728 }, "tomato" : { "meter" : 66, "image" : "fresh", "rating" : 6.7, "reviews" : 242, "fresh" : 159, "consensus" : "Star Wars Episode II: Attack of the Clones benefits from an increased emphasis on thrilling action, although they're once again undercut by ponderous plot points and underdeveloped characters.", "userMeter" : 58, "userRating" : 3.3, "userReviews" : 844634 }, "metacritic" : 54, "awards" : { "wins" : 13, "nominations" : 47, "text" : "Nominated for 1 Oscar. Another 13 wins & 47 nominations." }, "type" : "movie" }
{ "_id" : ObjectId("569190cd24de1e0ce2dfcd60"), "title" : "Star Trek Into Darkness", "year" : 2013, "rated" : "PG-13", "released" : ISODate("2013-05-16T04:00:00Z"), "runtime" : 132, "countries" : [ "USA" ], "genres" : [ "Action", "Adventure", "Sci-Fi" ], "director" : "J.J. Abrams", "writers" : [ "Roberto Orci", "Alex Kurtzman", "Damon Lindelof", "Gene Roddenberry" ], "actors" : [ "Chris Pine", "Zachary Quinto", "Zoe Saldana", "Karl Urban" ], "plot" : "After the crew of the Enterprise find an unstoppable force of terror from within their own organization, Captain Kirk leads a manhunt to a war-zone world to capture a one-man weapon of mass destruction.", "poster" : "http://ia.media-imdb.com/images/M/MV5BMTk2NzczOTgxNF5BMl5BanBnXkFtZTcwODQ5ODczOQ@@._V1_SX300.jpg", "imdb" : { "id" : "tt1408101", "rating" : 7.8, "votes" : 370638 }, "tomato" : { "meter" : 87, "image" : "certified", "rating" : 7.6, "reviews" : 250, "fresh" : 217, "consensus" : "Visually spectacular and suitably action packed, Star Trek Into Darkness is a rock-solid installment in the venerable sci-fi franchise, even if it's not as fresh as its predecessor.", "userMeter" : 90, "userRating" : 4.2, "userReviews" : 309531 }, "metacritic" : 72, "awards" : { "wins" : 6, "nominations" : 44, "text" : "Nominated for 1 Oscar. Another 6 wins & 44 nominations." }, "type" : "movie" }
{ "_id" : ObjectId("569190cd24de1e0ce2dfcd61"), "title" : "Star Trek: First Contact", "year" : 1996, "rated" : "PG-13", "released" : ISODate("1996-11-22T05:00:00Z"), "runtime" : 111, "countries" : [ "USA" ], "genres" : [ "Action", "Adventure", "Sci-Fi" ], "director" : "Jonathan Frakes", "writers" : [ "Gene Roddenberry", "Rick Berman", "Brannon Braga", "Ronald D. Moore", "Brannon Braga", "Ronald D. Moore" ], "actors" : [ "Patrick Stewart", "Jonathan Frakes", "Brent Spiner", "LeVar Burton" ], "plot" : "The Borg go back in time intent on preventing Earth's first contact with an alien species. Captain Picard and his crew pursue them to ensure that Zefram Cochrane makes his maiden flight reaching warp speed.", "poster" : "http://ia.media-imdb.com/images/M/MV5BMTg4OTYwODY4MF5BMl5BanBnXkFtZTgwNTg2NjIyMDE@._V1_SX300.jpg", "imdb" : { "id" : "tt0117731", "rating" : 7.6, "votes" : 94153 }, "tomato" : { "meter" : 93, "image" : "certified", "rating" : 7.4, "reviews" : 55, "fresh" : 51, "consensus" : "While fans of the series will surely appreciate it, First Contact is exciting, engaging, and visually appealing enough to entertain Star Trek novices.", "userMeter" : 89, "userRating" : 3.6, "userReviews" : 99646 }, "metacritic" : 71, "awards" : { "wins" : 8, "nominations" : 19, "text" : "Nominated for 1 Oscar. Another 8 wins & 19 nominations." }, "type" : "movie" }
{ "_id" : ObjectId("569190cd24de1e0ce2dfcd62"), "title" : "Star Trek II: The Wrath of Khan", "year" : 1982, "rated" : "PG", "released" : ISODate("1982-06-04T04:00:00Z"), "runtime" : 113, "countries" : [ "USA" ], "genres" : [ "Action", "Adventure", "Drama" ], "director" : "Nicholas Meyer", "writers" : [ "Gene Roddenberry", "Harve Bennett", "Jack B. Sowards", "Jack B. Sowards" ], "actors" : [ "William Shatner", "Leonard Nimoy", "DeForest Kelley", "James Doohan" ], "plot" : "With the assistance of the Enterprise crew, Admiral Kirk must stop an old nemesis, Khan Noonien Singh, from using the life-generating Genesis Device as the ultimate weapon.", "poster" : "http://ia.media-imdb.com/images/M/MV5BMTcwNjc5NjA4N15BMl5BanBnXkFtZTcwNDk5MzI4OA@@._V1_SX300.jpg", "imdb" : { "id" : "tt0084726", "rating" : 7.7, "votes" : 86687 }, "tomato" : { "meter" : 88, "image" : "certified", "rating" : 8, "reviews" : 49, "fresh" : 43, "consensus" : "Considered by many fans to be the best of the Star Trek movies, Khan features a strong plot, increased tension, and a sharp supporting performance from Ricardo Montalban.", "userMeter" : 90, "userRating" : 3.8, "userReviews" : 84279 }, "metacritic" : 71, "awards" : { "wins" : 2, "nominations" : 9, "text" : "2 wins & 9 nominations." }, "type" : "movie" }
{ "_id" : ObjectId("569190cd24de1e0ce2dfcd63"), "title" : "Dr. Strangelove or: How I Learned to Stop Worrying and Love the Bomb", "year" : 1964, "rated" : "PG", "released" : ISODate("1964-01-29T05:00:00Z"), "runtime" : 95, "countries" : [ "USA", "UK" ], "genres" : [ "Comedy" ], "director" : "Stanley Kubrick", "writers" : [ "Stanley Kubrick", "Terry Southern", "Peter George", "Peter George" ], "actors" : [ "Peter Sellers", "George C. Scott", "Sterling Hayden", "Keenan Wynn" ], "plot" : "An insane general triggers a path to nuclear holocaust that a war room full of politicians and generals frantically try to stop.", "poster" : "http://ia.media-imdb.com/images/M/MV5BMTU2ODM2NTkxNF5BMl5BanBnXkFtZTcwOTMwMzU3Mg@@._V1_SX300.jpg", "imdb" : { "id" : "tt0057012", "rating" : 8.5, "votes" : 323857 }, "tomato" : { "meter" : 99, "image" : "certified", "rating" : 9, "reviews" : 68, "fresh" : 67, "consensus" : "Stanley Kubrick's brilliant Cold War satire remains as funny and razor-sharp today as it was in 1964.", "userMeter" : 94, "userRating" : 4.2, "userReviews" : 206480 }, "metacritic" : 96, "awards" : { "wins" : 13, "nominations" : 6, "text" : "Nominated for 4 Oscars. Another 13 wins & 6 nominations." }, "type" : "movie" }
{ "_id" : ObjectId("569190cd24de1e0ce2dfcd64"), "title" : "Love Actually", "year" : 2003, "rated" : "R", "released" : ISODate("2003-11-14T05:00:00Z"), "runtime" : 135, "countries" : [ "UK", "USA", "France" ], "genres" : [ "Comedy", "Drama", "Romance" ], "director" : "Richard Curtis", "writers" : [ "Richard Curtis" ], "actors" : [ "Bill Nighy", "Gregor Fisher", "Rory MacGregor", "Colin Firth" ], "plot" : "Follows the lives of eight very different couples in dealing with their love lives in various loosely interrelated tales all set during a frantic month before Christmas in London, England.", "poster" : "http://ia.media-imdb.com/images/M/MV5BMTY4NjQ5NDc0Nl5BMl5BanBnXkFtZTYwNjk5NDM3._V1_SX300.jpg", "imdb" : { "id" : "tt0314331", "rating" : 7.7, "votes" : 306036 }, "tomato" : { "meter" : 63, "image" : "fresh", "rating" : 6.4, "reviews" : 192, "fresh" : 120, "consensus" : "A sugary tale overstuffed with too many stories. Still, the cast charms.", "userMeter" : 72, "userRating" : 3.1, "userReviews" : 31625241 }, "metacritic" : 55, "awards" : { "wins" : 10, "nominations" : 24, "text" : "Nominated for 2 Golden Globes. Another 10 wins & 24 nominations." }, "type" : "movie" }
{ "_id" : ObjectId("569190cd24de1e0ce2dfcd65"), "title" : "Shakespeare in Love", "year" : 1998, "rated" : "R", "released" : ISODate("1999-01-08T05:00:00Z"), "runtime" : 123, "countries" : [ "USA" ], "genres" : [ "Comedy", "Drama", "Romance" ], "director" : "John Madden", "writers" : [ "Marc Norman", "Tom Stoppard" ], "actors" : [ "Geoffrey Rush", "Tom Wilkinson", "Steven O'Donnell", "Tim McMullan" ], "plot" : "A young Shakespeare, out of ideas and short of cash, meets his ideal woman and is inspired to write one of his most famous plays.", "poster" : "http://ia.media-imdb.com/images/M/MV5BMTc0ODI2NDk2OV5BMl5BanBnXkFtZTcwNTIzNDQ4OQ@@._V1_SX300.jpg", "imdb" : { "id" : "tt0138097", "rating" : 7.2, "votes" : 167371 }, "tomato" : { "meter" : 92, "image" : "certified", "rating" : 8.3, "reviews" : 125, "fresh" : 115, "consensus" : "Endlessly witty, visually rapturous, and sweetly romantic, Shakespeare in Love is a delightful romantic comedy that succeeds on nearly every level.", "userMeter" : 80, "userRating" : 3.4, "userReviews" : 225871 }, "metacritic" : 87, "awards" : { "wins" : 55, "nominations" : 85, "text" : "Won 7 Oscars. Another 55 wins & 85 nominations." }, "type" : "movie" }
{ "_id" : ObjectId("569190cd24de1e0ce2dfcd66"), "title" : "I Love You, Man", "year" : 2009, "rated" : "R", "released" : ISODate("2009-03-20T04:00:00Z"), "runtime" : 105, "countries" : [ "USA" ], "genres" : [ "Comedy", "Romance" ], "director" : "John Hamburg", "writers" : [ "John Hamburg", "Larry Levin", "Larry Levin" ], "actors" : [ "Paul Rudd", "Rashida Jones", "Sarah Burns", "Greg Levine" ], "plot" : "Friendless Peter Klaven goes on a series of man-dates to find a Best Man for his wedding. But, when his insta-bond with his new B.F.F. puts a strain on his relationship with his fiancée, can the trio learn to live happily ever after?", "poster" : "http://ia.media-imdb.com/images/M/MV5BMTU4MjI5NTEyNV5BMl5BanBnXkFtZTcwNjQ1NTMzMg@@._V1_SX300.jpg", "imdb" : { "id" : "tt1155056", "rating" : 7.1, "votes" : 160540 }, "tomato" : { "meter" : 84, "image" : "certified", "rating" : 6.9, "reviews" : 200, "fresh" : 167, "consensus" : "I Love You, Man makes the most of its simple premise due to the heartfelt and hilarious performances of Paul Rudd and Jason Segel.", "userMeter" : 74, "userRating" : 2.7, "userReviews" : 1550369 }, "metacritic" : 70, "awards" : { "wins" : 1, "nominations" : 8, "text" : "1 win & 8 nominations." }, "type" : "movie" }
{ "_id" : ObjectId("569190ce24de1e0ce2dfcd68"), "title" : "Love & Other Drugs", "year" : 2010, "rated" : "R", "released" : ISODate("2010-11-24T05:00:00Z"), "runtime" : 112, "countries" : [ "USA" ], "genres" : [ "Comedy", "Drama", "Romance" ], "director" : "Edward Zwick", "writers" : [ "Charles Randolph", "Edward Zwick", "Marshall Herskovitz", "Jamie Reidy" ], "actors" : [ "Jake Gyllenhaal", "Anne Hathaway", "Oliver Platt", "Hank Azaria" ], "plot" : "A young woman suffering from Parkinson's befriends a drug rep working for Pfizer in 1990s Pittsburgh.", "poster" : "http://ia.media-imdb.com/images/M/MV5BMTgxOTczODEyMF5BMl5BanBnXkFtZTcwMDc0NDY4Mw@@._V1_SX300.jpg", "imdb" : { "id" : "tt0758752", "rating" : 6.7, "votes" : 134363 }, "tomato" : { "meter" : 49, "image" : "rotten", "rating" : 5.8, "reviews" : 160, "fresh" : 78, "consensus" : "It's a pleasure to see Hollywood produce a romance this refreshingly adult, but Love and Other Drugs struggles to find a balance between its disparate plot elements.", "userMeter" : 53, "userRating" : 3.3, "userReviews" : 73737 }, "metacritic" : 55, "awards" : { "wins" : 1, "nominations" : 5, "text" : "Nominated for 2 Golden Globes. Another 1 win & 5 nominations." }, "type" : "movie" }
Type "it" for more
> db.movieDetails.find({"tomato.meter":{$exists:false}})
{ "_id" : ObjectId("569190cb24de1e0ce2dfcd52"), "title" : "West Side Story", "year" : 1961, "rated" : "UNRATED", "released" : ISODate("1961-12-23T05:00:00Z"), "runtime" : 152, "countries" : [ "USA" ], "genres" : [ "Crime", "Drama", "Musical" ], "director" : "Jerome Robbins, Robert Wise", "writers" : [ "Ernest Lehman", "Arthur Laurents", "Jerome Robbins" ], "actors" : [ "Natalie Wood", "Richard Beymer", "Russ Tamblyn", "Rita Moreno" ], "plot" : "Two youngsters from rival New York City gangs fall in love, but tensions between their respective friends build toward tragedy.", "poster" : "http://ia.media-imdb.com/images/M/MV5BMTM0NDAxOTI5MF5BMl5BanBnXkFtZTcwNjI4Mjg3NA@@._V1_SX300.jpg", "imdb" : { "id" : "tt0055614", "rating" : 7.6, "votes" : 67824 }, "awards" : { "wins" : 18, "nominations" : 11, "text" : "Won 10 Oscars. Another 18 wins & 11 nominations." }, "type" : "movie" }
{ "_id" : ObjectId("5692a23f24de1e0ce2dfd692"), "title" : "Tora pou fevgo ap' ti zoi", "year" : 1966, "rated" : null, "released" : null, "runtime" : 81, "countries" : [ "Greece" ], "genres" : [ "Drama" ], "director" : "Odysseas Kosteletos", "writers" : [ "Akis Faras" ], "actors" : [ "Martha Vourtsi", "Giorgos Kabanellis", "Manos Katrakis", "Lavrentis Dianellos" ], "plot" : null, "poster" : null, "imdb" : { "id" : "tt0145533", "rating" : 5.8, "votes" : 52 }, "awards" : { "wins" : 0, "nominations" : 0, "text" : "" }, "type" : "movie" }
{ "_id" : ObjectId("569190cb24de1e0ce2dfcd54"), "title" : "An American Tail: Fievel Goes West", "year" : 1991, "rated" : "G", "released" : ISODate("1991-11-22T05:00:00Z"), "runtime" : 75, "countries" : [ "USA" ], "genres" : [ "Animation", "Adventure", "Family" ], "director" : "Phil Nibbelink, Simon Wells", "writers" : [ "Flint Dille", "Charles Swenson", "David Kirschner" ], "actors" : [ "Phillip Glasser", "James Stewart", "Erica Yohn", "Cathy Cavadini" ], "plot" : "A family of Emigre mice decide to move out to the west, unaware that they are falling into a trap perpetrated by a smooth talking cat.", "poster" : "http://ia.media-imdb.com/images/M/MV5BMTYzODMxNTUyNF5BMl5BanBnXkFtZTcwMTAwMzQyMQ@@._V1_SX300.jpg", "imdb" : { "id" : "tt0101329", "rating" : 6.4, "votes" : 16013 }, "awards" : { "wins" : 0, "nominations" : 0, "text" : "" }, "type" : "movie" }
{ "_id" : ObjectId("569190cc24de1e0ce2dfcd55"), "title" : "Red Rock West", "year" : 1993, "rated" : "R", "released" : ISODate("1993-05-14T04:00:00Z"), "runtime" : 98, "countries" : [ "USA" ], "genres" : [ "Crime", "Drama", "Thriller" ], "director" : "John Dahl", "writers" : [ "John Dahl", "Rick Dahl" ], "actors" : [ "Nicolas Cage", "Dennis Hopper", "Lara Flynn Boyle", "J.T. Walsh" ], "plot" : "When a promised job for Texan Michael fails to materialise in Wyoming, Mike is mistaken by Wayne to be the hitman he hired to kill his unfaithful wife, Suzanne. Mike takes full advantage of...", "poster" : "http://ia.media-imdb.com/images/M/MV5BMTk0Mjg4OTc3OF5BMl5BanBnXkFtZTYwNzgzOTg5._V1_SX300.jpg", "imdb" : { "id" : "tt0105226", "rating" : 7, "votes" : 15007 }, "awards" : { "wins" : 0, "nominations" : 3, "text" : "3 nominations." }, "type" : "movie" }
{ "_id" : ObjectId("569190cc24de1e0ce2dfcd56"), "title" : "How the West Was Won", "year" : 1962, "rated" : "APPROVED", "released" : ISODate("1963-02-20T05:00:00Z"), "runtime" : 164, "countries" : [ "USA" ], "genres" : [ "Western" ], "director" : "John Ford, Henry Hathaway, George Marshall, Richard Thorpe", "writers" : [ "James R. Webb" ], "actors" : [ "Carroll Baker", "Lee J. Cobb", "Henry Fonda", "Carolyn Jones" ], "plot" : "A family saga covering several decades of Westward expansion in the nineteenth century--including the Gold Rush, the Civil War, and the building of the railroads.", "poster" : "http://ia.media-imdb.com/images/M/MV5BNTk2NDk1NjY0MV5BMl5BanBnXkFtZTgwMzkzNTcxMTE@._V1_SX300.jpg", "imdb" : { "id" : "tt0056085", "rating" : 7.1, "votes" : 13640 }, "awards" : { "wins" : 7, "nominations" : 5, "text" : "Won 3 Oscars. Another 7 wins & 5 nominations." }, "type" : "movie" }
{ "_id" : ObjectId("569190cc24de1e0ce2dfcd5c"), "title" : "Star Wars: Episode I - The Phantom Menace", "year" : 1999, "rated" : "PG", "released" : ISODate("1999-05-19T04:00:00Z"), "runtime" : 136, "countries" : [ "USA" ], "genres" : [ "Action", "Adventure", "Fantasy" ], "director" : "George Lucas", "writers" : [ "George Lucas" ], "actors" : [ "Liam Neeson", "Ewan McGregor", "Natalie Portman", "Jake Lloyd" ], "plot" : "Two Jedi Knights escape a hostile blockade to find allies and come across a young boy who may bring balance to the Force, but the long dormant Sith resurface to reclaim their old glory.", "poster" : "http://ia.media-imdb.com/images/M/MV5BMTQ4NjEwNDA2Nl5BMl5BanBnXkFtZTcwNDUyNDQzNw@@._V1_SX300.jpg", "imdb" : { "id" : "tt0120915", "rating" : 6.5, "votes" : 494267 }, "tomato" : null, "metacritic" : 51, "awards" : { "wins" : 17, "nominations" : 59, "text" : "Nominated for 3 Oscars. Another 17 wins & 59 nominations." }, "type" : "movie" }
{ "_id" : ObjectId("569190ce24de1e0ce2dfcd67"), "title" : "P.S. I Love You", "year" : 2007, "rated" : "PG-13", "released" : ISODate("2007-12-21T05:00:00Z"), "runtime" : 126, "countries" : [ "USA" ], "genres" : [ "Drama", "Romance" ], "director" : "Richard LaGravenese", "writers" : [ "Richard LaGravenese", "Steven Rogers", "Cecelia Ahern" ], "actors" : [ "Hilary Swank", "Gerard Butler", "Lisa Kudrow", "Gina Gershon" ], "plot" : "A young widow discovers that her late husband has left her 10 messages intended to help ease her pain and start a new life.", "poster" : "http://ia.media-imdb.com/images/M/MV5BNTg2MDg4MjI5NV5BMl5BanBnXkFtZTcwMzQ0MDczMw@@._V1_SX300.jpg", "imdb" : { "id" : "tt0431308", "rating" : 7.1, "votes" : 158007 }, "tomato" : null, "metacritic" : 39, "awards" : { "wins" : 2, "nominations" : 4, "text" : "2 wins & 4 nominations." }, "type" : "movie" }
{ "_id" : ObjectId("5692a14724de1e0ce2dfcf17"), "title" : "Bollywood Bound", "year" : 2003, "rated" : null, "released" : ISODate("2003-01-14T05:00:00Z"), "runtime" : 88, "countries" : [ "Canada" ], "genres" : [ "Documentary" ], "director" : "Nisha Pahuja", "writers" : [ ], "actors" : [ "Neeru Bajwa", "Ruby Bhatia", "Vekeana Dhillon", "Vikram Dhillon" ], "plot" : null, "poster" : null, "imdb" : { "id" : "tt0296535", "rating" : 7.9, "votes" : 897 }, "awards" : { "wins" : 0, "nominations" : 0, "text" : "" }, "type" : "movie" }
{ "_id" : ObjectId("569190ce24de1e0ce2dfcd6b"), "title" : "From Russia with Love", "year" : 1963, "rated" : "APPROVED", "released" : ISODate("1964-05-27T04:00:00Z"), "runtime" : 115, "countries" : [ "UK", "USA" ], "genres" : [ "Action", "Adventure", "Thriller" ], "director" : "Terence Young", "writers" : [ "Richard Maibaum", "Johanna Harwood" ], "actors" : [ "Sean Connery", "Daniela Bianchi", "Pedro Armendáriz", "Lotte Lenya" ], "plot" : "James Bond willingly falls into an assassination ploy involving a naive Russian beauty in order to retrieve a Soviet encryption device that was stolen by SPECTRE.", "poster" : "http://ia.media-imdb.com/images/M/MV5BMTQxNTIzMTExN15BMl5BanBnXkFtZTcwODI4MDgzNA@@._V1_SX300.jpg", "imdb" : { "id" : "tt0057076", "rating" : 7.5, "votes" : 84828 }, "awards" : { "wins" : 2, "nominations" : 5, "text" : "Nominated for 1 Golden Globe. Another 2 wins & 5 nominations." }, "type" : "movie" }
{ "_id" : ObjectId("569190cf24de1e0ce2dfcd72"), "title" : "Plan 9 from Outer Space", "year" : 1959, "rated" : "UNRATED", "released" : ISODate("1959-07-22T04:00:00Z"), "runtime" : 79, "countries" : [ "USA" ], "genres" : [ "Horror", "Sci-Fi" ], "director" : "Edward D. Wood Jr.", "writers" : [ "Edward D. Wood Jr." ], "actors" : [ "Gregory Walcott", "Mona McKinnon", "Duke Moore", "Tom Keene" ], "plot" : "Aliens resurrect dead humans as zombies and vampires to stop humanity from creating the Solaranite (a sort of sun-driven bomb).", "poster" : "http://ia.media-imdb.com/images/M/MV5BMzUzMzA0NDE3MF5BMl5BanBnXkFtZTgwMzg1Mjc1MDE@._V1_SX300.jpg", "imdb" : { "id" : "tt0052077", "rating" : 4, "votes" : 29171 }, "awards" : { "wins" : 0, "nominations" : 0, "text" : "" }, "type" : "movie" }
{ "_id" : ObjectId("569190cf24de1e0ce2dfcd73"), "title" : "Muppets from Space", "year" : 1999, "rated" : "G", "released" : ISODate("1999-07-14T04:00:00Z"), "runtime" : 87, "countries" : [ "USA" ], "genres" : [ "Adventure", "Comedy", "Family" ], "director" : "Tim Hill", "writers" : [ "Jerry Juhl", "Joey Mazzarino", "Ken Kaufman" ], "actors" : [ "Dave Goelz", "Steve Whitmire", "Bill Barretta", "Jerry Nelson" ], "plot" : "Gonzo is contacted by his alien family through his breakfast cereal. He is kidnapped and it's up to Kermit and the gang to rescue Gonzo and help reunite him with his long-lost family.", "poster" : "http://ia.media-imdb.com/images/M/MV5BMTgwNDE0NDM1M15BMl5BanBnXkFtZTcwNDg4MzkxMQ@@._V1_SX300.jpg", "imdb" : { "id" : "tt0158811", "rating" : 6.2, "votes" : 14105 }, "awards" : { "wins" : 0, "nominations" : 1, "text" : "1 nomination." }, "type" : "movie" }
{ "_id" : ObjectId("569190cf24de1e0ce2dfcd74"), "title" : "Turks in Space", "year" : 2006, "rated" : null, "released" : ISODate("2006-12-15T05:00:00Z"), "runtime" : 110, "countries" : [ "Turkey" ], "genres" : [ "Action", "Comedy", "Sci-Fi" ], "director" : "Kartal Tibet", "writers" : [ "Murat Boyacioglu" ], "actors" : [ "Cüneyt Arkin", "Haldun Boysan", "Berda Ceyhan", "Veysel Diker" ], "plot" : "A family of Turks try to adapt to life in a new solar system.", "poster" : "http://ia.media-imdb.com/images/M/MV5BMTYwOTMwODIxNF5BMl5BanBnXkFtZTcwMjc0NzA0MQ@@._V1_SX300.jpg", "imdb" : { "id" : "tt0808240", "rating" : 1.9, "votes" : 12638 }, "awards" : { "wins" : 0, "nominations" : 0, "text" : "" }, "type" : "movie" }
{ "_id" : ObjectId("569190cf24de1e0ce2dfcd75"), "title" : "2001: A Space Travesty", "year" : 2000, "rated" : "R", "released" : ISODate("2001-09-07T04:00:00Z"), "runtime" : 99, "countries" : [ "Canada", "Germany" ], "genres" : [ "Comedy", "Sci-Fi" ], "director" : "Allan A. Goldstein", "writers" : [ "Vince Di Clemente", "Alan Shearman" ], "actors" : [ "Leslie Nielsen", "Ophélie Winter", "Ezio Greggio", "Peter Egan" ], "plot" : "Leslie Nielsen once again plays a bumbling detective in the vein of the 'Naked Gun' movies, but this time as Marshall Richard 'Dick' Dix. When odd reports are received through official ...", "poster" : "http://ia.media-imdb.com/images/M/MV5BMTA5NTk1NTc3MjJeQTJeQWpwZ15BbWU3MDkxNTMyMjE@._V1_SX300.jpg", "imdb" : { "id" : "tt0157262", "rating" : 3.3, "votes" : 9321 }, "awards" : { "wins" : 0, "nominations" : 0, "text" : "" }, "type" : "movie" }
{ "_id" : ObjectId("569190d024de1e0ce2dfcd7b"), "title" : "Adventures in Babysitting", "year" : 1987, "rated" : "PG-13", "released" : ISODate("1987-07-03T04:00:00Z"), "runtime" : 102, "countries" : [ "USA" ], "genres" : [ "Action", "Adventure", "Comedy" ], "director" : "Chris Columbus", "writers" : [ "David Simkins" ], "actors" : [ "Elisabeth Shue", "Maia Brewton", "Keith Coogan", "Anthony Rapp" ], "plot" : "Chris Parker agrees to babysit after her \"dread\" date stands her up. Expecting a dull evening, Chris settles down with three kids for a night of TV... and boredom. But when her frantic ...", "poster" : "http://ia.media-imdb.com/images/M/MV5BMTI4NzY3Njg4Nl5BMl5BanBnXkFtZTYwNzM3ODE5._V1_SX300.jpg", "imdb" : { "id" : "tt0092513", "rating" : 6.8, "votes" : 26195 }, "awards" : { "wins" : 2, "nominations" : 4, "text" : "2 wins & 4 nominations." }, "type" : "movie" }
{ "_id" : ObjectId("569190d024de1e0ce2dfcd7c"), "title" : "The Many Adventures of Winnie the Pooh", "year" : 1977, "rated" : "G", "released" : ISODate("1977-03-11T05:00:00Z"), "runtime" : 74, "countries" : [ "USA" ], "genres" : [ "Animation", "Family", "Musical" ], "director" : "John Lounsbery, Wolfgang Reitherman", "writers" : [ "A.A. Milne", "Larry Clemmons", "Ralph Wright", "Vance Gerry", "Xavier Atencio", "Ken Anderson", "Julius Svendsen", "Ted Berman", "Eric Cleworth", "Winston Hibler" ], "actors" : [ "Sebastian Cabot", "Junius Matthews", "Barbara Luddy", "Howard Morris" ], "plot" : "A collection of animated shorts based on the stories and characters by A. A. Milne.", "poster" : "http://ia.media-imdb.com/images/M/MV5BMTY3OTkyMzYwNV5BMl5BanBnXkFtZTcwMzkzODU0MQ@@._V1_SX300.jpg", "imdb" : { "id" : "tt0076363", "rating" : 7.6, "votes" : 22830 }, "awards" : { "wins" : 0, "nominations" : 1, "text" : "1 nomination." }, "type" : "movie" }
{ "_id" : ObjectId("569190d024de1e0ce2dfcd7e"), "title" : "The Adventures of Buckaroo Banzai Across the 8th Dimension", "year" : 1984, "rated" : "PG", "released" : ISODate("1984-08-10T04:00:00Z"), "runtime" : 103, "countries" : [ "USA" ], "genres" : [ "Adventure", "Comedy", "Romance" ], "director" : "W.D. Richter", "writers" : [ "Earl Mac Rauch" ], "actors" : [ "Peter Weller", "John Lithgow", "Ellen Barkin", "Jeff Goldblum" ], "plot" : "Adventurer/surgeon/rock musician Buckaroo Banzai and his band of men, the Hong Kong Cavaliers, take on evil alien invaders from the 8th dimension.", "poster" : "http://ia.media-imdb.com/images/M/MV5BMTk3OTAwNDQwOF5BMl5BanBnXkFtZTgwOTE0MzQxMDE@._V1_SX300.jpg", "imdb" : { "id" : "tt0086856", "rating" : 6.4, "votes" : 17154 }, "awards" : { "wins" : 0, "nominations" : 5, "text" : "5 nominations." }, "type" : "movie" }
{ "_id" : ObjectId("569190d024de1e0ce2dfcd80"), "title" : "The Extraordinary Adventures of Adèle Blanc-Sec", "year" : 2010, "rated" : "PG", "released" : ISODate("2010-04-14T04:00:00Z"), "runtime" : 107, "countries" : [ "France", "USA" ], "genres" : [ "Action", "Adventure", "Fantasy" ], "director" : "Luc Besson", "writers" : [ "Luc Besson", "Jacques Tardi" ], "actors" : [ "Louise Bourgoin", "Mathieu Amalric", "Gilles Lellouche", "Jean-Paul Rouve" ], "plot" : "An adventure set in the early part of the 20th century and focused on a popular novelist and her dealings with would-be suitors, the cops, monsters, and other distractions.", "poster" : "http://ia.media-imdb.com/images/M/MV5BMTcwNzc0ODc5N15BMl5BanBnXkFtZTcwNDI1MTY4NA@@._V1_SX300.jpg", "imdb" : { "id" : "tt1179025", "rating" : 6.3, "votes" : 14871 }, "awards" : { "wins" : 2, "nominations" : 1, "text" : "2 wins & 1 nomination." }, "type" : "movie" }
{ "_id" : ObjectId("569190d124de1e0ce2dfcd86"), "title" : "The Last Picture Show", "year" : 1971, "rated" : "R", "released" : ISODate("1971-10-22T04:00:00Z"), "runtime" : 118, "countries" : [ "USA" ], "genres" : [ "Drama" ], "director" : "Peter Bogdanovich", "writers" : [ "Larry McMurtry", "Peter Bogdanovich", "Larry McMurtry" ], "actors" : [ "Timothy Bottoms", "Jeff Bridges", "Cybill Shepherd", "Ben Johnson" ], "plot" : "A group of 1950s high schoolers come of age in a bleak, isolated, atrophied West Texas town that is slowly dying, both economically and culturally.", "poster" : "http://ia.media-imdb.com/images/M/MV5BNDkyNzQ1NzYzN15BMl5BanBnXkFtZTcwNjE5MDEwNw@@._V1._CR73.19999694824219,89.69999694824219,1196,1865.2000274658203_SX89_AL_.jpg_V1_SX300.jpg", "imdb" : { "id" : "tt0067328", "rating" : 8.1, "votes" : 29830 }, "awards" : { "wins" : 16, "nominations" : 22, "text" : "Won 2 Oscars. Another 16 wins & 22 nominations." }, "type" : "movie" }
{ "_id" : ObjectId("569190d124de1e0ce2dfcd87"), "title" : "The Greatest Show on Earth", "year" : 1952, "rated" : "NOT RATED", "released" : ISODate("1952-05-01T04:00:00Z"), "runtime" : 152, "countries" : [ "USA" ], "genres" : [ "Drama", "Family", "Romance" ], "director" : "Cecil B. DeMille", "writers" : [ "Fredric M. Frank", "Barré Lyndon", "Theodore St. John", "Fredric M. Frank", "Theodore St. John", "Frank Cavett" ], "actors" : [ "Betty Hutton", "Cornel Wilde", "Charlton Heston", "Dorothy Lamour" ], "plot" : "The dramatic lives of trapeze artists, a clown, and an elephant trainer against a background of circus spectacle.", "poster" : "http://ia.media-imdb.com/images/M/MV5BMTgzMTA1MDM5NV5BMl5BanBnXkFtZTgwNjg5NDc2MjE@._V1_SX300.jpg", "imdb" : { "id" : "tt0044672", "rating" : 6.7, "votes" : 8952 }, "awards" : { "wins" : 4, "nominations" : 5, "text" : "Won 2 Oscars. Another 4 wins & 5 nominations." }, "type" : "movie" }
{ "_id" : ObjectId("569190d124de1e0ce2dfcd88"), "title" : "There's No Business Like Show Business", "year" : 1954, "rated" : "APPROVED", "released" : ISODate("1954-12-16T05:00:00Z"), "runtime" : 117, "countries" : [ "USA" ], "genres" : [ "Comedy", "Drama", "Musical" ], "director" : "Walter Lang", "writers" : [ "Phoebe Ephron", "Henry Ephron", "Lamar Trotti" ], "actors" : [ "Ethel Merman", "Donald O'Connor", "Marilyn Monroe", "Dan Dailey" ], "plot" : "Molly and Terry Donahue, plus their three children, are The Five Donahues. Son Tim meets hat-check girl Vicky and the family act begins to fall apart.", "poster" : "http://ia.media-imdb.com/images/M/MV5BMTQ3ODk4NzIzM15BMl5BanBnXkFtZTcwODMyMTMyMQ@@._V1_SX300.jpg", "imdb" : { "id" : "tt0047574", "rating" : 6.5, "votes" : 3913 }, "awards" : { "wins" : 0, "nominations" : 1, "text" : "Nominated for 3 Oscars. Another 1 nomination." }, "type" : "movie" }
Type "it" for more
> 
------------



2017-06-08T12:26:22.933-0500	done
SriramRanganathan creating_documents.19433a6e0f5a $ mongo
MongoDB shell version v3.4.4
connecting to: mongodb://127.0.0.1:27017
MongoDB server version: 3.4.4
Server has startup warnings: 
2017-06-07T16:46:05.333-0500 I CONTROL  [initandlisten] 
2017-06-07T16:46:05.333-0500 I CONTROL  [initandlisten] ** WARNING: Access control is not enabled for the database.
2017-06-07T16:46:05.333-0500 I CONTROL  [initandlisten] **          Read and write access to data and configuration is unrestricted.
2017-06-07T16:46:05.333-0500 I CONTROL  [initandlisten] 
2017-06-07T16:46:05.333-0500 I CONTROL  [initandlisten] 
2017-06-07T16:46:05.334-0500 I CONTROL  [initandlisten] ** WARNING: soft rlimits too low. Number of files is 256, should be at least 1000
> ^C
bye
SriramRanganathan creating_documents.19433a6e0f5a $ 
SriramRanganathan creating_documents.19433a6e0f5a $ ls
dump				insertMany-unordered.js
insertMany-ordered-imdb-ids.js	insertOne.js
insertMany-ordered.js
SriramRanganathan creating_documents.19433a6e0f5a $ cd ..
SriramRanganathan Asgt $ mongo
MongoDB shell version v3.4.4
connecting to: mongodb://127.0.0.1:27017
MongoDB server version: 3.4.4
Server has startup warnings: 
2017-06-07T16:46:05.333-0500 I CONTROL  [initandlisten] 
2017-06-07T16:46:05.333-0500 I CONTROL  [initandlisten] ** WARNING: Access control is not enabled for the database.
2017-06-07T16:46:05.333-0500 I CONTROL  [initandlisten] **          Read and write access to data and configuration is unrestricted.
2017-06-07T16:46:05.333-0500 I CONTROL  [initandlisten] 
2017-06-07T16:46:05.333-0500 I CONTROL  [initandlisten] 
2017-06-07T16:46:05.334-0500 I CONTROL  [initandlisten] ** WARNING: soft rlimits too low. Number of files is 256, should be at least 1000
> show dbs
blog      0.078GB
local     0.078GB
m101      0.078GB
students  0.078GB
test      0.078GB
video     0.078GB
> use video
switched to db video
> show collections
movieDetails
movies
moviesScratch
reviews
system.indexes
> db.movieDetails.find({$or:[{"tomato.meter": {$gt:95}},{"metacritic":{$gt:88}}]}).pretty()
{
	"_id" : ObjectId("569190ca24de1e0ce2dfcd4f"),
	"title" : "Once Upon a Time in the West",
	"year" : 1968,
	"rated" : "PG-13",
	"released" : ISODate("1968-12-21T05:00:00Z"),
	"runtime" : 175,
	"countries" : [
		"Italy",
		"USA",
		"Spain"
	],
	"genres" : [
		"Western"
	],
	"director" : "Sergio Leone",
	"writers" : [
		"Sergio Donati",
		"Sergio Leone",
		"Dario Argento",
		"Bernardo Bertolucci",
		"Sergio Leone"
	],
	"actors" : [
		"Claudia Cardinale",
		"Henry Fonda",
		"Jason Robards",
		"Charles Bronson"
	],
	"plot" : "Epic story of a mysterious stranger with a harmonica who joins forces with a notorious desperado to protect a beautiful widow from a ruthless assassin working for the railroad.",
	"poster" : "http://ia.media-imdb.com/images/M/MV5BMTEyODQzNDkzNjVeQTJeQWpwZ15BbWU4MDgyODk1NDEx._V1_SX300.jpg",
	"imdb" : {
		"id" : "tt0064116",
		"rating" : 8.6,
		"votes" : 201283
	},
	"tomato" : {
		"meter" : 98,
		"image" : "certified",
		"rating" : 9,
		"reviews" : 54,
		"fresh" : 53,
		"consensus" : "A landmark Sergio Leone spaghetti western masterpiece featuring a classic Morricone score.",
		"userMeter" : 95,
		"userRating" : 4.3,
		"userReviews" : 64006
	},
	"metacritic" : 80,
	"awards" : {
		"wins" : 4,
		"nominations" : 5,
		"text" : "4 wins & 5 nominations."
	},
	"type" : "movie"
}
{
	"_id" : ObjectId("569190cc24de1e0ce2dfcd59"),
	"title" : "Star Wars: Episode IV - A New Hope",
	"year" : 1977,
	"rated" : "PG",
	"released" : ISODate("1977-05-25T04:00:00Z"),
	"runtime" : 121,
	"countries" : [
		"USA"
	],
	"genres" : [
		"Action",
		"Adventure",
		"Fantasy"
	],
	"director" : "George Lucas",
	"writers" : [
		"George Lucas"
	],
	"actors" : [
		"Mark Hamill",
		"Harrison Ford",
		"Carrie Fisher",
		"Peter Cushing"
	],
	"plot" : "Luke Skywalker joins forces with a Jedi Knight, a cocky pilot, a wookiee and two droids to save the universe from the Empire's world-destroying battle-station, while also attempting to rescue Princess Leia from the evil Darth Vader.",
	"poster" : "http://ia.media-imdb.com/images/M/MV5BMTU4NTczODkwM15BMl5BanBnXkFtZTcwMzEyMTIyMw@@._V1_SX300.jpg",
	"imdb" : {
		"id" : "tt0076759",
		"rating" : 8.7,
		"votes" : 822849
	},
	"tomato" : {
		"meter" : 94,
		"image" : "certified",
		"rating" : 8.5,
		"reviews" : 99,
		"fresh" : 93,
		"consensus" : "A legendarily expansive and ambitious start to the sci-fi saga, George Lucas opened our eyes to the possibilities of blockbuster filmmaking and things have never been the same.",
		"userMeter" : 96,
		"userRating" : 4.1,
		"userReviews" : 851120
	},
	"metacritic" : 92,
	"awards" : {
		"wins" : 38,
		"nominations" : 27,
		"text" : "Won 6 Oscars. Another 38 wins & 27 nominations."
	},
	"type" : "movie"
}
{
	"_id" : ObjectId("569190cd24de1e0ce2dfcd63"),
	"title" : "Dr. Strangelove or: How I Learned to Stop Worrying and Love the Bomb",
	"year" : 1964,
	"rated" : "PG",
	"released" : ISODate("1964-01-29T05:00:00Z"),
	"runtime" : 95,
	"countries" : [
		"USA",
		"UK"
	],
	"genres" : [
		"Comedy"
	],
	"director" : "Stanley Kubrick",
	"writers" : [
		"Stanley Kubrick",
		"Terry Southern",
		"Peter George",
		"Peter George"
	],
	"actors" : [
		"Peter Sellers",
		"George C. Scott",
		"Sterling Hayden",
		"Keenan Wynn"
	],
	"plot" : "An insane general triggers a path to nuclear holocaust that a war room full of politicians and generals frantically try to stop.",
	"poster" : "http://ia.media-imdb.com/images/M/MV5BMTU2ODM2NTkxNF5BMl5BanBnXkFtZTcwOTMwMzU3Mg@@._V1_SX300.jpg",
	"imdb" : {
		"id" : "tt0057012",
		"rating" : 8.5,
		"votes" : 323857
	},
	"tomato" : {
		"meter" : 99,
		"image" : "certified",
		"rating" : 9,
		"reviews" : 68,
		"fresh" : 67,
		"consensus" : "Stanley Kubrick's brilliant Cold War satire remains as funny and razor-sharp today as it was in 1964.",
		"userMeter" : 94,
		"userRating" : 4.2,
		"userReviews" : 206480
	},
	"metacritic" : 96,
	"awards" : {
		"wins" : 13,
		"nominations" : 6,
		"text" : "Nominated for 4 Oscars. Another 13 wins & 6 nominations."
	},
	"type" : "movie"
}
{
	"_id" : ObjectId("569190ce24de1e0ce2dfcd6d"),
	"title" : "2001: A Space Odyssey",
	"year" : 1968,
	"rated" : "G",
	"released" : ISODate("1968-05-15T04:00:00Z"),
	"runtime" : 149,
	"countries" : [
		"USA",
		"UK"
	],
	"genres" : [
		"Mystery",
		"Sci-Fi"
	],
	"director" : "Stanley Kubrick",
	"writers" : [
		"Stanley Kubrick",
		"Arthur C. Clarke"
	],
	"actors" : [
		"Keir Dullea",
		"Gary Lockwood",
		"William Sylvester",
		"Daniel Richter"
	],
	"plot" : "Humanity finds a mysterious, obviously artificial object buried beneath the Lunar surface and, with the intelligent computer H.A.L. 9000, sets off on a quest.",
	"poster" : "http://ia.media-imdb.com/images/M/MV5BNDYyMDgxNDQ5Nl5BMl5BanBnXkFtZTcwMjc1ODg3OA@@._V1_SX300.jpg",
	"imdb" : {
		"id" : "tt0062622",
		"rating" : 8.3,
		"votes" : 396824
	},
	"tomato" : {
		"meter" : 96,
		"image" : "certified",
		"rating" : 9.2,
		"reviews" : 70,
		"fresh" : 67,
		"consensus" : "One of the most influential of all sci-fi films -- and one of the most controversial -- Stanley Kubrick's 2001 is a delicate, poetic meditation on the ingenuity -- and folly -- of mankind.",
		"userMeter" : 89,
		"userRating" : 3.8,
		"userReviews" : 294447
	},
	"metacritic" : 86,
	"awards" : {
		"wins" : 13,
		"nominations" : 7,
		"text" : "Won 1 Oscar. Another 13 wins & 7 nominations."
	},
	"type" : "movie"
}
{
	"_id" : ObjectId("569190d024de1e0ce2dfcd79"),
	"title" : "The Adventures of Robin Hood",
	"year" : 1938,
	"rated" : "PG",
	"released" : ISODate("1938-05-14T04:00:00Z"),
	"runtime" : 102,
	"countries" : [
		"USA"
	],
	"genres" : [
		"Action",
		"Adventure",
		"Romance"
	],
	"director" : "Michael Curtiz, William Keighley",
	"writers" : [
		"Norman Reilly Raine",
		"Seton I. Miller"
	],
	"actors" : [
		"Errol Flynn",
		"Olivia de Havilland",
		"Basil Rathbone",
		"Claude Rains"
	],
	"plot" : "When Prince John and the Norman Lords begin oppressing the Saxon masses in King Richard's absence, a Saxon lord fights back as the outlaw leader of a rebel guerrilla army.",
	"poster" : "http://ia.media-imdb.com/images/M/MV5BMTUxMzE0MjI0MF5BMl5BanBnXkFtZTcwMTQ1OTM2MQ@@._V1_SX300.jpg",
	"imdb" : {
		"id" : "tt0029843",
		"rating" : 8,
		"votes" : 37543
	},
	"tomato" : {
		"meter" : 100,
		"image" : "certified",
		"rating" : 8.9,
		"reviews" : 44,
		"fresh" : 44,
		"consensus" : "Errol Flynn thrills as the legendary title character, and the film embodies the type of imaginative family adventure tailor-made for the silver screen.",
		"userMeter" : 89,
		"userRating" : 3.7,
		"userReviews" : 33282
	},
	"metacritic" : 97,
	"awards" : {
		"wins" : 2,
		"nominations" : 2,
		"text" : "Won 3 Oscars. Another 2 wins & 2 nominations."
	},
	"type" : "movie"
}
{
	"_id" : ObjectId("569190d124de1e0ce2dfcd81"),
	"title" : "The Truman Show",
	"year" : 1998,
	"rated" : "PG",
	"released" : ISODate("1998-06-05T04:00:00Z"),
	"runtime" : 103,
	"countries" : [
		"USA"
	],
	"genres" : [
		"Drama"
	],
	"director" : "Peter Weir",
	"writers" : [
		"Andrew Niccol"
	],
	"actors" : [
		"Jim Carrey",
		"Laura Linney",
		"Noah Emmerich",
		"Natascha McElhone"
	],
	"plot" : "An insurance salesman/adjuster discovers his entire life is actually a T.V. show.",
	"poster" : "http://ia.media-imdb.com/images/M/MV5BMTg4NTU3NTAyMF5BMl5BanBnXkFtZTgwNjYwNzc3NjE@._V1_SX300.jpg",
	"imdb" : {
		"id" : "tt0120382",
		"rating" : 8.1,
		"votes" : 613430
	},
	"tomato" : {
		"meter" : 94,
		"image" : "certified",
		"rating" : 8.4,
		"reviews" : 125,
		"fresh" : 118,
		"consensus" : "A funny, tender, and thought-provoking film, The Truman Show is all the more noteworthy for its remarkably prescient vision of runaway celebrity culture and a nation with an insatiable thirst for the private details of ordinary lives.",
		"userMeter" : 88,
		"userRating" : 3.5,
		"userReviews" : 580012
	},
	"metacritic" : 90,
	"awards" : {
		"wins" : 35,
		"nominations" : 65,
		"text" : "Nominated for 3 Oscars. Another 35 wins & 65 nominations."
	},
	"type" : "movie"
}
{
	"_id" : ObjectId("569190d124de1e0ce2dfcd83"),
	"title" : "Quiz Show",
	"year" : 1994,
	"rated" : "PG-13",
	"released" : ISODate("1994-10-07T04:00:00Z"),
	"runtime" : 133,
	"countries" : [
		"USA"
	],
	"genres" : [
		"Drama",
		"History"
	],
	"director" : "Robert Redford",
	"writers" : [
		"Paul Attanasio",
		"Richard N. Goodwin"
	],
	"actors" : [
		"John Turturro",
		"Rob Morrow",
		"Ralph Fiennes",
		"Paul Scofield"
	],
	"plot" : "A young lawyer, Richard Goodwin, investigates a potentially fixed game show. Charles Van Doren, a big time show winner, is under Goodwin's investigation.",
	"poster" : "http://ia.media-imdb.com/images/M/MV5BMTc2NTU3MTY4Nl5BMl5BanBnXkFtZTcwNTc1NzkxMQ@@._V1_SX300.jpg",
	"imdb" : {
		"id" : "tt0110932",
		"rating" : 7.5,
		"votes" : 51692
	},
	"tomato" : {
		"meter" : 96,
		"image" : "certified",
		"rating" : 8.2,
		"reviews" : 53,
		"fresh" : 51,
		"consensus" : "Robert Redford refracts the sociopolitical and moral issues posed by the subject material through a purely entertaining, well-acted lens.",
		"userMeter" : 86,
		"userRating" : 3.6,
		"userReviews" : 30669
	},
	"metacritic" : 88,
	"awards" : {
		"wins" : 5,
		"nominations" : 23,
		"text" : "Nominated for 4 Oscars. Another 5 wins & 23 nominations."
	},
	"type" : "movie"
}
{
	"_id" : ObjectId("569190d224de1e0ce2dfcd91"),
	"title" : "Evil Dead II",
	"year" : 1987,
	"rated" : "X",
	"released" : ISODate("1987-03-13T05:00:00Z"),
	"runtime" : 84,
	"countries" : [
		"USA"
	],
	"genres" : [
		"Comedy",
		"Horror"
	],
	"director" : "Sam Raimi",
	"writers" : [
		"Sam Raimi",
		"Scott Spiegel"
	],
	"actors" : [
		"Bruce Campbell",
		"Sarah Berry",
		"Dan Hicks",
		"Kassie Wesley DePaiva"
	],
	"plot" : "The lone survivor of an onslaught of flesh-possessing spirits holds up in a cabin with a group of strangers while the demons continue their attack.",
	"poster" : "http://ia.media-imdb.com/images/M/MV5BMTA4Nzg5MjMwNzFeQTJeQWpwZ15BbWU4MDA2NDg4MDcx._V1_SX300.jpg",
	"imdb" : {
		"id" : "tt0092991",
		"rating" : 7.8,
		"votes" : 106566
	},
	"tomato" : {
		"meter" : 98,
		"image" : "certified",
		"rating" : 8,
		"reviews" : 52,
		"fresh" : 51,
		"consensus" : "Evil Dead 2's increased special effects and slapstick-gore makes it as good -- if not better -- than the original.",
		"userMeter" : 89,
		"userRating" : 3.8,
		"userReviews" : 146840
	},
	"metacritic" : 69,
	"awards" : {
		"wins" : 0,
		"nominations" : 5,
		"text" : "5 nominations."
	},
	"type" : "movie"
}
{
	"_id" : ObjectId("5692a13c24de1e0ce2dfceaf"),
	"title" : "Alien",
	"year" : 1979,
	"rated" : "R",
	"released" : ISODate("1979-06-22T04:00:00Z"),
	"runtime" : 117,
	"countries" : [
		"USA",
		"UK"
	],
	"genres" : [
		"Horror",
		"Sci-Fi"
	],
	"director" : "Ridley Scott",
	"writers" : [
		"Dan O'Bannon",
		"Ronald Shusett",
		"Dan O'Bannon"
	],
	"actors" : [
		"Tom Skerritt",
		"Sigourney Weaver",
		"Veronica Cartwright",
		"Harry Dean Stanton"
	],
	"plot" : "The commercial vessel Nostromo receives a distress call from an unexplored planet. After searching for survivors, the crew heads home only to realize that a deadly bioform has joined them.",
	"poster" : "http://ia.media-imdb.com/images/M/MV5BMTU1ODQ4NjQyOV5BMl5BanBnXkFtZTgwOTQ3NDU2MTE@._V1_SX300.jpg",
	"imdb" : {
		"id" : "tt0078748",
		"rating" : 8.5,
		"votes" : 527017
	},
	"tomato" : {
		"meter" : 97,
		"image" : "certified",
		"rating" : 9,
		"reviews" : 100,
		"fresh" : 97,
		"consensus" : "A modern classic, Alien blends science fiction, horror and bleak poetry into a seamless whole.",
		"userMeter" : 94,
		"userRating" : 3.9,
		"userReviews" : 453948
	},
	"metacritic" : 83,
	"awards" : {
		"wins" : 15,
		"nominations" : 19,
		"text" : "Won 1 Oscar. Another 15 wins & 19 nominations."
	},
	"type" : "movie"
}
{
	"_id" : ObjectId("5692a13d24de1e0ce2dfcec2"),
	"title" : "The Kid with a Bike",
	"year" : 2011,
	"rated" : "PG-13",
	"released" : ISODate("2011-05-18T04:00:00Z"),
	"runtime" : 87,
	"countries" : [
		"Belgium",
		"France",
		"Italy"
	],
	"genres" : [
		"Drama"
	],
	"director" : "Jean-Pierre Dardenne, Luc Dardenne",
	"writers" : [
		"Jean-Pierre Dardenne",
		"Luc Dardenne"
	],
	"actors" : [
		"Thomas Doret",
		"Cécile De France",
		"Jérémie Renier",
		"Fabrizio Rongione"
	],
	"plot" : "Abandoned by his father, a young boy is left in a state-run youth farm. In a random act of kindness, the town hair-dresser agrees to foster him on week-ends.",
	"poster" : "http://ia.media-imdb.com/images/M/MV5BMTQ3OTE3MzAyMl5BMl5BanBnXkFtZTcwNDU1OTIzNw@@._V1_SX300.jpg",
	"imdb" : {
		"id" : "tt1827512",
		"rating" : 7.4,
		"votes" : 20159
	},
	"tomato" : {
		"meter" : 96,
		"image" : "certified",
		"rating" : 8,
		"reviews" : 119,
		"fresh" : 114,
		"consensus" : "Thanks to the Dardenne brothers' typically fine direction, The Kid with a Bike is a heart-wrenching, thematically and spiritually rich drama.",
		"userMeter" : 76,
		"userRating" : 3.8,
		"userReviews" : 25099
	},
	"metacritic" : 87,
	"awards" : {
		"wins" : 9,
		"nominations" : 26,
		"text" : "Nominated for 1 Golden Globe. Another 9 wins & 26 nominations."
	},
	"type" : "movie"
}
{
	"_id" : ObjectId("5692a14024de1e0ce2dfced9"),
	"title" : "Drugstore Cowboy",
	"year" : 1989,
	"rated" : "R",
	"released" : ISODate("1989-10-20T04:00:00Z"),
	"runtime" : 102,
	"countries" : [
		"USA"
	],
	"genres" : [
		"Crime",
		"Drama"
	],
	"director" : "Gus Van Sant",
	"writers" : [
		"James Fogle",
		"Gus Van Sant",
		"Daniel Yost"
	],
	"actors" : [
		"Matt Dillon",
		"Kelly Lynch",
		"James Le Gros",
		"Heather Graham"
	],
	"plot" : "A pharmacy-robbing dope fiend and his crew pop pills and evade the law.",
	"poster" : "http://ia.media-imdb.com/images/M/MV5BMTQyNjA0MTYzNV5BMl5BanBnXkFtZTcwMDQ5NjU0MQ@@._V1_SX300.jpg",
	"imdb" : {
		"id" : "tt0097240",
		"rating" : 7.4,
		"votes" : 24373
	},
	"tomato" : {
		"meter" : 100,
		"image" : "fresh",
		"rating" : 8,
		"reviews" : 27,
		"fresh" : 27,
		"consensus" : null,
		"userMeter" : 85,
		"userRating" : 3.7,
		"userReviews" : 22398
	},
	"metacritic" : 82,
	"awards" : {
		"wins" : 11,
		"nominations" : 7,
		"text" : "11 wins & 7 nominations."
	},
	"type" : "movie"
}
{
	"_id" : ObjectId("5692a14a24de1e0ce2dfcf39"),
	"title" : "Raiders of the Lost Ark",
	"year" : 1981,
	"rated" : "PG",
	"released" : ISODate("1981-06-12T04:00:00Z"),
	"runtime" : 115,
	"countries" : [
		"USA"
	],
	"genres" : [
		"Action",
		"Adventure"
	],
	"director" : "Steven Spielberg",
	"writers" : [
		"Lawrence Kasdan",
		"George Lucas",
		"Philip Kaufman"
	],
	"actors" : [
		"Harrison Ford",
		"Karen Allen",
		"Paul Freeman",
		"Ronald Lacey"
	],
	"plot" : "Archaeologist and adventurer Indiana Jones is hired by the US government to find the Ark of the Covenant before the Nazis.",
	"poster" : "http://ia.media-imdb.com/images/M/MV5BMjA0ODEzMTc1Nl5BMl5BanBnXkFtZTcwODM2MjAxNA@@._V1_SX300.jpg",
	"imdb" : {
		"id" : "tt0082971",
		"rating" : 8.5,
		"votes" : 616230
	},
	"tomato" : {
		"meter" : 96,
		"image" : "certified",
		"rating" : 9.2,
		"reviews" : 67,
		"fresh" : 64,
		"consensus" : "Featuring bravura set pieces, sly humor, and white-knuckle action, Raiders of the Lost Ark is one of the most consummately entertaining adventure pictures of all time.",
		"userMeter" : 96,
		"userRating" : 4.1,
		"userReviews" : 822379
	},
	"metacritic" : 90,
	"awards" : {
		"wins" : 28,
		"nominations" : 23,
		"text" : "Won 4 Oscars. Another 28 wins & 23 nominations."
	},
	"type" : "movie"
}
{
	"_id" : ObjectId("5692a14a24de1e0ce2dfcf3a"),
	"title" : "Lost in Translation",
	"year" : 2003,
	"rated" : "R",
	"released" : ISODate("2003-10-03T04:00:00Z"),
	"runtime" : 101,
	"countries" : [
		"USA",
		"Japan"
	],
	"genres" : [
		"Drama"
	],
	"director" : "Sofia Coppola",
	"writers" : [
		"Sofia Coppola"
	],
	"actors" : [
		"Scarlett Johansson",
		"Bill Murray",
		"Akiko Takeshita",
		"Kazuyoshi Minamimagoe"
	],
	"plot" : "A faded movie star and a neglected young woman form an unlikely bond after crossing paths in Tokyo.",
	"poster" : "http://ia.media-imdb.com/images/M/MV5BMTI2NDI5ODk4N15BMl5BanBnXkFtZTYwMTI3NTE3._V1_SX300.jpg",
	"imdb" : {
		"id" : "tt0335266",
		"rating" : 7.8,
		"votes" : 307195
	},
	"tomato" : {
		"meter" : 95,
		"image" : "certified",
		"rating" : 8.4,
		"reviews" : 222,
		"fresh" : 211,
		"consensus" : "Effectively balancing humor and subtle pathos, Sofia Coppola crafts a moving, melancholy story that serves as a showcase for both Bill Murray and Scarlett Johansson.",
		"userMeter" : 86,
		"userRating" : 3.6,
		"userReviews" : 334615
	},
	"metacritic" : 89,
	"awards" : {
		"wins" : 90,
		"nominations" : 100,
		"text" : "Won 1 Oscar. Another 90 wins & 100 nominations."
	},
	"type" : "movie"
}
{
	"_id" : ObjectId("5692a14f24de1e0ce2dfcf64"),
	"title" : "Big",
	"year" : 1988,
	"rated" : "PG",
	"released" : ISODate("1988-06-03T04:00:00Z"),
	"runtime" : 104,
	"countries" : [
		"USA"
	],
	"genres" : [
		"Comedy",
		"Drama",
		"Fantasy"
	],
	"director" : "Penny Marshall",
	"writers" : [
		"Gary Ross",
		"Anne Spielberg"
	],
	"actors" : [
		"Tom Hanks",
		"Elizabeth Perkins",
		"Robert Loggia",
		"John Heard"
	],
	"plot" : "When a boy wishes to be big at a magic wish machine, he wakes up the next morning and finds himself in an adult body.",
	"poster" : "http://ia.media-imdb.com/images/M/MV5BNDk0OTM1Mzk3M15BMl5BanBnXkFtZTgwNDg2NjIyMDE@._V1_SX300.jpg",
	"imdb" : {
		"id" : "tt0094737",
		"rating" : 7.3,
		"votes" : 143457
	},
	"tomato" : {
		"meter" : 97,
		"image" : "certified",
		"rating" : 7.9,
		"reviews" : 71,
		"fresh" : 69,
		"consensus" : "Refreshingly sweet and undeniably funny, Big is a showcase for Tom Hanks, who dives into his role and infuses it with charm and surprising poignancy.",
		"userMeter" : 82,
		"userRating" : 3.5,
		"userReviews" : 400342
	},
	"metacritic" : 72,
	"awards" : {
		"wins" : 11,
		"nominations" : 12,
		"text" : "Nominated for 2 Oscars. Another 11 wins & 12 nominations."
	},
	"type" : "movie"
}
{
	"_id" : ObjectId("5692a15124de1e0ce2dfcf7d"),
	"title" : "Groundhog Day",
	"year" : 1993,
	"rated" : "PG",
	"released" : ISODate("1993-02-12T05:00:00Z"),
	"runtime" : 101,
	"countries" : [
		"USA"
	],
	"genres" : [
		"Comedy",
		"Fantasy",
		"Romance"
	],
	"director" : "Harold Ramis",
	"writers" : [
		"Danny Rubin",
		"Harold Ramis",
		"Danny Rubin"
	],
	"actors" : [
		"Bill Murray",
		"Andie MacDowell",
		"Chris Elliott",
		"Stephen Tobolowsky"
	],
	"plot" : "A weatherman finds himself living the same day over and over again.",
	"poster" : "http://ia.media-imdb.com/images/M/MV5BMTU0MzQyNTExMV5BMl5BanBnXkFtZTgwMjA0Njk1MDE@._V1_SX300.jpg",
	"imdb" : {
		"id" : "tt0107048",
		"rating" : 8.1,
		"votes" : 407743
	},
	"tomato" : {
		"meter" : 96,
		"image" : "certified",
		"rating" : 8,
		"reviews" : 71,
		"fresh" : 68,
		"consensus" : "Smart, sweet, and inventive, Groundhog Day highlights Murray's dramatic gifts while still leaving plenty of room for laughs.",
		"userMeter" : 87,
		"userRating" : 3.4,
		"userReviews" : 413672
	},
	"metacritic" : 72,
	"awards" : {
		"wins" : 5,
		"nominations" : 8,
		"text" : "Won 1 BAFTA Film Award. Another 5 wins & 8 nominations."
	},
	"type" : "movie"
}
{
	"_id" : ObjectId("5692a15324de1e0ce2dfcf93"),
	"title" : "The Night of the Hunter",
	"year" : 1955,
	"rated" : "APPROVED",
	"released" : ISODate("1955-11-24T05:00:00Z"),
	"runtime" : 92,
	"countries" : [
		"USA"
	],
	"genres" : [
		"Crime",
		"Drama",
		"Film-Noir"
	],
	"director" : "Charles Laughton, Robert Mitchum, Terry Sanders",
	"writers" : [
		"Davis Grubb",
		"James Agee"
	],
	"actors" : [
		"Robert Mitchum",
		"Shelley Winters",
		"Lillian Gish",
		"James Gleason"
	],
	"plot" : "A religious fanatic marries a gullible widow whose young children are reluctant to tell him where their real daddy hid $10,000 he'd stolen in a robbery.",
	"poster" : "http://ia.media-imdb.com/images/M/MV5BMTExODUyNTY4OTNeQTJeQWpwZ15BbWU3MDI5NjY2MTQ@._V1_SX300.jpg",
	"imdb" : {
		"id" : "tt0048424",
		"rating" : 8.1,
		"votes" : 60824
	},
	"tomato" : {
		"meter" : 98,
		"image" : "certified",
		"rating" : 9,
		"reviews" : 62,
		"fresh" : 61,
		"consensus" : "Featuring Robert Mitchum's formidable performance as child-hunting preacher, The Night of the Hunter is a disturbing look at good and evil.",
		"userMeter" : 90,
		"userRating" : 4.2,
		"userReviews" : 23895
	},
	"metacritic" : 99,
	"awards" : {
		"wins" : 1,
		"nominations" : 0,
		"text" : "1 win."
	},
	"type" : "movie"
}
{
	"_id" : ObjectId("5692a15524de1e0ce2dfcfa2"),
	"title" : "Toy Story",
	"year" : 1995,
	"rated" : "G",
	"released" : ISODate("1995-11-22T05:00:00Z"),
	"runtime" : 81,
	"countries" : [
		"USA"
	],
	"genres" : [
		"Animation",
		"Adventure",
		"Comedy"
	],
	"director" : "John Lasseter",
	"writers" : [
		"John Lasseter",
		"Pete Docter",
		"Andrew Stanton",
		"Joe Ranft",
		"Joss Whedon",
		"Andrew Stanton",
		"Joel Cohen",
		"Alec Sokolow"
	],
	"actors" : [
		"Tom Hanks",
		"Tim Allen",
		"Don Rickles",
		"Jim Varney"
	],
	"plot" : "A cowboy doll is profoundly threatened and jealous when a new spaceman figure supplants him as top toy in a boy's room.",
	"poster" : "http://ia.media-imdb.com/images/M/MV5BMTgwMjI4MzU5N15BMl5BanBnXkFtZTcwMTMyNTk3OA@@._V1_SX300.jpg",
	"imdb" : {
		"id" : "tt0114709",
		"rating" : 8.3,
		"votes" : 574251
	},
	"tomato" : {
		"meter" : 100,
		"image" : "certified",
		"rating" : 9,
		"reviews" : 78,
		"fresh" : 78,
		"consensus" : "Entertaining as it is innovative, Toy Story reinvigorated animation while heralding the arrival of Pixar as a family-friendly force to be reckoned with.",
		"userMeter" : 92,
		"userRating" : 3.7,
		"userReviews" : 1104709
	},
	"metacritic" : 92,
	"awards" : {
		"wins" : 22,
		"nominations" : 17,
		"text" : "Nominated for 3 Oscars. Another 22 wins & 17 nominations."
	},
	"type" : "movie"
}
{
	"_id" : ObjectId("5692a15524de1e0ce2dfcfa3"),
	"title" : "Toy Story 3",
	"year" : 2010,
	"rated" : "G",
	"released" : ISODate("2010-06-18T04:00:00Z"),
	"runtime" : 103,
	"countries" : [
		"USA"
	],
	"genres" : [
		"Animation",
		"Adventure",
		"Comedy"
	],
	"director" : "Lee Unkrich",
	"writers" : [
		"John Lasseter",
		"Andrew Stanton",
		"Lee Unkrich",
		"Michael Arndt"
	],
	"actors" : [
		"Tom Hanks",
		"Tim Allen",
		"Joan Cusack",
		"Ned Beatty"
	],
	"plot" : "The toys are mistakenly delivered to a day-care center instead of the attic right before Andy leaves for college, and it's up to Woody to convince the other toys that they weren't abandoned and to return home.",
	"poster" : "http://ia.media-imdb.com/images/M/MV5BMTgxOTY4Mjc0MF5BMl5BanBnXkFtZTcwNTA4MDQyMw@@._V1_SX300.jpg",
	"imdb" : {
		"id" : "tt0435761",
		"rating" : 8.4,
		"votes" : 500084
	},
	"tomato" : {
		"meter" : 99,
		"image" : "certified",
		"rating" : 8.9,
		"reviews" : 287,
		"fresh" : 283,
		"consensus" : "Deftly blending comedy, adventure, and honest emotion, Toy Story 3 is a rare second sequel that really works.",
		"userMeter" : 89,
		"userRating" : 4.3,
		"userReviews" : 602138
	},
	"metacritic" : 92,
	"awards" : {
		"wins" : 56,
		"nominations" : 86,
		"text" : "Won 2 Oscars. Another 56 wins & 86 nominations."
	},
	"type" : "movie"
}
{
	"_id" : ObjectId("5692a15524de1e0ce2dfcfa4"),
	"title" : "Toy Story 2",
	"year" : 1999,
	"rated" : "G",
	"released" : ISODate("1999-11-24T05:00:00Z"),
	"runtime" : 92,
	"countries" : [
		"USA"
	],
	"genres" : [
		"Animation",
		"Adventure",
		"Comedy"
	],
	"director" : "John Lasseter, Ash Brannon, Lee Unkrich",
	"writers" : [
		"John Lasseter",
		"Pete Docter",
		"Ash Brannon",
		"Andrew Stanton",
		"Andrew Stanton",
		"Rita Hsiao",
		"Doug Chamberlin",
		"Chris Webb"
	],
	"actors" : [
		"Tom Hanks",
		"Tim Allen",
		"Joan Cusack",
		"Kelsey Grammer"
	],
	"plot" : "When Woody is stolen by a toy collector, Buzz and his friends vow to rescue him, but Woody finds the idea of immortality in a museum tempting.",
	"poster" : "http://ia.media-imdb.com/images/M/MV5BMTQ0OTU0NTcyNl5BMl5BanBnXkFtZTcwOTk5Mjc4OA@@._V1_SX300.jpg",
	"imdb" : {
		"id" : "tt0120363",
		"rating" : 7.9,
		"votes" : 361538
	},
	"tomato" : {
		"meter" : 100,
		"image" : "certified",
		"rating" : 8.6,
		"reviews" : 163,
		"fresh" : 163,
		"consensus" : "The rare sequel that arguably improves on its predecessor, Toy Story 2 uses inventive storytelling, gorgeous animation, and a talented cast to deliver another rich moviegoing experience for all ages.",
		"userMeter" : 86,
		"userRating" : 3.5,
		"userReviews" : 995597
	},
	"metacritic" : 88,
	"awards" : {
		"wins" : 20,
		"nominations" : 27,
		"text" : "Nominated for 1 Oscar. Another 20 wins & 27 nominations."
	},
	"type" : "movie"
}
{
	"_id" : ObjectId("5692a15524de1e0ce2dfcfaa"),
	"title" : "The Straight Story",
	"year" : 1999,
	"rated" : "G",
	"released" : ISODate("1999-11-03T05:00:00Z"),
	"runtime" : 112,
	"countries" : [
		"France",
		"UK",
		"USA"
	],
	"genres" : [
		"Biography",
		"Drama"
	],
	"director" : "David Lynch",
	"writers" : [
		"John Roach",
		"Mary Sweeney"
	],
	"actors" : [
		"Sissy Spacek",
		"Jane Galloway Heitz",
		"Joseph A. Carpenter",
		"Donald Wiegert"
	],
	"plot" : "An old man makes a long journey by lawn-mover tractor to mend his relationship with an ill brother.",
	"poster" : "http://ia.media-imdb.com/images/M/MV5BMTMzNDYyNjQ5NV5BMl5BanBnXkFtZTYwNTk4NjA5._V1_SX300.jpg",
	"imdb" : {
		"id" : "tt0166896",
		"rating" : 8,
		"votes" : 61480
	},
	"tomato" : {
		"meter" : 96,
		"image" : "certified",
		"rating" : 8.1,
		"reviews" : 89,
		"fresh" : 85,
		"consensus" : "Slow-paced but heart-warming.",
		"userMeter" : 91,
		"userRating" : 4,
		"userReviews" : 30716
	},
	"metacritic" : 86,
	"awards" : {
		"wins" : 13,
		"nominations" : 35,
		"text" : "Nominated for 1 Oscar. Another 13 wins & 35 nominations."
	},
	"type" : "movie"
}
Type "it" for more
> show collection

